Archive member included to satisfy reference by file (symbol)

d:/progra~1/stmicr~1/stm32c~1/stm32c~1/gcc-ar~1/bin/../lib/gcc/arm-none-eabi/9.3.1/../../../../arm-none-eabi/lib/thumb/v7-m/nofp\libg_nano.a(lib_a-errno.o)
                              CMakeFiles/f1_demo.elf.dir/Src/syscalls.c.obj (__errno)
d:/progra~1/stmicr~1/stm32c~1/stm32c~1/gcc-ar~1/bin/../lib/gcc/arm-none-eabi/9.3.1/../../../../arm-none-eabi/lib/thumb/v7-m/nofp\libg_nano.a(lib_a-exit.o)
                              d:/progra~1/stmicr~1/stm32c~1/stm32c~1/gcc-ar~1/bin/../lib/gcc/arm-none-eabi/9.3.1/../../../../arm-none-eabi/lib/thumb/v7-m/nofp/crt0.o (exit)
d:/progra~1/stmicr~1/stm32c~1/stm32c~1/gcc-ar~1/bin/../lib/gcc/arm-none-eabi/9.3.1/../../../../arm-none-eabi/lib/thumb/v7-m/nofp\libg_nano.a(lib_a-impure.o)
                              d:/progra~1/stmicr~1/stm32c~1/stm32c~1/gcc-ar~1/bin/../lib/gcc/arm-none-eabi/9.3.1/../../../../arm-none-eabi/lib/thumb/v7-m/nofp\libg_nano.a(lib_a-exit.o) (_global_impure_ptr)
d:/progra~1/stmicr~1/stm32c~1/stm32c~1/gcc-ar~1/bin/../lib/gcc/arm-none-eabi/9.3.1/../../../../arm-none-eabi/lib/thumb/v7-m/nofp\libg_nano.a(lib_a-init.o)
                              d:/progra~1/stmicr~1/stm32c~1/stm32c~1/gcc-ar~1/bin/../lib/gcc/arm-none-eabi/9.3.1/../../../../arm-none-eabi/lib/thumb/v7-m/nofp/crt0.o (__libc_init_array)
d:/progra~1/stmicr~1/stm32c~1/stm32c~1/gcc-ar~1/bin/../lib/gcc/arm-none-eabi/9.3.1/../../../../arm-none-eabi/lib/thumb/v7-m/nofp\libg_nano.a(lib_a-memset.o)
                              d:/progra~1/stmicr~1/stm32c~1/stm32c~1/gcc-ar~1/bin/../lib/gcc/arm-none-eabi/9.3.1/../../../../arm-none-eabi/lib/thumb/v7-m/nofp/crt0.o (memset)
d:/progra~1/stmicr~1/stm32c~1/stm32c~1/gcc-ar~1/bin/../lib/gcc/arm-none-eabi/9.3.1/../../../../arm-none-eabi/lib/thumb/v7-m/nofp\libg_nano.a(lib_a-printf.o)
                              CMakeFiles/f1_demo.elf.dir/Src/Rx433Lin.c.obj (printf)
d:/progra~1/stmicr~1/stm32c~1/stm32c~1/gcc-ar~1/bin/../lib/gcc/arm-none-eabi/9.3.1/../../../../arm-none-eabi/lib/thumb/v7-m/nofp\libg_nano.a(lib_a-findfp.o)
                              d:/progra~1/stmicr~1/stm32c~1/stm32c~1/gcc-ar~1/bin/../lib/gcc/arm-none-eabi/9.3.1/../../../../arm-none-eabi/lib/thumb/v7-m/nofp\libg_nano.a(lib_a-printf.o) (__sinit)
d:/progra~1/stmicr~1/stm32c~1/stm32c~1/gcc-ar~1/bin/../lib/gcc/arm-none-eabi/9.3.1/../../../../arm-none-eabi/lib/thumb/v7-m/nofp\libg_nano.a(lib_a-fwalk.o)
                              d:/progra~1/stmicr~1/stm32c~1/stm32c~1/gcc-ar~1/bin/../lib/gcc/arm-none-eabi/9.3.1/../../../../arm-none-eabi/lib/thumb/v7-m/nofp\libg_nano.a(lib_a-findfp.o) (_fwalk)
d:/progra~1/stmicr~1/stm32c~1/stm32c~1/gcc-ar~1/bin/../lib/gcc/arm-none-eabi/9.3.1/../../../../arm-none-eabi/lib/thumb/v7-m/nofp\libg_nano.a(lib_a-lock.o)
                              d:/progra~1/stmicr~1/stm32c~1/stm32c~1/gcc-ar~1/bin/../lib/gcc/arm-none-eabi/9.3.1/../../../../arm-none-eabi/lib/thumb/v7-m/nofp\libg_nano.a(lib_a-findfp.o) (__retarget_lock_init_recursive)
d:/progra~1/stmicr~1/stm32c~1/stm32c~1/gcc-ar~1/bin/../lib/gcc/arm-none-eabi/9.3.1/../../../../arm-none-eabi/lib/thumb/v7-m/nofp\libg_nano.a(lib_a-nano-mallocr.o)
                              d:/progra~1/stmicr~1/stm32c~1/stm32c~1/gcc-ar~1/bin/../lib/gcc/arm-none-eabi/9.3.1/../../../../arm-none-eabi/lib/thumb/v7-m/nofp\libg_nano.a(lib_a-findfp.o) (_malloc_r)
d:/progra~1/stmicr~1/stm32c~1/stm32c~1/gcc-ar~1/bin/../lib/gcc/arm-none-eabi/9.3.1/../../../../arm-none-eabi/lib/thumb/v7-m/nofp\libg_nano.a(lib_a-nano-vfprintf.o)
                              d:/progra~1/stmicr~1/stm32c~1/stm32c~1/gcc-ar~1/bin/../lib/gcc/arm-none-eabi/9.3.1/../../../../arm-none-eabi/lib/thumb/v7-m/nofp\libg_nano.a(lib_a-printf.o) (_vfprintf_r)
d:/progra~1/stmicr~1/stm32c~1/stm32c~1/gcc-ar~1/bin/../lib/gcc/arm-none-eabi/9.3.1/../../../../arm-none-eabi/lib/thumb/v7-m/nofp\libg_nano.a(lib_a-nano-vfprintf_i.o)
                              d:/progra~1/stmicr~1/stm32c~1/stm32c~1/gcc-ar~1/bin/../lib/gcc/arm-none-eabi/9.3.1/../../../../arm-none-eabi/lib/thumb/v7-m/nofp\libg_nano.a(lib_a-nano-vfprintf.o) (_printf_i)
d:/progra~1/stmicr~1/stm32c~1/stm32c~1/gcc-ar~1/bin/../lib/gcc/arm-none-eabi/9.3.1/../../../../arm-none-eabi/lib/thumb/v7-m/nofp\libg_nano.a(lib_a-sbrkr.o)
                              d:/progra~1/stmicr~1/stm32c~1/stm32c~1/gcc-ar~1/bin/../lib/gcc/arm-none-eabi/9.3.1/../../../../arm-none-eabi/lib/thumb/v7-m/nofp\libg_nano.a(lib_a-nano-mallocr.o) (_sbrk_r)
d:/progra~1/stmicr~1/stm32c~1/stm32c~1/gcc-ar~1/bin/../lib/gcc/arm-none-eabi/9.3.1/../../../../arm-none-eabi/lib/thumb/v7-m/nofp\libg_nano.a(lib_a-stdio.o)
                              d:/progra~1/stmicr~1/stm32c~1/stm32c~1/gcc-ar~1/bin/../lib/gcc/arm-none-eabi/9.3.1/../../../../arm-none-eabi/lib/thumb/v7-m/nofp\libg_nano.a(lib_a-findfp.o) (__sread)
d:/progra~1/stmicr~1/stm32c~1/stm32c~1/gcc-ar~1/bin/../lib/gcc/arm-none-eabi/9.3.1/../../../../arm-none-eabi/lib/thumb/v7-m/nofp\libg_nano.a(lib_a-wbuf.o)
[...]
Memory Configuration

Name             Origin             Length             Attributes
RAM              0x20000000         0x00005000         xrw
FLASH            0x08000000         0x00010000         xr
*default*        0x00000000         0xffffffff

Linker script and memory map

LOAD d:/progra~1/stmicr~1/stm32c~1/stm32c~1/gcc-ar~1/bin/../lib/gcc/arm-none-eabi/9.3.1/thumb/v7-m/nofp/crti.o
LOAD d:/progra~1/stmicr~1/stm32c~1/stm32c~1/gcc-ar~1/bin/../lib/gcc/arm-none-eabi/9.3.1/thumb/v7-m/nofp/crtbegin.o
LOAD d:/progra~1/stmicr~1/stm32c~1/stm32c~1/gcc-ar~1/bin/../lib/gcc/arm-none-eabi/9.3.1/../../../../arm-none-eabi/lib/thumb/v7-m/nofp/crt0.o
LOAD CMakeFiles/f1_demo.elf.dir/Drivers/STM32F1xx_HAL_Driver/Src/stm32f1xx_hal.c.obj
LOAD CMakeFiles/f1_demo.elf.dir/Drivers/STM32F1xx_HAL_Driver/Src/stm32f1xx_hal_cortex.c.obj
LOAD CMakeFiles/f1_demo.elf.dir/Drivers/STM32F1xx_HAL_Driver/Src/stm32f1xx_hal_dma.c.obj
LOAD CMakeFiles/f1_demo.elf.dir/Drivers/STM32F1xx_HAL_Driver/Src/stm32f1xx_hal_exti.c.obj
LOAD CMakeFiles/f1_demo.elf.dir/Drivers/STM32F1xx_HAL_Driver/Src/stm32f1xx_hal_flash.c.obj
LOAD CMakeFiles/f1_demo.elf.dir/Drivers/STM32F1xx_HAL_Driver/Src/stm32f1xx_hal_flash_ex.c.obj
LOAD CMakeFiles/f1_demo.elf.dir/Drivers/STM32F1xx_HAL_Driver/Src/stm32f1xx_hal_gpio.c.obj
LOAD CMakeFiles/f1_demo.elf.dir/Drivers/STM32F1xx_HAL_Driver/Src/stm32f1xx_hal_gpio_ex.c.obj
LOAD CMakeFiles/f1_demo.elf.dir/Drivers/STM32F1xx_HAL_Driver/Src/stm32f1xx_hal_pwr.c.obj
LOAD CMakeFiles/f1_demo.elf.dir/Drivers/STM32F1xx_HAL_Driver/Src/stm32f1xx_hal_rcc.c.obj
LOAD CMakeFiles/f1_demo.elf.dir/Drivers/STM32F1xx_HAL_Driver/Src/stm32f1xx_hal_rcc_ex.c.obj
LOAD CMakeFiles/f1_demo.elf.dir/Drivers/STM32F1xx_HAL_Driver/Src/stm32f1xx_hal_tim.c.obj
LOAD CMakeFiles/f1_demo.elf.dir/Drivers/STM32F1xx_HAL_Driver/Src/stm32f1xx_hal_tim_ex.c.obj
LOAD CMakeFiles/f1_demo.elf.dir/Drivers/STM32F1xx_HAL_Driver/Src/stm32f1xx_hal_uart.c.obj
LOAD CMakeFiles/f1_demo.elf.dir/Src/Control.c.obj
LOAD CMakeFiles/f1_demo.elf.dir/Src/KeyBoard.c.obj
LOAD CMakeFiles/f1_demo.elf.dir/Src/Rx433Lin.c.obj
LOAD CMakeFiles/f1_demo.elf.dir/Src/Tx433Lin.c.obj
LOAD CMakeFiles/f1_demo.elf.dir/Src/gpio.c.obj
LOAD CMakeFiles/f1_demo.elf.dir/Src/main.c.obj
LOAD CMakeFiles/f1_demo.elf.dir/Src/oled.c.obj
LOAD CMakeFiles/f1_demo.elf.dir/Src/stm32f1xx_hal_msp.c.obj
LOAD CMakeFiles/f1_demo.elf.dir/Src/stm32f1xx_it.c.obj
LOAD CMakeFiles/f1_demo.elf.dir/Src/syscalls.c.obj
LOAD CMakeFiles/f1_demo.elf.dir/Src/system_stm32f1xx.c.obj
LOAD CMakeFiles/f1_demo.elf.dir/Src/tim.c.obj
LOAD CMakeFiles/f1_demo.elf.dir/Src/usart.c.obj
LOAD CMakeFiles/f1_demo.elf.dir/startup/startup_stm32f103xb.s.obj
START GROUP
LOAD d:/progra~1/stmicr~1/stm32c~1/stm32c~1/gcc-ar~1/bin/../lib/gcc/arm-none-eabi/9.3.1/thumb/v7-m/nofp\libgcc.a
LOAD d:/progra~1/stmicr~1/stm32c~1/stm32c~1/gcc-ar~1/bin/../lib/gcc/arm-none-eabi/9.3.1/../../../../arm-none-eabi/lib/thumb/v7-m/nofp\libg_nano.a
LOAD d:/progra~1/stmicr~1/stm32c~1/stm32c~1/gcc-ar~1/bin/../lib/gcc/arm-none-eabi/9.3.1/../../../../arm-none-eabi/lib/thumb/v7-m/nofp\libc_nano.a
END GROUP
START GROUP
LOAD d:/progra~1/stmicr~1/stm32c~1/stm32c~1/gcc-ar~1/bin/../lib/gcc/arm-none-eabi/9.3.1/thumb/v7-m/nofp\libgcc.a
LOAD d:/progra~1/stmicr~1/stm32c~1/stm32c~1/gcc-ar~1/bin/../lib/gcc/arm-none-eabi/9.3.1/../../../../arm-none-eabi/lib/thumb/v7-m/nofp\libc_nano.a
LOAD d:/progra~1/stmicr~1/stm32c~1/stm32c~1/gcc-ar~1/bin/../lib/gcc/arm-none-eabi/9.3.1/../../../../arm-none-eabi/lib/thumb/v7-m/nofp\libnosys.a
END GROUP
START GROUP
LOAD d:/progra~1/stmicr~1/stm32c~1/stm32c~1/gcc-ar~1/bin/../lib/gcc/arm-none-eabi/9.3.1/thumb/v7-m/nofp\libgcc.a
LOAD d:/progra~1/stmicr~1/stm32c~1/stm32c~1/gcc-ar~1/bin/../lib/gcc/arm-none-eabi/9.3.1/../../../../arm-none-eabi/lib/thumb/v7-m/nofp\libc_nano.a
LOAD d:/progra~1/stmicr~1/stm32c~1/stm32c~1/gcc-ar~1/bin/../lib/gcc/arm-none-eabi/9.3.1/../../../../arm-none-eabi/lib/thumb/v7-m/nofp\libnosys.a
END GROUP
LOAD d:/progra~1/stmicr~1/stm32c~1/stm32c~1/gcc-ar~1/bin/../lib/gcc/arm-none-eabi/9.3.1/thumb/v7-m/nofp/crtend.o
LOAD d:/progra~1/stmicr~1/stm32c~1/stm32c~1/gcc-ar~1/bin/../lib/gcc/arm-none-eabi/9.3.1/thumb/v7-m/nofp/crtn.o
                0x20005000                _estack = 0x20005000
                0x00000200                _Min_Heap_Size = 0x200
                0x00000400                _Min_Stack_Size = 0x400

.isr_vector     0x08000000      0x10c
                0x08000000                . = ALIGN (0x4)
 *(.isr_vector)
 .isr_vector    0x08000000      0x10c CMakeFiles/f1_demo.elf.dir/startup/startup_stm32f103xb.s.obj
                0x08000000                g_pfnVectors
                0x0800010c                . = ALIGN (0x4)

.text           0x0800010c     0x25e0
                0x0800010c                . = ALIGN (0x4)
 *(.text)
 .text          0x0800010c       0x40 d:/progra~1/stmicr~1/stm32c~1/stm32c~1/gcc-ar~1/bin/../lib/gcc/arm-none-eabi/9.3.1/thumb/v7-m/nofp/crtbegin.o
 *(.text*)
 .text.HAL_Init
                0x0800014c       0x2c CMakeFiles/f1_demo.elf.dir/Drivers/STM32F1xx_HAL_Driver/Src/stm32f1xx_hal.c.obj
                0x0800014c                HAL_Init
 .text.HAL_InitTick
                0x08000178       0x60 CMakeFiles/f1_demo.elf.dir/Drivers/STM32F1xx_HAL_Driver/Src/stm32f1xx_hal.c.obj
                0x08000178                HAL_InitTick
 .text.HAL_IncTick
                0x080001d8       0x24 CMakeFiles/f1_demo.elf.dir/Drivers/STM32F1xx_HAL_Driver/Src/stm32f1xx_hal.c.obj
                0x080001d8                HAL_IncTick
 .text.HAL_GetTick
                0x080001fc       0x14 CMakeFiles/f1_demo.elf.dir/Drivers/STM32F1xx_HAL_Driver/Src/stm32f1xx_hal.c.obj
                0x080001fc                HAL_GetTick
 .text.__NVIC_SetPriorityGrouping
                0x08000210       0x48 CMakeFiles/f1_demo.elf.dir/Drivers/STM32F1xx_HAL_Driver/Src/stm32f1xx_hal_cortex.c.obj
 .text.__NVIC_GetPriorityGrouping
                0x08000258       0x1c CMakeFiles/f1_demo.elf.dir/Drivers/STM32F1xx_HAL_Driver/Src/stm32f1xx_hal_cortex.c.obj
 .text.__NVIC_EnableIRQ
                0x08000274       0x38 CMakeFiles/f1_demo.elf.dir/Drivers/STM32F1xx_HAL_Driver/Src/stm32f1xx_hal_cortex.c.obj
 .text.__NVIC_SetPriority
                0x080002ac       0x54 CMakeFiles/f1_demo.elf.dir/Drivers/STM32F1xx_HAL_Driver/Src/stm32f1xx_hal_cortex.c.obj
 .text.NVIC_EncodePriority
                0x08000300       0x64 CMakeFiles/f1_demo.elf.dir/Drivers/STM32F1xx_HAL_Driver/Src/stm32f1xx_hal_cortex.c.obj
 .text.SysTick_Config
                0x08000364       0x44 CMakeFiles/f1_demo.elf.dir/Drivers/STM32F1xx_HAL_Driver/Src/stm32f1xx_hal_cortex.c.obj
 .text.HAL_NVIC_SetPriorityGrouping
                0x080003a8       0x16 CMakeFiles/f1_demo.elf.dir/Drivers/STM32F1xx_HAL_Driver/Src/stm32f1xx_hal_cortex.c.obj
                0x080003a8                HAL_NVIC_SetPriorityGrouping
 .text.HAL_NVIC_SetPriority
                0x080003be       0x38 CMakeFiles/f1_demo.elf.dir/Drivers/STM32F1xx_HAL_Driver/Src/stm32f1xx_hal_cortex.c.obj
                0x080003be                HAL_NVIC_SetPriority
 .text.HAL_NVIC_EnableIRQ
                0x080003f6       0x1c CMakeFiles/f1_demo.elf.dir/Drivers/STM32F1xx_HAL_Driver/Src/stm32f1xx_hal_cortex.c.obj
                0x080003f6                HAL_NVIC_EnableIRQ
 .text.HAL_SYSTICK_Config
                0x08000412       0x18 CMakeFiles/f1_demo.elf.dir/Drivers/STM32F1xx_HAL_Driver/Src/stm32f1xx_hal_cortex.c.obj
                0x08000412                HAL_SYSTICK_Config
 *fill*         0x0800042a        0x2 
 .text.HAL_GPIO_Init
                0x0800042c      0x308 CMakeFiles/f1_demo.elf.dir/Drivers/STM32F1xx_HAL_Driver/Src/stm32f1xx_hal_gpio.c.obj
                0x0800042c                HAL_GPIO_Init
 .text.HAL_GPIO_ReadPin
                0x08000734       0x2e CMakeFiles/f1_demo.elf.dir/Drivers/STM32F1xx_HAL_Driver/Src/stm32f1xx_hal_gpio.c.obj
                0x08000734                HAL_GPIO_ReadPin
 .text.HAL_GPIO_WritePin
                0x08000762       0x30 CMakeFiles/f1_demo.elf.dir/Drivers/STM32F1xx_HAL_Driver/Src/stm32f1xx_hal_gpio.c.obj
                0x08000762                HAL_GPIO_WritePin
 *fill*         0x08000792        0x2 
 .text.HAL_RCC_OscConfig
                0x08000794      0x500 CMakeFiles/f1_demo.elf.dir/Drivers/STM32F1xx_HAL_Driver/Src/stm32f1xx_hal_rcc.c.obj
                0x08000794                HAL_RCC_OscConfig
 .text.HAL_RCC_ClockConfig
                0x08000c94      0x1d4 CMakeFiles/f1_demo.elf.dir/Drivers/STM32F1xx_HAL_Driver/Src/stm32f1xx_hal_rcc.c.obj
                0x08000c94                HAL_RCC_ClockConfig
 .text.HAL_RCC_GetSysClockFreq
                0x08000e68       0xc0 CMakeFiles/f1_demo.elf.dir/Drivers/STM32F1xx_HAL_Driver/Src/stm32f1xx_hal_rcc.c.obj
                0x08000e68                HAL_RCC_GetSysClockFreq
 .text.HAL_RCC_GetHCLKFreq
                0x08000f28       0x14 CMakeFiles/f1_demo.elf.dir/Drivers/STM32F1xx_HAL_Driver/Src/stm32f1xx_hal_rcc.c.obj
                0x08000f28                HAL_RCC_GetHCLKFreq
 .text.HAL_RCC_GetPCLK1Freq
                0x08000f3c       0x28 CMakeFiles/f1_demo.elf.dir/Drivers/STM32F1xx_HAL_Driver/Src/stm32f1xx_hal_rcc.c.obj
                0x08000f3c                HAL_RCC_GetPCLK1Freq
 .text.HAL_RCC_GetPCLK2Freq
                0x08000f64       0x28 CMakeFiles/f1_demo.elf.dir/Drivers/STM32F1xx_HAL_Driver/Src/stm32f1xx_hal_rcc.c.obj
                0x08000f64                HAL_RCC_GetPCLK2Freq
 .text.RCC_Delay
                0x08000f8c       0x3c CMakeFiles/f1_demo.elf.dir/Drivers/STM32F1xx_HAL_Driver/Src/stm32f1xx_hal_rcc.c.obj
 .text.HAL_TIM_Base_Init
                0x08000fc8       0x56 CMakeFiles/f1_demo.elf.dir/Drivers/STM32F1xx_HAL_Driver/Src/stm32f1xx_hal_tim.c.obj
                0x08000fc8                HAL_TIM_Base_Init
 .text.HAL_TIM_Base_Start_IT
                0x0800101e       0x46 CMakeFiles/f1_demo.elf.dir/Drivers/STM32F1xx_HAL_Driver/Src/stm32f1xx_hal_tim.c.obj
                0x0800101e                HAL_TIM_Base_Start_IT
 .text.HAL_TIM_IRQHandler
                0x08001064      0x210 CMakeFiles/f1_demo.elf.dir/Drivers/STM32F1xx_HAL_Driver/Src/stm32f1xx_hal_tim.c.obj
                0x08001064                HAL_TIM_IRQHandler
 .text.HAL_TIM_ConfigClockSource
                0x08001274      0x188 CMakeFiles/f1_demo.elf.dir/Drivers/STM32F1xx_HAL_Driver/Src/stm32f1xx_hal_tim.c.obj
                0x08001274                HAL_TIM_ConfigClockSource
 .text.HAL_TIM_OC_DelayElapsedCallback
                0x080013fc       0x12 CMakeFiles/f1_demo.elf.dir/Drivers/STM32F1xx_HAL_Driver/Src/stm32f1xx_hal_tim.c.obj
                0x080013fc                HAL_TIM_OC_DelayElapsedCallback
 .text.HAL_TIM_IC_CaptureCallback
                0x0800140e       0x12 CMakeFiles/f1_demo.elf.dir/Drivers/STM32F1xx_HAL_Driver/Src/stm32f1xx_hal_tim.c.obj
                0x0800140e                HAL_TIM_IC_CaptureCallback
 .text.HAL_TIM_PWM_PulseFinishedCallback
                0x08001420       0x12 CMakeFiles/f1_demo.elf.dir/Drivers/STM32F1xx_HAL_Driver/Src/stm32f1xx_hal_tim.c.obj
                0x08001420                HAL_TIM_PWM_PulseFinishedCallback
 .text.HAL_TIM_TriggerCallback
                0x08001432       0x12 CMakeFiles/f1_demo.elf.dir/Drivers/STM32F1xx_HAL_Driver/Src/stm32f1xx_hal_tim.c.obj
                0x08001432                HAL_TIM_TriggerCallback
 .text.TIM_Base_SetConfig
                0x08001444       0xc4 CMakeFiles/f1_demo.elf.dir/Drivers/STM32F1xx_HAL_Driver/Src/stm32f1xx_hal_tim.c.obj
                0x08001444                TIM_Base_SetConfig
 .text.TIM_TI1_ConfigInputStage
                0x08001508       0x5c CMakeFiles/f1_demo.elf.dir/Drivers/STM32F1xx_HAL_Driver/Src/stm32f1xx_hal_tim.c.obj
 .text.TIM_TI2_ConfigInputStage
                0x08001564       0x5e CMakeFiles/f1_demo.elf.dir/Drivers/STM32F1xx_HAL_Driver/Src/stm32f1xx_hal_tim.c.obj
 .text.TIM_ITRx_SetConfig
                0x080015c2       0x34 CMakeFiles/f1_demo.elf.dir/Drivers/STM32F1xx_HAL_Driver/Src/stm32f1xx_hal_tim.c.obj
 .text.TIM_ETR_SetConfig
                0x080015f6       0x3e CMakeFiles/f1_demo.elf.dir/Drivers/STM32F1xx_HAL_Driver/Src/stm32f1xx_hal_tim.c.obj
                0x080015f6                TIM_ETR_SetConfig
 .text.HAL_TIMEx_MasterConfigSynchronization
                0x08001634       0x88 CMakeFiles/f1_demo.elf.dir/Drivers/STM32F1xx_HAL_Driver/Src/stm32f1xx_hal_tim_ex.c.obj
                0x08001634                HAL_TIMEx_MasterConfigSynchronization
 .text.HAL_TIMEx_CommutCallback
                0x080016bc       0x12 CMakeFiles/f1_demo.elf.dir/Drivers/STM32F1xx_HAL_Driver/Src/stm32f1xx_hal_tim_ex.c.obj
                0x080016bc                HAL_TIMEx_CommutCallback
 .text.HAL_TIMEx_BreakCallback
                0x080016ce       0x12 CMakeFiles/f1_demo.elf.dir/Drivers/STM32F1xx_HAL_Driver/Src/stm32f1xx_hal_tim_ex.c.obj
                0x080016ce                HAL_TIMEx_BreakCallback
 .text.HAL_UART_Init
                0x080016e0       0x9a CMakeFiles/f1_demo.elf.dir/Drivers/STM32F1xx_HAL_Driver/Src/stm32f1xx_hal_uart.c.obj
                0x080016e0                HAL_UART_Init
 *fill*         0x0800177a        0x2 
 .text.UART_SetConfig
                0x0800177c      0x1b4 CMakeFiles/f1_demo.elf.dir/Drivers/STM32F1xx_HAL_Driver/Src/stm32f1xx_hal_uart.c.obj
 .text.KeyMenu  0x08001930       0x68 CMakeFiles/f1_demo.elf.dir/Src/Control.c.obj
                0x08001930                KeyMenu
 .text.KeyScan  0x08001998      0x138 CMakeFiles/f1_demo.elf.dir/Src/KeyBoard.c.obj
                0x08001998                KeyScan
 .text.KeyPress
                0x08001ad0       0x24 CMakeFiles/f1_demo.elf.dir/Src/KeyBoard.c.obj
                0x08001ad0                KeyPress
 .text.KeyRelease
                0x08001af4       0x24 CMakeFiles/f1_demo.elf.dir/Src/KeyBoard.c.obj
                0x08001af4                KeyRelease
 .text.KeyContinued
                0x08001b18       0x40 CMakeFiles/f1_demo.elf.dir/Src/KeyBoard.c.obj
                0x08001b18                KeyContinued
 .text.RX_AskRxCode
                0x08001b58      0x244 CMakeFiles/f1_demo.elf.dir/Src/Rx433Lin.c.obj
                0x08001b58                RX_AskRxCode
 .text.AskInit  0x08001d9c       0x4c CMakeFiles/f1_demo.elf.dir/Src/Tx433Lin.c.obj
                0x08001d9c                AskInit
 .text.AskClose
                0x08001de8       0x24 CMakeFiles/f1_demo.elf.dir/Src/Tx433Lin.c.obj
                0x08001de8                AskClose
 .text.AskOpen  0x08001e0c       0x34 CMakeFiles/f1_demo.elf.dir/Src/Tx433Lin.c.obj
                0x08001e0c                AskOpen
 .text.AskTask  0x08001e40      0x214 CMakeFiles/f1_demo.elf.dir/Src/Tx433Lin.c.obj
                0x08001e40                AskTask
 .text.AskDataSet
                0x08002054       0x5c CMakeFiles/f1_demo.elf.dir/Src/Tx433Lin.c.obj
                0x08002054                AskDataSet
 .text.AskSendData
                0x080020b0       0x48 CMakeFiles/f1_demo.elf.dir/Src/Tx433Lin.c.obj
                0x080020b0                AskSendData
 .text.MX_GPIO_Init
                0x080020f8       0xf4 CMakeFiles/f1_demo.elf.dir/Src/gpio.c.obj
                0x080020f8                MX_GPIO_Init
 .text.main     0x080021ec       0x3c CMakeFiles/f1_demo.elf.dir/Src/main.c.obj
                0x080021ec                main
 .text.SystemClock_Config
                0x08002228       0x8a CMakeFiles/f1_demo.elf.dir/Src/main.c.obj
                0x08002228                SystemClock_Config
 .text.Error_Handler
                0x080022b2        0xc CMakeFiles/f1_demo.elf.dir/Src/main.c.obj
                0x080022b2                Error_Handler
 *fill*         0x080022be        0x2 
 .text.HAL_MspInit
                0x080022c0       0x64 CMakeFiles/f1_demo.elf.dir/Src/stm32f1xx_hal_msp.c.obj
                0x080022c0                HAL_MspInit
 .text.NMI_Handler
                0x08002324        0xc CMakeFiles/f1_demo.elf.dir/Src/stm32f1xx_it.c.obj
                0x08002324                NMI_Handler
 .text.HardFault_Handler
                0x08002330        0x6 CMakeFiles/f1_demo.elf.dir/Src/stm32f1xx_it.c.obj
                0x08002330                HardFault_Handler
 .text.MemManage_Handler
                0x08002336        0x6 CMakeFiles/f1_demo.elf.dir/Src/stm32f1xx_it.c.obj
                0x08002336                MemManage_Handler
 .text.BusFault_Handler
                0x0800233c        0x6 CMakeFiles/f1_demo.elf.dir/Src/stm32f1xx_it.c.obj
                0x0800233c                BusFault_Handler
 .text.UsageFault_Handler
                0x08002342        0x6 CMakeFiles/f1_demo.elf.dir/Src/stm32f1xx_it.c.obj
                0x08002342                UsageFault_Handler
 .text.SVC_Handler
                0x08002348        0xc CMakeFiles/f1_demo.elf.dir/Src/stm32f1xx_it.c.obj
                0x08002348                SVC_Handler
 .text.DebugMon_Handler
                0x08002354        0xc CMakeFiles/f1_demo.elf.dir/Src/stm32f1xx_it.c.obj
                0x08002354                DebugMon_Handler
 .text.PendSV_Handler
                0x08002360        0xc CMakeFiles/f1_demo.elf.dir/Src/stm32f1xx_it.c.obj
                0x08002360                PendSV_Handler
 .text.SysTick_Handler
                0x0800236c        0xc CMakeFiles/f1_demo.elf.dir/Src/stm32f1xx_it.c.obj
                0x0800236c                SysTick_Handler
 .text.TIM3_IRQHandler
                0x08002378       0x14 CMakeFiles/f1_demo.elf.dir/Src/stm32f1xx_it.c.obj
                0x08002378                TIM3_IRQHandler
 .text.SystemInit
                0x0800238c       0x68 CMakeFiles/f1_demo.elf.dir/Src/system_stm32f1xx.c.obj
                0x0800238c                SystemInit
 .text.MX_TIM3_Init
                0x080023f4       0x98 CMakeFiles/f1_demo.elf.dir/Src/tim.c.obj
                0x080023f4                MX_TIM3_Init
 .text.HAL_TIM_Base_MspInit
                0x0800248c       0x4c CMakeFiles/f1_demo.elf.dir/Src/tim.c.obj
                0x0800248c                HAL_TIM_Base_MspInit
 .text.HAL_TIM_PeriodElapsedCallback
                0x080024d8       0x6c CMakeFiles/f1_demo.elf.dir/Src/tim.c.obj
                0x080024d8                HAL_TIM_PeriodElapsedCallback
 .text.MX_USART1_UART_Init
                0x08002544       0x54 CMakeFiles/f1_demo.elf.dir/Src/usart.c.obj
                0x08002544                MX_USART1_UART_Init
 .text.HAL_UART_MspInit
                0x08002598       0x98 CMakeFiles/f1_demo.elf.dir/Src/usart.c.obj
                0x08002598                HAL_UART_MspInit
 .text.Reset_Handler
                0x08002630       0x48 CMakeFiles/f1_demo.elf.dir/startup/startup_stm32f103xb.s.obj
                0x08002630                Reset_Handler
 .text.Default_Handler
                0x08002678        0x2 CMakeFiles/f1_demo.elf.dir/startup/startup_stm32f103xb.s.obj
                0x08002678                RTC_Alarm_IRQHandler
                0x08002678                EXTI2_IRQHandler
                0x08002678                TIM1_CC_IRQHandler
                0x08002678                PVD_IRQHandler
                0x08002678                EXTI3_IRQHandler
                0x08002678                EXTI0_IRQHandler
                0x08002678                I2C2_EV_IRQHandler
                0x08002678                ADC1_2_IRQHandler
                0x08002678                SPI1_IRQHandler
                0x08002678                TAMPER_IRQHandler
                0x08002678                DMA1_Channel4_IRQHandler
                0x08002678                USART3_IRQHandler
                0x08002678                RTC_IRQHandler
                0x08002678                DMA1_Channel7_IRQHandler
                0x08002678                CAN1_RX1_IRQHandler
                0x08002678                TIM4_IRQHandler
                0x08002678                I2C1_EV_IRQHandler
                0x08002678                DMA1_Channel6_IRQHandler
                0x08002678                RCC_IRQHandler
                0x08002678                TIM1_TRG_COM_IRQHandler
                0x08002678                DMA1_Channel1_IRQHandler
                0x08002678                Default_Handler
                0x08002678                EXTI15_10_IRQHandler
                0x08002678                EXTI9_5_IRQHandler
                0x08002678                SPI2_IRQHandler
                0x08002678                DMA1_Channel5_IRQHandler
                0x08002678                EXTI4_IRQHandler
                0x08002678                USB_LP_CAN1_RX0_IRQHandler
                0x08002678                USB_HP_CAN1_TX_IRQHandler
                0x08002678                DMA1_Channel3_IRQHandler
                0x08002678                TIM1_UP_IRQHandler
                0x08002678                WWDG_IRQHandler
                0x08002678                TIM2_IRQHandler
                0x08002678                TIM1_BRK_IRQHandler
                0x08002678                EXTI1_IRQHandler
                0x08002678                USART2_IRQHandler
                0x08002678                I2C2_ER_IRQHandler
                0x08002678                DMA1_Channel2_IRQHandler
                0x08002678                CAN1_SCE_IRQHandler
                0x08002678                FLASH_IRQHandler
                0x08002678                USART1_IRQHandler
                0x08002678                I2C1_ER_IRQHandler
                0x08002678                USBWakeUp_IRQHandler
 *fill*         0x0800267a        0x2 
 .text.__libc_init_array
                0x0800267c       0x48 d:/progra~1/stmicr~1/stm32c~1/stm32c~1/gcc-ar~1/bin/../lib/gcc/arm-none-eabi/9.3.1/../../../../arm-none-eabi/lib/thumb/v7-m/nofp\libg_nano.a(lib_a-init.o)
                0x0800267c                __libc_init_array
 .text.memset   0x080026c4       0x10 d:/progra~1/stmicr~1/stm32c~1/stm32c~1/gcc-ar~1/bin/../lib/gcc/arm-none-eabi/9.3.1/../../../../arm-none-eabi/lib/thumb/v7-m/nofp\libg_nano.a(lib_a-memset.o)
                0x080026c4                memset
 *(.glue_7)
 .glue_7        0x080026d4        0x0 linker stubs
 *(.glue_7t)
 .glue_7t       0x080026d4        0x0 linker stubs
 *(.eh_frame)
 .eh_frame      0x080026d4        0x0 d:/progra~1/stmicr~1/stm32c~1/stm32c~1/gcc-ar~1/bin/../lib/gcc/arm-none-eabi/9.3.1/thumb/v7-m/nofp/crtbegin.o
 *(.init)
 .init          0x080026d4        0x4 d:/progra~1/stmicr~1/stm32c~1/stm32c~1/gcc-ar~1/bin/../lib/gcc/arm-none-eabi/9.3.1/thumb/v7-m/nofp/crti.o
                0x080026d4                _init
 .init          0x080026d8        0x8 d:/progra~1/stmicr~1/stm32c~1/stm32c~1/gcc-ar~1/bin/../lib/gcc/arm-none-eabi/9.3.1/thumb/v7-m/nofp/crtn.o
 *(.fini)
 .fini          0x080026e0        0x4 d:/progra~1/stmicr~1/stm32c~1/stm32c~1/gcc-ar~1/bin/../lib/gcc/arm-none-eabi/9.3.1/thumb/v7-m/nofp/crti.o
                0x080026e0                _fini
 .fini          0x080026e4        0x8 d:/progra~1/stmicr~1/stm32c~1/stm32c~1/gcc-ar~1/bin/../lib/gcc/arm-none-eabi/9.3.1/thumb/v7-m/nofp/crtn.o
                0x080026ec                . = ALIGN (0x4)
                0x080026ec                _etext = .

.vfp11_veneer   0x080026ec        0x0
 .vfp11_veneer  0x080026ec        0x0 linker stubs

.v4_bx          0x080026ec        0x0
 .v4_bx         0x080026ec        0x0 linker stubs

.iplt           0x080026ec        0x0
 .iplt          0x080026ec        0x0 d:/progra~1/stmicr~1/stm32c~1/stm32c~1/gcc-ar~1/bin/../lib/gcc/arm-none-eabi/9.3.1/thumb/v7-m/nofp/crtbegin.o

.rodata         0x080026ec       0x28
                0x080026ec                . = ALIGN (0x4)
 *(.rodata)
 .rodata        0x080026ec       0x10 CMakeFiles/f1_demo.elf.dir/Drivers/STM32F1xx_HAL_Driver/Src/stm32f1xx_hal_rcc.c.obj
 *(.rodata*)
 .rodata.AHBPrescTable
                0x080026fc       0x10 CMakeFiles/f1_demo.elf.dir/Src/system_stm32f1xx.c.obj
                0x080026fc                AHBPrescTable
 .rodata.APBPrescTable
                0x0800270c        0x8 CMakeFiles/f1_demo.elf.dir/Src/system_stm32f1xx.c.obj
                0x0800270c                APBPrescTable
                0x08002714                . = ALIGN (0x4)

.rel.dyn        0x08002714        0x0
 .rel.iplt      0x08002714        0x0 d:/progra~1/stmicr~1/stm32c~1/stm32c~1/gcc-ar~1/bin/../lib/gcc/arm-none-eabi/9.3.1/thumb/v7-m/nofp/crtbegin.o

.ARM.extab
 *(.ARM.extab* .gnu.linkonce.armextab.*)

.ARM            0x08002714        0x0
                0x08002714                __exidx_start = .
 *(.ARM.exidx*)
                0x08002714                __exidx_end = .

.preinit_array  0x08002714        0x0
                0x08002714                PROVIDE (__preinit_array_start = .)
 *(.preinit_array*)
                0x08002714                PROVIDE (__preinit_array_end = .)

.init_array     0x08002714        0x4
                0x08002714                PROVIDE (__init_array_start = .)
 *(SORT_BY_NAME(.init_array.*))
 *(.init_array*)
 .init_array    0x08002714        0x4 d:/progra~1/stmicr~1/stm32c~1/stm32c~1/gcc-ar~1/bin/../lib/gcc/arm-none-eabi/9.3.1/thumb/v7-m/nofp/crtbegin.o
                0x08002718                PROVIDE (__init_array_end = .)

.fini_array     0x08002718        0x4
                [!provide]                PROVIDE (__fini_array_start = .)
 *(SORT_BY_NAME(.fini_array.*))
 *(.fini_array*)
 .fini_array    0x08002718        0x4 d:/progra~1/stmicr~1/stm32c~1/stm32c~1/gcc-ar~1/bin/../lib/gcc/arm-none-eabi/9.3.1/thumb/v7-m/nofp/crtbegin.o
                [!provide]                PROVIDE (__fini_array_end = .)
                0x0800271c                _sidata = LOADADDR (.data)

.data           0x20000000       0x18 load address 0x0800271c
                0x20000000                . = ALIGN (0x4)
                0x20000000                _sdata = .
 *(.data)
 *(.data*)
 .data.uwTickPrio
                0x20000000        0x4 CMakeFiles/f1_demo.elf.dir/Drivers/STM32F1xx_HAL_Driver/Src/stm32f1xx_hal.c.obj
                0x20000000                uwTickPrio
 .data.uwTickFreq
                0x20000004        0x1 CMakeFiles/f1_demo.elf.dir/Drivers/STM32F1xx_HAL_Driver/Src/stm32f1xx_hal.c.obj
                0x20000004                uwTickFreq
 *fill*         0x20000005        0x3 
 .data.ask_buf  0x20000008        0xa CMakeFiles/f1_demo.elf.dir/Src/Tx433Lin.c.obj
                0x20000008                ask_buf
 *fill*         0x20000012        0x2 
 .data.SystemCoreClock
                0x20000014        0x4 CMakeFiles/f1_demo.elf.dir/Src/system_stm32f1xx.c.obj
                0x20000014                SystemCoreClock
                0x20000018                . = ALIGN (0x4)
                0x20000018                _edata = .

.igot.plt       0x20000018        0x0 load address 0x08002734
 .igot.plt      0x20000018        0x0 d:/progra~1/stmicr~1/stm32c~1/stm32c~1/gcc-ar~1/bin/../lib/gcc/arm-none-eabi/9.3.1/thumb/v7-m/nofp/crtbegin.o
                0x20000018                . = ALIGN (0x4)

.bss            0x20000018       0xd0 load address 0x08002734
                0x20000018                _sbss = .
                0x20000018                __bss_start__ = _sbss
 *(.bss)
 .bss           0x20000018       0x1c d:/progra~1/stmicr~1/stm32c~1/stm32c~1/gcc-ar~1/bin/../lib/gcc/arm-none-eabi/9.3.1/thumb/v7-m/nofp/crtbegin.o
 *(.bss*)
 .bss.uwTick    0x20000034        0x4 CMakeFiles/f1_demo.elf.dir/Drivers/STM32F1xx_HAL_Driver/Src/stm32f1xx_hal.c.obj
                0x20000034                uwTick
 .bss.keys      0x20000038        0x6 CMakeFiles/f1_demo.elf.dir/Src/KeyBoard.c.obj
                0x20000038                keys
 .bss.rx_ask_time_count
                0x2000003e        0x2 CMakeFiles/f1_demo.elf.dir/Src/Rx433Lin.c.obj
                0x2000003e                rx_ask_time_count
 .bss.rx_ask_step
                0x20000040        0x1 CMakeFiles/f1_demo.elf.dir/Src/Rx433Lin.c.obj
                0x20000040                rx_ask_step
 .bss.rx_data_count
                0x20000041        0x1 CMakeFiles/f1_demo.elf.dir/Src/Rx433Lin.c.obj
                0x20000041                rx_data_count
 .bss.rx_pin_level
                0x20000042        0x1 CMakeFiles/f1_demo.elf.dir/Src/Rx433Lin.c.obj
                0x20000042                rx_pin_level
 *fill*         0x20000043        0x1 
 .bss.rx_Askbuf
                0x20000044        0xa CMakeFiles/f1_demo.elf.dir/Src/Rx433Lin.c.obj
                0x20000044                rx_Askbuf
 .bss.rx_num    0x2000004e        0x1 CMakeFiles/f1_demo.elf.dir/Src/Rx433Lin.c.obj
                0x2000004e                rx_num
 .bss.rx_succeed_num
                0x2000004f        0x1 CMakeFiles/f1_demo.elf.dir/Src/Rx433Lin.c.obj
                0x2000004f                rx_succeed_num
 .bss.AskReadbuf
                0x20000050        0xa CMakeFiles/f1_demo.elf.dir/Src/Rx433Lin.c.obj
                0x20000050                AskReadbuf
 .bss.ask_sw    0x2000005a        0x1 CMakeFiles/f1_demo.elf.dir/Src/Tx433Lin.c.obj
                0x2000005a                ask_sw
 .bss.ask_runnum
                0x2000005b        0x1 CMakeFiles/f1_demo.elf.dir/Src/Tx433Lin.c.obj
                0x2000005b                ask_runnum
 .bss.ask_step  0x2000005c        0x1 CMakeFiles/f1_demo.elf.dir/Src/Tx433Lin.c.obj
                0x2000005c                ask_step
 *fill*         0x2000005d        0x1 
 .bss.ask_count
                0x2000005e        0x2 CMakeFiles/f1_demo.elf.dir/Src/Tx433Lin.c.obj
                0x2000005e                ask_count
 .bss.data_num  0x20000060        0x1 CMakeFiles/f1_demo.elf.dir/Src/Tx433Lin.c.obj
                0x20000060                data_num
 .bss.data_count
                0x20000061        0x1 CMakeFiles/f1_demo.elf.dir/Src/Tx433Lin.c.obj
                0x20000061                data_count
 .bss.send_count
                0x20000062        0x1 CMakeFiles/f1_demo.elf.dir/Src/Tx433Lin.c.obj
                0x20000062                send_count
 *fill*         0x20000063        0x1 
 .bss.htim3     0x20000064       0x40 CMakeFiles/f1_demo.elf.dir/Src/tim.c.obj
                0x20000064                htim3
 .bss.key_count.6123
                0x200000a4        0x1 CMakeFiles/f1_demo.elf.dir/Src/tim.c.obj
 *fill*         0x200000a5        0x1 
 .bss.count.6122
                0x200000a6        0x2 CMakeFiles/f1_demo.elf.dir/Src/tim.c.obj
 .bss.huart1    0x200000a8       0x40 CMakeFiles/f1_demo.elf.dir/Src/usart.c.obj
                0x200000a8                huart1
 *(COMMON)
                0x200000e8                . = ALIGN (0x4)
                0x200000e8                _ebss = .
                0x200000e8                __bss_end__ = _ebss

._user_heap_stack
                0x200000e8      0x600 load address 0x08002734
                0x200000e8                . = ALIGN (0x8)
                0x200000e8                PROVIDE (end = .)
                [!provide]                PROVIDE (_end = .)
                0x200002e8                . = (. + _Min_Heap_Size)
 *fill*         0x200000e8      0x200 
                0x200006e8                . = (. + _Min_Stack_Size)
 *fill*         0x200002e8      0x400 
                0x200006e8                . = ALIGN (0x8)

/DISCARD/
 libc.a(*)
 libm.a(*)
 libgcc.a(*)

.ARM.attributes
                0x00000000       0x29
 *(.ARM.attributes)
 .ARM.attributes
                0x00000000       0x1d d:/progra~1/stmicr~1/stm32c~1/stm32c~1/gcc-ar~1/bin/../lib/gcc/arm-none-eabi/9.3.1/thumb/v7-m/nofp/crti.o
 .ARM.attributes
                0x0000001d       0x2d d:/progra~1/stmicr~1/stm32c~1/stm32c~1/gcc-ar~1/bin/../lib/gcc/arm-none-eabi/9.3.1/thumb/v7-m/nofp/crtbegin.o
 .ARM.attributes
                0x0000004a       0x2d CMakeFiles/f1_demo.elf.dir/Drivers/STM32F1xx_HAL_Driver/Src/stm32f1xx_hal.c.obj
 .ARM.attributes
                0x00000077       0x2d CMakeFiles/f1_demo.elf.dir/Drivers/STM32F1xx_HAL_Driver/Src/stm32f1xx_hal_cortex.c.obj
 .ARM.attributes
                0x000000a4       0x2d CMakeFiles/f1_demo.elf.dir/Drivers/STM32F1xx_HAL_Driver/Src/stm32f1xx_hal_gpio.c.obj
 .ARM.attributes
                0x000000d1       0x2d CMakeFiles/f1_demo.elf.dir/Drivers/STM32F1xx_HAL_Driver/Src/stm32f1xx_hal_rcc.c.obj
 .ARM.attributes
                0x000000fe       0x2d CMakeFiles/f1_demo.elf.dir/Drivers/STM32F1xx_HAL_Driver/Src/stm32f1xx_hal_tim.c.obj
 .ARM.attributes
                0x0000012b       0x2d CMakeFiles/f1_demo.elf.dir/Drivers/STM32F1xx_HAL_Driver/Src/stm32f1xx_hal_tim_ex.c.obj
 .ARM.attributes
                0x00000158       0x2d CMakeFiles/f1_demo.elf.dir/Drivers/STM32F1xx_HAL_Driver/Src/stm32f1xx_hal_uart.c.obj
 .ARM.attributes
                0x00000185       0x2d CMakeFiles/f1_demo.elf.dir/Src/Control.c.obj
 .ARM.attributes
                0x000001b2       0x2d CMakeFiles/f1_demo.elf.dir/Src/KeyBoard.c.obj
 .ARM.attributes
                0x000001df       0x2d CMakeFiles/f1_demo.elf.dir/Src/Rx433Lin.c.obj
 .ARM.attributes
                0x0000020c       0x2d CMakeFiles/f1_demo.elf.dir/Src/Tx433Lin.c.obj
 .ARM.attributes
                0x00000239       0x2d CMakeFiles/f1_demo.elf.dir/Src/gpio.c.obj
 .ARM.attributes
                0x00000266       0x2d CMakeFiles/f1_demo.elf.dir/Src/main.c.obj
 .ARM.attributes
                0x00000293       0x2d CMakeFiles/f1_demo.elf.dir/Src/stm32f1xx_hal_msp.c.obj
 .ARM.attributes
                0x000002c0       0x2d CMakeFiles/f1_demo.elf.dir/Src/stm32f1xx_it.c.obj
 .ARM.attributes
                0x000002ed       0x2d CMakeFiles/f1_demo.elf.dir/Src/system_stm32f1xx.c.obj
 .ARM.attributes
                0x0000031a       0x2d CMakeFiles/f1_demo.elf.dir/Src/tim.c.obj
 .ARM.attributes
                0x00000347       0x2d CMakeFiles/f1_demo.elf.dir/Src/usart.c.obj
 .ARM.attributes
                0x00000374       0x21 CMakeFiles/f1_demo.elf.dir/startup/startup_stm32f103xb.s.obj
 .ARM.attributes
                0x00000395       0x2d d:/progra~1/stmicr~1/stm32c~1/stm32c~1/gcc-ar~1/bin/../lib/gcc/arm-none-eabi/9.3.1/../../../../arm-none-eabi/lib/thumb/v7-m/nofp\libg_nano.a(lib_a-init.o)
 .ARM.attributes
                0x000003c2       0x2d d:/progra~1/stmicr~1/stm32c~1/stm32c~1/gcc-ar~1/bin/../lib/gcc/arm-none-eabi/9.3.1/../../../../arm-none-eabi/lib/thumb/v7-m/nofp\libg_nano.a(lib_a-memset.o)
 .ARM.attributes
                0x000003ef       0x1d d:/progra~1/stmicr~1/stm32c~1/stm32c~1/gcc-ar~1/bin/../lib/gcc/arm-none-eabi/9.3.1/thumb/v7-m/nofp/crtn.o
OUTPUT(f1_demo.elf elf32-littlearm)
LOAD linker stubs
LOAD d:/progra~1/stmicr~1/stm32c~1/stm32c~1/gcc-ar~1/bin/../lib/gcc/arm-none-eabi/9.3.1/../../../../arm-none-eabi/lib/thumb/v7-m/nofp\libc.a
LOAD d:/progra~1/stmicr~1/stm32c~1/stm32c~1/gcc-ar~1/bin/../lib/gcc/arm-none-eabi/9.3.1/../../../../arm-none-eabi/lib/thumb/v7-m/nofp\libm.a
LOAD d:/progra~1/stmicr~1/stm32c~1/stm32c~1/gcc-ar~1/bin/../lib/gcc/arm-none-eabi/9.3.1/thumb/v7-m/nofp\libgcc.a

.debug_info     0x00000000     0xbdb1
 .debug_info    0x00000000      0x747 CMakeFiles/f1_demo.elf.dir/Drivers/STM32F1xx_HAL_Driver/Src/stm32f1xx_hal.c.obj
 .debug_info    0x00000747      0xbc5 CMakeFiles/f1_demo.elf.dir/Drivers/STM32F1xx_HAL_Driver/Src/stm32f1xx_hal_cortex.c.obj
 .debug_info    0x0000130c      0x6da CMakeFiles/f1_demo.elf.dir/Drivers/STM32F1xx_HAL_Driver/Src/stm32f1xx_hal_gpio.c.obj
 .debug_info    0x000019e6      0x877 CMakeFiles/f1_demo.elf.dir/Drivers/STM32F1xx_HAL_Driver/Src/stm32f1xx_hal_rcc.c.obj
 .debug_info    0x0000225d     0x2669 CMakeFiles/f1_demo.elf.dir/Drivers/STM32F1xx_HAL_Driver/Src/stm32f1xx_hal_tim.c.obj
 .debug_info    0x000048c6     0x11fb CMakeFiles/f1_demo.elf.dir/Drivers/STM32F1xx_HAL_Driver/Src/stm32f1xx_hal_tim_ex.c.obj
 .debug_info    0x00005ac1     0x12db CMakeFiles/f1_demo.elf.dir/Drivers/STM32F1xx_HAL_Driver/Src/stm32f1xx_hal_uart.c.obj
 .debug_info    0x00006d9c      0x3ab CMakeFiles/f1_demo.elf.dir/Src/Control.c.obj
 .debug_info    0x00007147      0x34a CMakeFiles/f1_demo.elf.dir/Src/KeyBoard.c.obj
 .debug_info    0x00007491      0xbc0 CMakeFiles/f1_demo.elf.dir/Src/Rx433Lin.c.obj
 .debug_info    0x00008051      0x44d CMakeFiles/f1_demo.elf.dir/Src/Tx433Lin.c.obj
 .debug_info    0x0000849e      0x378 CMakeFiles/f1_demo.elf.dir/Src/gpio.c.obj
 .debug_info    0x00008816     0x1443 CMakeFiles/f1_demo.elf.dir/Src/main.c.obj
 .debug_info    0x00009c59      0x2e5 CMakeFiles/f1_demo.elf.dir/Src/stm32f1xx_hal_msp.c.obj
 .debug_info    0x00009f3e      0x6f6 CMakeFiles/f1_demo.elf.dir/Src/stm32f1xx_it.c.obj
 .debug_info    0x0000a634      0x462 CMakeFiles/f1_demo.elf.dir/Src/system_stm32f1xx.c.obj
 .debug_info    0x0000aa96      0xadd CMakeFiles/f1_demo.elf.dir/Src/tim.c.obj
 .debug_info    0x0000b573      0x81c CMakeFiles/f1_demo.elf.dir/Src/usart.c.obj
 .debug_info    0x0000bd8f       0x22 CMakeFiles/f1_demo.elf.dir/startup/startup_stm32f103xb.s.obj

.debug_abbrev   0x00000000     0x22b8
 .debug_abbrev  0x00000000      0x1fd CMakeFiles/f1_demo.elf.dir/Drivers/STM32F1xx_HAL_Driver/Src/stm32f1xx_hal.c.obj
 .debug_abbrev  0x000001fd      0x310 CMakeFiles/f1_demo.elf.dir/Drivers/STM32F1xx_HAL_Driver/Src/stm32f1xx_hal_cortex.c.obj
 .debug_abbrev  0x0000050d      0x1e5 CMakeFiles/f1_demo.elf.dir/Drivers/STM32F1xx_HAL_Driver/Src/stm32f1xx_hal_gpio.c.obj
 .debug_abbrev  0x000006f2      0x270 CMakeFiles/f1_demo.elf.dir/Drivers/STM32F1xx_HAL_Driver/Src/stm32f1xx_hal_rcc.c.obj
 .debug_abbrev  0x00000962      0x25b CMakeFiles/f1_demo.elf.dir/Drivers/STM32F1xx_HAL_Driver/Src/stm32f1xx_hal_tim.c.obj
 .debug_abbrev  0x00000bbd      0x249 CMakeFiles/f1_demo.elf.dir/Drivers/STM32F1xx_HAL_Driver/Src/stm32f1xx_hal_tim_ex.c.obj
 .debug_abbrev  0x00000e06      0x26d CMakeFiles/f1_demo.elf.dir/Drivers/STM32F1xx_HAL_Driver/Src/stm32f1xx_hal_uart.c.obj
 .debug_abbrev  0x00001073      0x17b CMakeFiles/f1_demo.elf.dir/Src/Control.c.obj
 .debug_abbrev  0x000011ee      0x19d CMakeFiles/f1_demo.elf.dir/Src/KeyBoard.c.obj
 .debug_abbrev  0x0000138b      0x221 CMakeFiles/f1_demo.elf.dir/Src/Rx433Lin.c.obj
 .debug_abbrev  0x000015ac      0x191 CMakeFiles/f1_demo.elf.dir/Src/Tx433Lin.c.obj
 .debug_abbrev  0x0000173d      0x14b CMakeFiles/f1_demo.elf.dir/Src/gpio.c.obj
 .debug_abbrev  0x00001888      0x288 CMakeFiles/f1_demo.elf.dir/Src/main.c.obj
 .debug_abbrev  0x00001b10      0x11a CMakeFiles/f1_demo.elf.dir/Src/stm32f1xx_hal_msp.c.obj
 .debug_abbrev  0x00001c2a      0x173 CMakeFiles/f1_demo.elf.dir/Src/stm32f1xx_it.c.obj
 .debug_abbrev  0x00001d9d      0x14b CMakeFiles/f1_demo.elf.dir/Src/system_stm32f1xx.c.obj
 .debug_abbrev  0x00001ee8      0x206 CMakeFiles/f1_demo.elf.dir/Src/tim.c.obj
 .debug_abbrev  0x000020ee      0x1b8 CMakeFiles/f1_demo.elf.dir/Src/usart.c.obj
 .debug_abbrev  0x000022a6       0x12 CMakeFiles/f1_demo.elf.dir/startup/startup_stm32f103xb.s.obj

.debug_aranges  0x00000000      0xbf8
 .debug_aranges
                0x00000000       0xe0 CMakeFiles/f1_demo.elf.dir/Drivers/STM32F1xx_HAL_Driver/Src/stm32f1xx_hal.c.obj
 .debug_aranges
                0x000000e0      0x100 CMakeFiles/f1_demo.elf.dir/Drivers/STM32F1xx_HAL_Driver/Src/stm32f1xx_hal_cortex.c.obj
 .debug_aranges
                0x000001e0       0x58 CMakeFiles/f1_demo.elf.dir/Drivers/STM32F1xx_HAL_Driver/Src/stm32f1xx_hal_gpio.c.obj
 .debug_aranges
                0x00000238       0x90 CMakeFiles/f1_demo.elf.dir/Drivers/STM32F1xx_HAL_Driver/Src/stm32f1xx_hal_rcc.c.obj
 .debug_aranges
                0x000002c8      0x3a8 CMakeFiles/f1_demo.elf.dir/Drivers/STM32F1xx_HAL_Driver/Src/stm32f1xx_hal_tim.c.obj
 .debug_aranges
                0x00000670      0x150 CMakeFiles/f1_demo.elf.dir/Drivers/STM32F1xx_HAL_Driver/Src/stm32f1xx_hal_tim_ex.c.obj
 .debug_aranges
                0x000007c0      0x1d0 CMakeFiles/f1_demo.elf.dir/Drivers/STM32F1xx_HAL_Driver/Src/stm32f1xx_hal_uart.c.obj
 .debug_aranges
                0x00000990       0x28 CMakeFiles/f1_demo.elf.dir/Src/Control.c.obj
 .debug_aranges
                0x000009b8       0x38 CMakeFiles/f1_demo.elf.dir/Src/KeyBoard.c.obj
 .debug_aranges
                0x000009f0       0x28 CMakeFiles/f1_demo.elf.dir/Src/Rx433Lin.c.obj
 .debug_aranges
                0x00000a18       0x48 CMakeFiles/f1_demo.elf.dir/Src/Tx433Lin.c.obj
 .debug_aranges
                0x00000a60       0x20 CMakeFiles/f1_demo.elf.dir/Src/gpio.c.obj
 .debug_aranges
                0x00000a80       0x38 CMakeFiles/f1_demo.elf.dir/Src/main.c.obj
 .debug_aranges
                0x00000ab8       0x20 CMakeFiles/f1_demo.elf.dir/Src/stm32f1xx_hal_msp.c.obj
 .debug_aranges
                0x00000ad8       0x68 CMakeFiles/f1_demo.elf.dir/Src/stm32f1xx_it.c.obj
 .debug_aranges
                0x00000b40       0x28 CMakeFiles/f1_demo.elf.dir/Src/system_stm32f1xx.c.obj
 .debug_aranges
                0x00000b68       0x38 CMakeFiles/f1_demo.elf.dir/Src/tim.c.obj
 .debug_aranges
                0x00000ba0       0x30 CMakeFiles/f1_demo.elf.dir/Src/usart.c.obj
 .debug_aranges
                0x00000bd0       0x28 CMakeFiles/f1_demo.elf.dir/startup/startup_stm32f103xb.s.obj

.debug_ranges   0x00000000      0xad0
 .debug_ranges  0x00000000       0xd0 CMakeFiles/f1_demo.elf.dir/Drivers/STM32F1xx_HAL_Driver/Src/stm32f1xx_hal.c.obj
 .debug_ranges  0x000000d0       0xf0 CMakeFiles/f1_demo.elf.dir/Drivers/STM32F1xx_HAL_Driver/Src/stm32f1xx_hal_cortex.c.obj
 .debug_ranges  0x000001c0       0x48 CMakeFiles/f1_demo.elf.dir/Drivers/STM32F1xx_HAL_Driver/Src/stm32f1xx_hal_gpio.c.obj
 .debug_ranges  0x00000208       0x80 CMakeFiles/f1_demo.elf.dir/Drivers/STM32F1xx_HAL_Driver/Src/stm32f1xx_hal_rcc.c.obj
 .debug_ranges  0x00000288      0x398 CMakeFiles/f1_demo.elf.dir/Drivers/STM32F1xx_HAL_Driver/Src/stm32f1xx_hal_tim.c.obj
 .debug_ranges  0x00000620      0x140 CMakeFiles/f1_demo.elf.dir/Drivers/STM32F1xx_HAL_Driver/Src/stm32f1xx_hal_tim_ex.c.obj
 .debug_ranges  0x00000760      0x1c0 CMakeFiles/f1_demo.elf.dir/Drivers/STM32F1xx_HAL_Driver/Src/stm32f1xx_hal_uart.c.obj
 .debug_ranges  0x00000920       0x18 CMakeFiles/f1_demo.elf.dir/Src/Control.c.obj
 .debug_ranges  0x00000938       0x28 CMakeFiles/f1_demo.elf.dir/Src/KeyBoard.c.obj
 .debug_ranges  0x00000960       0x18 CMakeFiles/f1_demo.elf.dir/Src/Rx433Lin.c.obj
 .debug_ranges  0x00000978       0x38 CMakeFiles/f1_demo.elf.dir/Src/Tx433Lin.c.obj
 .debug_ranges  0x000009b0       0x10 CMakeFiles/f1_demo.elf.dir/Src/gpio.c.obj
 .debug_ranges  0x000009c0       0x28 CMakeFiles/f1_demo.elf.dir/Src/main.c.obj
 .debug_ranges  0x000009e8       0x10 CMakeFiles/f1_demo.elf.dir/Src/stm32f1xx_hal_msp.c.obj
 .debug_ranges  0x000009f8       0x58 CMakeFiles/f1_demo.elf.dir/Src/stm32f1xx_it.c.obj
 .debug_ranges  0x00000a50       0x18 CMakeFiles/f1_demo.elf.dir/Src/system_stm32f1xx.c.obj
 .debug_ranges  0x00000a68       0x28 CMakeFiles/f1_demo.elf.dir/Src/tim.c.obj
 .debug_ranges  0x00000a90       0x20 CMakeFiles/f1_demo.elf.dir/Src/usart.c.obj
 .debug_ranges  0x00000ab0       0x20 CMakeFiles/f1_demo.elf.dir/startup/startup_stm32f103xb.s.obj

.debug_line     0x00000000     0x8b97
 .debug_line    0x00000000      0x562 CMakeFiles/f1_demo.elf.dir/Drivers/STM32F1xx_HAL_Driver/Src/stm32f1xx_hal.c.obj
 .debug_line    0x00000562      0x748 CMakeFiles/f1_demo.elf.dir/Drivers/STM32F1xx_HAL_Driver/Src/stm32f1xx_hal_cortex.c.obj
 .debug_line    0x00000caa      0x61a CMakeFiles/f1_demo.elf.dir/Drivers/STM32F1xx_HAL_Driver/Src/stm32f1xx_hal_gpio.c.obj
 .debug_line    0x000012c4      0x9ce CMakeFiles/f1_demo.elf.dir/Drivers/STM32F1xx_HAL_Driver/Src/stm32f1xx_hal_rcc.c.obj
 .debug_line    0x00001c92     0x23ef CMakeFiles/f1_demo.elf.dir/Drivers/STM32F1xx_HAL_Driver/Src/stm32f1xx_hal_tim.c.obj
 .debug_line    0x00004081      0xdb8 CMakeFiles/f1_demo.elf.dir/Drivers/STM32F1xx_HAL_Driver/Src/stm32f1xx_hal_tim_ex.c.obj
 .debug_line    0x00004e39     0x138a CMakeFiles/f1_demo.elf.dir/Drivers/STM32F1xx_HAL_Driver/Src/stm32f1xx_hal_uart.c.obj
 .debug_line    0x000061c3      0x347 CMakeFiles/f1_demo.elf.dir/Src/Control.c.obj
 .debug_line    0x0000650a      0x3c9 CMakeFiles/f1_demo.elf.dir/Src/KeyBoard.c.obj
 .debug_line    0x000068d3      0x502 CMakeFiles/f1_demo.elf.dir/Src/Rx433Lin.c.obj
 .debug_line    0x00006dd5      0x46a CMakeFiles/f1_demo.elf.dir/Src/Tx433Lin.c.obj
 .debug_line    0x0000723f      0x2d5 CMakeFiles/f1_demo.elf.dir/Src/gpio.c.obj
 .debug_line    0x00007514      0x4b8 CMakeFiles/f1_demo.elf.dir/Src/main.c.obj
 .debug_line    0x000079cc      0x298 CMakeFiles/f1_demo.elf.dir/Src/stm32f1xx_hal_msp.c.obj
 .debug_line    0x00007c64      0x39e CMakeFiles/f1_demo.elf.dir/Src/stm32f1xx_it.c.obj
 .debug_line    0x00008002      0x34b CMakeFiles/f1_demo.elf.dir/Src/system_stm32f1xx.c.obj
 .debug_line    0x0000834d      0x3f8 CMakeFiles/f1_demo.elf.dir/Src/tim.c.obj
 .debug_line    0x00008745      0x39f CMakeFiles/f1_demo.elf.dir/Src/usart.c.obj
 .debug_line    0x00008ae4       0xb3 CMakeFiles/f1_demo.elf.dir/startup/startup_stm32f103xb.s.obj

.debug_str      0x00000000     0x3afd
 .debug_str     0x00000000      0x814 CMakeFiles/f1_demo.elf.dir/Drivers/STM32F1xx_HAL_Driver/Src/stm32f1xx_hal.c.obj
                                0x878 (size before relaxing)
 .debug_str     0x00000814      0x440 CMakeFiles/f1_demo.elf.dir/Drivers/STM32F1xx_HAL_Driver/Src/stm32f1xx_hal_cortex.c.obj
                                0x9df (size before relaxing)
 .debug_str     0x00000c54      0x205 CMakeFiles/f1_demo.elf.dir/Drivers/STM32F1xx_HAL_Driver/Src/stm32f1xx_hal_gpio.c.obj
                                0x530 (size before relaxing)
 .debug_str     0x00000e59      0x360 CMakeFiles/f1_demo.elf.dir/Drivers/STM32F1xx_HAL_Driver/Src/stm32f1xx_hal_rcc.c.obj
                                0x6eb (size before relaxing)
 .debug_str     0x000011b9     0x11ac CMakeFiles/f1_demo.elf.dir/Drivers/STM32F1xx_HAL_Driver/Src/stm32f1xx_hal_tim.c.obj
                               0x150e (size before relaxing)
 .debug_str     0x00002365      0x5af CMakeFiles/f1_demo.elf.dir/Drivers/STM32F1xx_HAL_Driver/Src/stm32f1xx_hal_tim_ex.c.obj
                                0xd0e (size before relaxing)
 .debug_str     0x00002914      0x713 CMakeFiles/f1_demo.elf.dir/Drivers/STM32F1xx_HAL_Driver/Src/stm32f1xx_hal_uart.c.obj
                                0xc32 (size before relaxing)
 .debug_str     0x00003027      0x114 CMakeFiles/f1_demo.elf.dir/Src/Control.c.obj
                                0x3d4 (size before relaxing)
 .debug_str     0x0000313b       0x77 CMakeFiles/f1_demo.elf.dir/Src/KeyBoard.c.obj
                                0x370 (size before relaxing)
 .debug_str     0x000031b2      0x4a2 CMakeFiles/f1_demo.elf.dir/Src/Rx433Lin.c.obj
                                0x7a5 (size before relaxing)
 .debug_str     0x00003654       0xd5 CMakeFiles/f1_demo.elf.dir/Src/Tx433Lin.c.obj
                                0x3fa (size before relaxing)
 .debug_str     0x00003729       0x61 CMakeFiles/f1_demo.elf.dir/Src/gpio.c.obj
                                0x388 (size before relaxing)
 .debug_str     0x0000378a       0x81 CMakeFiles/f1_demo.elf.dir/Src/main.c.obj
                                0xe2f (size before relaxing)
 .debug_str     0x0000380b       0x51 CMakeFiles/f1_demo.elf.dir/Src/stm32f1xx_hal_msp.c.obj
                                0x34a (size before relaxing)
 .debug_str     0x0000385c       0xec CMakeFiles/f1_demo.elf.dir/Src/stm32f1xx_it.c.obj
                                0x71d (size before relaxing)
 .debug_str     0x00003948       0x83 CMakeFiles/f1_demo.elf.dir/Src/system_stm32f1xx.c.obj
                                0x39f (size before relaxing)
 .debug_str     0x000039cb       0x69 CMakeFiles/f1_demo.elf.dir/Src/tim.c.obj
                                0xb48 (size before relaxing)
 .debug_str     0x00003a34       0x64 CMakeFiles/f1_demo.elf.dir/Src/usart.c.obj
                                0x752 (size before relaxing)
 .debug_str     0x00003a98       0x65 CMakeFiles/f1_demo.elf.dir/startup/startup_stm32f103xb.s.obj
                                 0xb0 (size before relaxing)

.comment        0x00000000       0x4c
 .comment       0x00000000       0x4c CMakeFiles/f1_demo.elf.dir/Drivers/STM32F1xx_HAL_Driver/Src/stm32f1xx_hal.c.obj
                                 0x4d (size before relaxing)
 .comment       0x0000004c       0x4d CMakeFiles/f1_demo.elf.dir/Drivers/STM32F1xx_HAL_Driver/Src/stm32f1xx_hal_cortex.c.obj
 .comment       0x0000004c       0x4d CMakeFiles/f1_demo.elf.dir/Drivers/STM32F1xx_HAL_Driver/Src/stm32f1xx_hal_gpio.c.obj
 .comment       0x0000004c       0x4d CMakeFiles/f1_demo.elf.dir/Drivers/STM32F1xx_HAL_Driver/Src/stm32f1xx_hal_rcc.c.obj
 .comment       0x0000004c       0x4d CMakeFiles/f1_demo.elf.dir/Drivers/STM32F1xx_HAL_Driver/Src/stm32f1xx_hal_tim.c.obj
 .comment       0x0000004c       0x4d CMakeFiles/f1_demo.elf.dir/Drivers/STM32F1xx_HAL_Driver/Src/stm32f1xx_hal_tim_ex.c.obj
 .comment       0x0000004c       0x4d CMakeFiles/f1_demo.elf.dir/Drivers/STM32F1xx_HAL_Driver/Src/stm32f1xx_hal_uart.c.obj
 .comment       0x0000004c       0x4d CMakeFiles/f1_demo.elf.dir/Src/Control.c.obj
 .comment       0x0000004c       0x4d CMakeFiles/f1_demo.elf.dir/Src/KeyBoard.c.obj
 .comment       0x0000004c       0x4d CMakeFiles/f1_demo.elf.dir/Src/Rx433Lin.c.obj
 .comment       0x0000004c       0x4d CMakeFiles/f1_demo.elf.dir/Src/Tx433Lin.c.obj
 .comment       0x0000004c       0x4d CMakeFiles/f1_demo.elf.dir/Src/gpio.c.obj
 .comment       0x0000004c       0x4d CMakeFiles/f1_demo.elf.dir/Src/main.c.obj
 .comment       0x0000004c       0x4d CMakeFiles/f1_demo.elf.dir/Src/stm32f1xx_hal_msp.c.obj
 .comment       0x0000004c       0x4d CMakeFiles/f1_demo.elf.dir/Src/stm32f1xx_it.c.obj
 .comment       0x0000004c       0x4d CMakeFiles/f1_demo.elf.dir/Src/system_stm32f1xx.c.obj
 .comment       0x0000004c       0x4d CMakeFiles/f1_demo.elf.dir/Src/tim.c.obj
 .comment       0x0000004c       0x4d CMakeFiles/f1_demo.elf.dir/Src/usart.c.obj

.debug_frame    0x00000000     0x2f94
 .debug_frame   0x00000000      0x334 CMakeFiles/f1_demo.elf.dir/Drivers/STM32F1xx_HAL_Driver/Src/stm32f1xx_hal.c.obj
 .debug_frame   0x00000334      0x428 CMakeFiles/f1_demo.elf.dir/Drivers/STM32F1xx_HAL_Driver/Src/stm32f1xx_hal_cortex.c.obj
 .debug_frame   0x0000075c      0x14c CMakeFiles/f1_demo.elf.dir/Drivers/STM32F1xx_HAL_Driver/Src/stm32f1xx_hal_gpio.c.obj
 .debug_frame   0x000008a8      0x21c CMakeFiles/f1_demo.elf.dir/Drivers/STM32F1xx_HAL_Driver/Src/stm32f1xx_hal_rcc.c.obj
 .debug_frame   0x00000ac4     0x10e8 CMakeFiles/f1_demo.elf.dir/Drivers/STM32F1xx_HAL_Driver/Src/stm32f1xx_hal_tim.c.obj
 .debug_frame   0x00001bac      0x5c0 CMakeFiles/f1_demo.elf.dir/Drivers/STM32F1xx_HAL_Driver/Src/stm32f1xx_hal_tim_ex.c.obj
 .debug_frame   0x0000216c      0x834 CMakeFiles/f1_demo.elf.dir/Drivers/STM32F1xx_HAL_Driver/Src/stm32f1xx_hal_uart.c.obj
 .debug_frame   0x000029a0       0x4c CMakeFiles/f1_demo.elf.dir/Src/Control.c.obj
 .debug_frame   0x000029ec       0x94 CMakeFiles/f1_demo.elf.dir/Src/KeyBoard.c.obj
 .debug_frame   0x00002a80       0x5c CMakeFiles/f1_demo.elf.dir/Src/Rx433Lin.c.obj
 .debug_frame   0x00002adc       0xd8 CMakeFiles/f1_demo.elf.dir/Src/Tx433Lin.c.obj
 .debug_frame   0x00002bb4       0x34 CMakeFiles/f1_demo.elf.dir/Src/gpio.c.obj
 .debug_frame   0x00002be8       0x94 CMakeFiles/f1_demo.elf.dir/Src/main.c.obj
 .debug_frame   0x00002c7c       0x38 CMakeFiles/f1_demo.elf.dir/Src/stm32f1xx_hal_msp.c.obj
 .debug_frame   0x00002cb4      0x128 CMakeFiles/f1_demo.elf.dir/Src/stm32f1xx_it.c.obj
 .debug_frame   0x00002ddc       0x58 CMakeFiles/f1_demo.elf.dir/Src/system_stm32f1xx.c.obj
 .debug_frame   0x00002e34       0xa0 CMakeFiles/f1_demo.elf.dir/Src/tim.c.obj
 .debug_frame   0x00002ed4       0x74 CMakeFiles/f1_demo.elf.dir/Src/usart.c.obj
 .debug_frame   0x00002f48       0x2c d:/progra~1/stmicr~1/stm32c~1/stm32c~1/gcc-ar~1/bin/../lib/gcc/arm-none-eabi/9.3.1/../../../../arm-none-eabi/lib/thumb/v7-m/nofp\libg_nano.a(lib_a-init.o)
 .debug_frame   0x00002f74       0x20 d:/progra~1/stmicr~1/stm32c~1/stm32c~1/gcc-ar~1/bin/../lib/gcc/arm-none-eabi/9.3.1/../../../../arm-none-eabi/lib/thumb/v7-m/nofp\libg_nano.a(lib_a-memset.o)
