Archive member included to satisfy reference by file (symbol)

d:/progra~1/stmicr~1/stm32c~1/stm32c~1/gcc-ar~1/bin/../lib/gcc/arm-none-eabi/9.3.1/../../../../arm-none-eabi/lib/thumb/v7-m/nofp\libg_nano.a(lib_a-errno.o)
                              CMakeFiles/f1_demo.elf.dir/Src/syscalls.c.obj (__errno)
d:/progra~1/stmicr~1/stm32c~1/stm32c~1/gcc-ar~1/bin/../lib/gcc/arm-none-eabi/9.3.1/../../../../arm-none-eabi/lib/thumb/v7-m/nofp\libg_nano.a(lib_a-exit.o)
                              d:/progra~1/stmicr~1/stm32c~1/stm32c~1/gcc-ar~1/bin/../lib/gcc/arm-none-eabi/9.3.1/../../../../arm-none-eabi/lib/thumb/v7-m/nofp/crt0.o (exit)
d:/progra~1/stmicr~1/stm32c~1/stm32c~1/gcc-ar~1/bin/../lib/gcc/arm-none-eabi/9.3.1/../../../../arm-none-eabi/lib/thumb/v7-m/nofp\libg_nano.a(lib_a-impure.o)
                              d:/progra~1/stmicr~1/stm32c~1/stm32c~1/gcc-ar~1/bin/../lib/gcc/arm-none-eabi/9.3.1/../../../../arm-none-eabi/lib/thumb/v7-m/nofp\libg_nano.a(lib_a-exit.o) (_global_impure_ptr)
d:/progra~1/stmicr~1/stm32c~1/stm32c~1/gcc-ar~1/bin/../lib/gcc/arm-none-eabi/9.3.1/../../../../arm-none-eabi/lib/thumb/v7-m/nofp\libg_nano.a(lib_a-init.o)
                              d:/progra~1/stmicr~1/stm32c~1/stm32c~1/gcc-ar~1/bin/../lib/gcc/arm-none-eabi/9.3.1/../../../../arm-none-eabi/lib/thumb/v7-m/nofp/crt0.o (__libc_init_array)
d:/progra~1/stmicr~1/stm32c~1/stm32c~1/gcc-ar~1/bin/../lib/gcc/arm-none-eabi/9.3.1/../../../../arm-none-eabi/lib/thumb/v7-m/nofp\libg_nano.a(lib_a-memset.o)
                              d:/progra~1/stmicr~1/stm32c~1/stm32c~1/gcc-ar~1/bin/../lib/gcc/arm-none-eabi/9.3.1/../../../../arm-none-eabi/lib/thumb/v7-m/nofp/crt0.o (memset)
d:/progra~1/stmicr~1/stm32c~1/stm32c~1/gcc-ar~1/bin/../lib/gcc/arm-none-eabi/9.3.1/../../../../arm-none-eabi/lib/thumb/v7-m/nofp\libg_nano.a(lib_a-printf.o)
                              CMakeFiles/f1_demo.elf.dir/Src/Rx433Lin.c.obj (printf)
d:/progra~1/stmicr~1/stm32c~1/stm32c~1/gcc-ar~1/bin/../lib/gcc/arm-none-eabi/9.3.1/../../../../arm-none-eabi/lib/thumb/v7-m/nofp\libg_nano.a(lib_a-puts.o)
                              CMakeFiles/f1_demo.elf.dir/Src/Rx433Lin.c.obj (puts)
d:/progra~1/stmicr~1/stm32c~1/stm32c~1/gcc-ar~1/bin/../lib/gcc/arm-none-eabi/9.3.1/../../../../arm-none-eabi/lib/thumb/v7-m/nofp\libg_nano.a(lib_a-wbuf.o)
                              d:/progra~1/stmicr~1/stm32c~1/stm32c~1/gcc-ar~1/bin/../lib/gcc/arm-none-eabi/9.3.1/../../../../arm-none-eabi/lib/thumb/v7-m/nofp\libg_nano.a(lib_a-puts.o) (__swbuf_r)
d:/progra~1/stmicr~1/stm32c~1/stm32c~1/gcc-ar~1/bin/../lib/gcc/arm-none-eabi/9.3.1/../../../../arm-none-eabi/lib/thumb/v7-m/nofp\libg_nano.a(lib_a-wsetup.o)
                              d:/progra~1/stmicr~1/stm32c~1/stm32c~1/gcc-ar~1/bin/../lib/gcc/arm-none-eabi/9.3.1/../../../../arm-none-eabi/lib/thumb/v7-m/nofp\libg_nano.a(lib_a-puts.o) (__swsetup_r)
d:/progra~1/stmicr~1/stm32c~1/stm32c~1/gcc-ar~1/bin/../lib/gcc/arm-none-eabi/9.3.1/../../../../arm-none-eabi/lib/thumb/v7-m/nofp\libg_nano.a(lib_a-fflush.o)
                              d:/progra~1/stmicr~1/stm32c~1/stm32c~1/gcc-ar~1/bin/../lib/gcc/arm-none-eabi/9.3.1/../../../../arm-none-eabi/lib/thumb/v7-m/nofp\libg_nano.a(lib_a-wbuf.o) (_fflush_r)
d:/progra~1/stmicr~1/stm32c~1/stm32c~1/gcc-ar~1/bin/../lib/gcc/arm-none-eabi/9.3.1/../../../../arm-none-eabi/lib/thumb/v7-m/nofp\libg_nano.a(lib_a-findfp.o)
                              d:/progra~1/stmicr~1/stm32c~1/stm32c~1/gcc-ar~1/bin/../lib/gcc/arm-none-eabi/9.3.1/../../../../arm-none-eabi/lib/thumb/v7-m/nofp\libg_nano.a(lib_a-printf.o) (__sinit)
d:/progra~1/stmicr~1/stm32c~1/stm32c~1/gcc-ar~1/bin/../lib/gcc/arm-none-eabi/9.3.1/../../../../arm-none-eabi/lib/thumb/v7-m/nofp\libg_nano.a(lib_a-fwalk.o)
                              d:/progra~1/stmicr~1/stm32c~1/stm32c~1/gcc-ar~1/bin/../lib/gcc/arm-none-eabi/9.3.1/../../../../arm-none-eabi/lib/thumb/v7-m/nofp\libg_nano.a(lib_a-findfp.o) (_fwalk)
d:/progra~1/stmicr~1/stm32c~1/stm32c~1/gcc-ar~1/bin/../lib/gcc/arm-none-eabi/9.3.1/../../../../arm-none-eabi/lib/thumb/v7-m/nofp\libg_nano.a(lib_a-lock.o)
                              d:/progra~1/stmicr~1/stm32c~1/stm32c~1/gcc-ar~1/bin/../lib/gcc/arm-none-eabi/9.3.1/../../../../arm-none-eabi/lib/thumb/v7-m/nofp\libg_nano.a(lib_a-findfp.o) (__retarget_lock_init_recursive)
d:/progra~1/stmicr~1/stm32c~1/stm32c~1/gcc-ar~1/bin/../lib/gcc/arm-none-eabi/9.3.1/../../../../arm-none-eabi/lib/thumb/v7-m/nofp\libg_nano.a(lib_a-makebuf.o)
                              d:/progra~1/stmicr~1/stm32c~1/stm32c~1/gcc-ar~1/bin/../lib/gcc/arm-none-eabi/9.3.1/../../../../arm-none-eabi/lib/thumb/v7-m/nofp\libg_nano.a(lib_a-wsetup.o) (__smakebuf_r)
d:/progra~1/stmicr~1/stm32c~1/stm32c~1/gcc-ar~1/bin/../lib/gcc/arm-none-eabi/9.3.1/../../../../arm-none-eabi/lib/thumb/v7-m/nofp\libg_nano.a(lib_a-nano-freer.o)
[...]
Memory Configuration

Name             Origin             Length             Attributes
RAM              0x20000000         0x00005000         xrw
FLASH            0x08000000         0x00010000         xr
*default*        0x00000000         0xffffffff

Linker script and memory map

LOAD d:/progra~1/stmicr~1/stm32c~1/stm32c~1/gcc-ar~1/bin/../lib/gcc/arm-none-eabi/9.3.1/thumb/v7-m/nofp/crti.o
LOAD d:/progra~1/stmicr~1/stm32c~1/stm32c~1/gcc-ar~1/bin/../lib/gcc/arm-none-eabi/9.3.1/thumb/v7-m/nofp/crtbegin.o
LOAD d:/progra~1/stmicr~1/stm32c~1/stm32c~1/gcc-ar~1/bin/../lib/gcc/arm-none-eabi/9.3.1/../../../../arm-none-eabi/lib/thumb/v7-m/nofp/crt0.o
LOAD CMakeFiles/f1_demo.elf.dir/Drivers/STM32F1xx_HAL_Driver/Src/stm32f1xx_hal.c.obj
LOAD CMakeFiles/f1_demo.elf.dir/Drivers/STM32F1xx_HAL_Driver/Src/stm32f1xx_hal_cortex.c.obj
LOAD CMakeFiles/f1_demo.elf.dir/Drivers/STM32F1xx_HAL_Driver/Src/stm32f1xx_hal_dma.c.obj
LOAD CMakeFiles/f1_demo.elf.dir/Drivers/STM32F1xx_HAL_Driver/Src/stm32f1xx_hal_exti.c.obj
LOAD CMakeFiles/f1_demo.elf.dir/Drivers/STM32F1xx_HAL_Driver/Src/stm32f1xx_hal_flash.c.obj
LOAD CMakeFiles/f1_demo.elf.dir/Drivers/STM32F1xx_HAL_Driver/Src/stm32f1xx_hal_flash_ex.c.obj
LOAD CMakeFiles/f1_demo.elf.dir/Drivers/STM32F1xx_HAL_Driver/Src/stm32f1xx_hal_gpio.c.obj
LOAD CMakeFiles/f1_demo.elf.dir/Drivers/STM32F1xx_HAL_Driver/Src/stm32f1xx_hal_gpio_ex.c.obj
LOAD CMakeFiles/f1_demo.elf.dir/Drivers/STM32F1xx_HAL_Driver/Src/stm32f1xx_hal_pwr.c.obj
LOAD CMakeFiles/f1_demo.elf.dir/Drivers/STM32F1xx_HAL_Driver/Src/stm32f1xx_hal_rcc.c.obj
LOAD CMakeFiles/f1_demo.elf.dir/Drivers/STM32F1xx_HAL_Driver/Src/stm32f1xx_hal_rcc_ex.c.obj
LOAD CMakeFiles/f1_demo.elf.dir/Drivers/STM32F1xx_HAL_Driver/Src/stm32f1xx_hal_tim.c.obj
LOAD CMakeFiles/f1_demo.elf.dir/Drivers/STM32F1xx_HAL_Driver/Src/stm32f1xx_hal_tim_ex.c.obj
LOAD CMakeFiles/f1_demo.elf.dir/Drivers/STM32F1xx_HAL_Driver/Src/stm32f1xx_hal_uart.c.obj
LOAD CMakeFiles/f1_demo.elf.dir/Src/Control.c.obj
LOAD CMakeFiles/f1_demo.elf.dir/Src/KeyBoard.c.obj
LOAD CMakeFiles/f1_demo.elf.dir/Src/Rx433Lin.c.obj
LOAD CMakeFiles/f1_demo.elf.dir/Src/Rx433Remote.c.obj
LOAD CMakeFiles/f1_demo.elf.dir/Src/Tx433Lin.c.obj
LOAD CMakeFiles/f1_demo.elf.dir/Src/Tx433Remote.c.obj
LOAD CMakeFiles/f1_demo.elf.dir/Src/gpio.c.obj
LOAD CMakeFiles/f1_demo.elf.dir/Src/keeloq_decode.c.obj
LOAD CMakeFiles/f1_demo.elf.dir/Src/keeloq_lock.c.obj
LOAD CMakeFiles/f1_demo.elf.dir/Src/main.c.obj
LOAD CMakeFiles/f1_demo.elf.dir/Src/oled.c.obj
LOAD CMakeFiles/f1_demo.elf.dir/Src/stm32f1xx_hal_msp.c.obj
LOAD CMakeFiles/f1_demo.elf.dir/Src/stm32f1xx_it.c.obj
LOAD CMakeFiles/f1_demo.elf.dir/Src/syscalls.c.obj
LOAD CMakeFiles/f1_demo.elf.dir/Src/system_stm32f1xx.c.obj
LOAD CMakeFiles/f1_demo.elf.dir/Src/tim.c.obj
LOAD CMakeFiles/f1_demo.elf.dir/Src/usart.c.obj
LOAD CMakeFiles/f1_demo.elf.dir/startup/startup_stm32f103xb.s.obj
START GROUP
LOAD d:/progra~1/stmicr~1/stm32c~1/stm32c~1/gcc-ar~1/bin/../lib/gcc/arm-none-eabi/9.3.1/thumb/v7-m/nofp\libgcc.a
LOAD d:/progra~1/stmicr~1/stm32c~1/stm32c~1/gcc-ar~1/bin/../lib/gcc/arm-none-eabi/9.3.1/../../../../arm-none-eabi/lib/thumb/v7-m/nofp\libg_nano.a
LOAD d:/progra~1/stmicr~1/stm32c~1/stm32c~1/gcc-ar~1/bin/../lib/gcc/arm-none-eabi/9.3.1/../../../../arm-none-eabi/lib/thumb/v7-m/nofp\libc_nano.a
END GROUP
START GROUP
LOAD d:/progra~1/stmicr~1/stm32c~1/stm32c~1/gcc-ar~1/bin/../lib/gcc/arm-none-eabi/9.3.1/thumb/v7-m/nofp\libgcc.a
LOAD d:/progra~1/stmicr~1/stm32c~1/stm32c~1/gcc-ar~1/bin/../lib/gcc/arm-none-eabi/9.3.1/../../../../arm-none-eabi/lib/thumb/v7-m/nofp\libc_nano.a
LOAD d:/progra~1/stmicr~1/stm32c~1/stm32c~1/gcc-ar~1/bin/../lib/gcc/arm-none-eabi/9.3.1/../../../../arm-none-eabi/lib/thumb/v7-m/nofp\libnosys.a
END GROUP
START GROUP
LOAD d:/progra~1/stmicr~1/stm32c~1/stm32c~1/gcc-ar~1/bin/../lib/gcc/arm-none-eabi/9.3.1/thumb/v7-m/nofp\libgcc.a
LOAD d:/progra~1/stmicr~1/stm32c~1/stm32c~1/gcc-ar~1/bin/../lib/gcc/arm-none-eabi/9.3.1/../../../../arm-none-eabi/lib/thumb/v7-m/nofp\libc_nano.a
LOAD d:/progra~1/stmicr~1/stm32c~1/stm32c~1/gcc-ar~1/bin/../lib/gcc/arm-none-eabi/9.3.1/../../../../arm-none-eabi/lib/thumb/v7-m/nofp\libnosys.a
END GROUP
LOAD d:/progra~1/stmicr~1/stm32c~1/stm32c~1/gcc-ar~1/bin/../lib/gcc/arm-none-eabi/9.3.1/thumb/v7-m/nofp/crtend.o
LOAD d:/progra~1/stmicr~1/stm32c~1/stm32c~1/gcc-ar~1/bin/../lib/gcc/arm-none-eabi/9.3.1/thumb/v7-m/nofp/crtn.o
                0x20005000                _estack = 0x20005000
                0x00000200                _Min_Heap_Size = 0x200
                0x00000400                _Min_Stack_Size = 0x400

.isr_vector     0x08000000      0x10c
                0x08000000                . = ALIGN (0x4)
 *(.isr_vector)
 .isr_vector    0x08000000      0x10c CMakeFiles/f1_demo.elf.dir/startup/startup_stm32f103xb.s.obj
                0x08000000                g_pfnVectors
                0x0800010c                . = ALIGN (0x4)

.text           0x0800010c     0x3284
                0x0800010c                . = ALIGN (0x4)
 *(.text)
 .text          0x0800010c       0x40 d:/progra~1/stmicr~1/stm32c~1/stm32c~1/gcc-ar~1/bin/../lib/gcc/arm-none-eabi/9.3.1/thumb/v7-m/nofp/crtbegin.o
 *(.text*)
 .text.HAL_Init
                0x0800014c       0x2c CMakeFiles/f1_demo.elf.dir/Drivers/STM32F1xx_HAL_Driver/Src/stm32f1xx_hal.c.obj
                0x0800014c                HAL_Init
 .text.HAL_InitTick
                0x08000178       0x60 CMakeFiles/f1_demo.elf.dir/Drivers/STM32F1xx_HAL_Driver/Src/stm32f1xx_hal.c.obj
                0x08000178                HAL_InitTick
 .text.HAL_IncTick
                0x080001d8       0x24 CMakeFiles/f1_demo.elf.dir/Drivers/STM32F1xx_HAL_Driver/Src/stm32f1xx_hal.c.obj
                0x080001d8                HAL_IncTick
 .text.HAL_GetTick
                0x080001fc       0x14 CMakeFiles/f1_demo.elf.dir/Drivers/STM32F1xx_HAL_Driver/Src/stm32f1xx_hal.c.obj
                0x080001fc                HAL_GetTick
 .text.__NVIC_SetPriorityGrouping
                0x08000210       0x48 CMakeFiles/f1_demo.elf.dir/Drivers/STM32F1xx_HAL_Driver/Src/stm32f1xx_hal_cortex.c.obj
 .text.__NVIC_GetPriorityGrouping
                0x08000258       0x1c CMakeFiles/f1_demo.elf.dir/Drivers/STM32F1xx_HAL_Driver/Src/stm32f1xx_hal_cortex.c.obj
 .text.__NVIC_EnableIRQ
                0x08000274       0x38 CMakeFiles/f1_demo.elf.dir/Drivers/STM32F1xx_HAL_Driver/Src/stm32f1xx_hal_cortex.c.obj
 .text.__NVIC_SetPriority
                0x080002ac       0x54 CMakeFiles/f1_demo.elf.dir/Drivers/STM32F1xx_HAL_Driver/Src/stm32f1xx_hal_cortex.c.obj
 .text.NVIC_EncodePriority
                0x08000300       0x64 CMakeFiles/f1_demo.elf.dir/Drivers/STM32F1xx_HAL_Driver/Src/stm32f1xx_hal_cortex.c.obj
 .text.SysTick_Config
                0x08000364       0x44 CMakeFiles/f1_demo.elf.dir/Drivers/STM32F1xx_HAL_Driver/Src/stm32f1xx_hal_cortex.c.obj
 .text.HAL_NVIC_SetPriorityGrouping
                0x080003a8       0x16 CMakeFiles/f1_demo.elf.dir/Drivers/STM32F1xx_HAL_Driver/Src/stm32f1xx_hal_cortex.c.obj
                0x080003a8                HAL_NVIC_SetPriorityGrouping
 .text.HAL_NVIC_SetPriority
                0x080003be       0x38 CMakeFiles/f1_demo.elf.dir/Drivers/STM32F1xx_HAL_Driver/Src/stm32f1xx_hal_cortex.c.obj
                0x080003be                HAL_NVIC_SetPriority
 .text.HAL_NVIC_EnableIRQ
                0x080003f6       0x1c CMakeFiles/f1_demo.elf.dir/Drivers/STM32F1xx_HAL_Driver/Src/stm32f1xx_hal_cortex.c.obj
                0x080003f6                HAL_NVIC_EnableIRQ
 .text.HAL_SYSTICK_Config
                0x08000412       0x18 CMakeFiles/f1_demo.elf.dir/Drivers/STM32F1xx_HAL_Driver/Src/stm32f1xx_hal_cortex.c.obj
                0x08000412                HAL_SYSTICK_Config
 *fill*         0x0800042a        0x2 
 .text.HAL_GPIO_Init
                0x0800042c      0x308 CMakeFiles/f1_demo.elf.dir/Drivers/STM32F1xx_HAL_Driver/Src/stm32f1xx_hal_gpio.c.obj
                0x0800042c                HAL_GPIO_Init
 .text.HAL_GPIO_ReadPin
                0x08000734       0x2e CMakeFiles/f1_demo.elf.dir/Drivers/STM32F1xx_HAL_Driver/Src/stm32f1xx_hal_gpio.c.obj
                0x08000734                HAL_GPIO_ReadPin
 .text.HAL_GPIO_WritePin
                0x08000762       0x30 CMakeFiles/f1_demo.elf.dir/Drivers/STM32F1xx_HAL_Driver/Src/stm32f1xx_hal_gpio.c.obj
                0x08000762                HAL_GPIO_WritePin
 *fill*         0x08000792        0x2 
 .text.HAL_RCC_OscConfig
                0x08000794      0x500 CMakeFiles/f1_demo.elf.dir/Drivers/STM32F1xx_HAL_Driver/Src/stm32f1xx_hal_rcc.c.obj
                0x08000794                HAL_RCC_OscConfig
 .text.HAL_RCC_ClockConfig
                0x08000c94      0x1d4 CMakeFiles/f1_demo.elf.dir/Drivers/STM32F1xx_HAL_Driver/Src/stm32f1xx_hal_rcc.c.obj
                0x08000c94                HAL_RCC_ClockConfig
 .text.HAL_RCC_GetSysClockFreq
                0x08000e68       0xc0 CMakeFiles/f1_demo.elf.dir/Drivers/STM32F1xx_HAL_Driver/Src/stm32f1xx_hal_rcc.c.obj
                0x08000e68                HAL_RCC_GetSysClockFreq
 .text.HAL_RCC_GetHCLKFreq
                0x08000f28       0x14 CMakeFiles/f1_demo.elf.dir/Drivers/STM32F1xx_HAL_Driver/Src/stm32f1xx_hal_rcc.c.obj
                0x08000f28                HAL_RCC_GetHCLKFreq
 .text.HAL_RCC_GetPCLK1Freq
                0x08000f3c       0x28 CMakeFiles/f1_demo.elf.dir/Drivers/STM32F1xx_HAL_Driver/Src/stm32f1xx_hal_rcc.c.obj
                0x08000f3c                HAL_RCC_GetPCLK1Freq
 .text.HAL_RCC_GetPCLK2Freq
                0x08000f64       0x28 CMakeFiles/f1_demo.elf.dir/Drivers/STM32F1xx_HAL_Driver/Src/stm32f1xx_hal_rcc.c.obj
                0x08000f64                HAL_RCC_GetPCLK2Freq
 .text.RCC_Delay
                0x08000f8c       0x3c CMakeFiles/f1_demo.elf.dir/Drivers/STM32F1xx_HAL_Driver/Src/stm32f1xx_hal_rcc.c.obj
 .text.HAL_TIM_Base_Init
                0x08000fc8       0x56 CMakeFiles/f1_demo.elf.dir/Drivers/STM32F1xx_HAL_Driver/Src/stm32f1xx_hal_tim.c.obj
                0x08000fc8                HAL_TIM_Base_Init
 .text.HAL_TIM_Base_Start_IT
                0x0800101e       0x46 CMakeFiles/f1_demo.elf.dir/Drivers/STM32F1xx_HAL_Driver/Src/stm32f1xx_hal_tim.c.obj
                0x0800101e                HAL_TIM_Base_Start_IT
 .text.HAL_TIM_IRQHandler
                0x08001064      0x210 CMakeFiles/f1_demo.elf.dir/Drivers/STM32F1xx_HAL_Driver/Src/stm32f1xx_hal_tim.c.obj
                0x08001064                HAL_TIM_IRQHandler
 .text.HAL_TIM_ConfigClockSource
                0x08001274      0x188 CMakeFiles/f1_demo.elf.dir/Drivers/STM32F1xx_HAL_Driver/Src/stm32f1xx_hal_tim.c.obj
                0x08001274                HAL_TIM_ConfigClockSource
 .text.HAL_TIM_OC_DelayElapsedCallback
                0x080013fc       0x12 CMakeFiles/f1_demo.elf.dir/Drivers/STM32F1xx_HAL_Driver/Src/stm32f1xx_hal_tim.c.obj
                0x080013fc                HAL_TIM_OC_DelayElapsedCallback
 .text.HAL_TIM_IC_CaptureCallback
                0x0800140e       0x12 CMakeFiles/f1_demo.elf.dir/Drivers/STM32F1xx_HAL_Driver/Src/stm32f1xx_hal_tim.c.obj
                0x0800140e                HAL_TIM_IC_CaptureCallback
 .text.HAL_TIM_PWM_PulseFinishedCallback
                0x08001420       0x12 CMakeFiles/f1_demo.elf.dir/Drivers/STM32F1xx_HAL_Driver/Src/stm32f1xx_hal_tim.c.obj
                0x08001420                HAL_TIM_PWM_PulseFinishedCallback
 .text.HAL_TIM_TriggerCallback
                0x08001432       0x12 CMakeFiles/f1_demo.elf.dir/Drivers/STM32F1xx_HAL_Driver/Src/stm32f1xx_hal_tim.c.obj
                0x08001432                HAL_TIM_TriggerCallback
 .text.TIM_Base_SetConfig
                0x08001444       0xc4 CMakeFiles/f1_demo.elf.dir/Drivers/STM32F1xx_HAL_Driver/Src/stm32f1xx_hal_tim.c.obj
                0x08001444                TIM_Base_SetConfig
 .text.TIM_TI1_ConfigInputStage
                0x08001508       0x5c CMakeFiles/f1_demo.elf.dir/Drivers/STM32F1xx_HAL_Driver/Src/stm32f1xx_hal_tim.c.obj
 .text.TIM_TI2_ConfigInputStage
                0x08001564       0x5e CMakeFiles/f1_demo.elf.dir/Drivers/STM32F1xx_HAL_Driver/Src/stm32f1xx_hal_tim.c.obj
 .text.TIM_ITRx_SetConfig
                0x080015c2       0x34 CMakeFiles/f1_demo.elf.dir/Drivers/STM32F1xx_HAL_Driver/Src/stm32f1xx_hal_tim.c.obj
 .text.TIM_ETR_SetConfig
                0x080015f6       0x3e CMakeFiles/f1_demo.elf.dir/Drivers/STM32F1xx_HAL_Driver/Src/stm32f1xx_hal_tim.c.obj
                0x080015f6                TIM_ETR_SetConfig
 .text.HAL_TIMEx_MasterConfigSynchronization
                0x08001634       0x88 CMakeFiles/f1_demo.elf.dir/Drivers/STM32F1xx_HAL_Driver/Src/stm32f1xx_hal_tim_ex.c.obj
                0x08001634                HAL_TIMEx_MasterConfigSynchronization
 .text.HAL_TIMEx_CommutCallback
                0x080016bc       0x12 CMakeFiles/f1_demo.elf.dir/Drivers/STM32F1xx_HAL_Driver/Src/stm32f1xx_hal_tim_ex.c.obj
                0x080016bc                HAL_TIMEx_CommutCallback
 .text.HAL_TIMEx_BreakCallback
                0x080016ce       0x12 CMakeFiles/f1_demo.elf.dir/Drivers/STM32F1xx_HAL_Driver/Src/stm32f1xx_hal_tim_ex.c.obj
                0x080016ce                HAL_TIMEx_BreakCallback
 .text.HAL_UART_Init
                0x080016e0       0x9a CMakeFiles/f1_demo.elf.dir/Drivers/STM32F1xx_HAL_Driver/Src/stm32f1xx_hal_uart.c.obj
                0x080016e0                HAL_UART_Init
 .text.HAL_UART_Transmit
                0x0800177a      0x132 CMakeFiles/f1_demo.elf.dir/Drivers/STM32F1xx_HAL_Driver/Src/stm32f1xx_hal_uart.c.obj
                0x0800177a                HAL_UART_Transmit
 .text.UART_WaitOnFlagUntilTimeout
                0x080018ac       0x94 CMakeFiles/f1_demo.elf.dir/Drivers/STM32F1xx_HAL_Driver/Src/stm32f1xx_hal_uart.c.obj
 .text.UART_SetConfig
                0x08001940      0x1b4 CMakeFiles/f1_demo.elf.dir/Drivers/STM32F1xx_HAL_Driver/Src/stm32f1xx_hal_uart.c.obj
 .text.KeyMenu  0x08001af4       0x50 CMakeFiles/f1_demo.elf.dir/Src/Control.c.obj
                0x08001af4                KeyMenu
 .text.KeyScan  0x08001b44      0x138 CMakeFiles/f1_demo.elf.dir/Src/KeyBoard.c.obj
                0x08001b44                KeyScan
 .text.KeyPress
                0x08001c7c       0x24 CMakeFiles/f1_demo.elf.dir/Src/KeyBoard.c.obj
                0x08001c7c                KeyPress
 .text.KeyRelease
                0x08001ca0       0x24 CMakeFiles/f1_demo.elf.dir/Src/KeyBoard.c.obj
                0x08001ca0                KeyRelease
 .text.KeyContinued
                0x08001cc4       0x40 CMakeFiles/f1_demo.elf.dir/Src/KeyBoard.c.obj
                0x08001cc4                KeyContinued
 .text.Rx433_Ir_Init
                0x08001d04       0x28 CMakeFiles/f1_demo.elf.dir/Src/Rx433Remote.c.obj
                0x08001d04                Rx433_Ir_Init
 .text.Rx433IrDatMove
                0x08001d2c       0x94 CMakeFiles/f1_demo.elf.dir/Src/Rx433Remote.c.obj
                0x08001d2c                Rx433IrDatMove
 .text.Rx433IrTask
                0x08001dc0      0x1b0 CMakeFiles/f1_demo.elf.dir/Src/Rx433Remote.c.obj
                0x08001dc0                Rx433IrTask
 .text.AskInit  0x08001f70       0x4c CMakeFiles/f1_demo.elf.dir/Src/Tx433Lin.c.obj
                0x08001f70                AskInit
 .text.Tx433IrInit
                0x08001fbc       0x3c CMakeFiles/f1_demo.elf.dir/Src/Tx433Remote.c.obj
                0x08001fbc                Tx433IrInit
 .text.Tx433IrOpen
                0x08001ff8       0x38 CMakeFiles/f1_demo.elf.dir/Src/Tx433Remote.c.obj
                0x08001ff8                Tx433IrOpen
 .text.Tx433GetBit
                0x08002030       0x48 CMakeFiles/f1_demo.elf.dir/Src/Tx433Remote.c.obj
                0x08002030                Tx433GetBit
 .text.Tx433IrDataMove
                0x08002078       0x54 CMakeFiles/f1_demo.elf.dir/Src/Tx433Remote.c.obj
                0x08002078                Tx433IrDataMove
 .text.Tx433IrSend1Bit
                0x080020cc       0x4c CMakeFiles/f1_demo.elf.dir/Src/Tx433Remote.c.obj
                0x080020cc                Tx433IrSend1Bit
 .text.Tx433IrSend0Bit
                0x08002118       0x4c CMakeFiles/f1_demo.elf.dir/Src/Tx433Remote.c.obj
                0x08002118                Tx433IrSend0Bit
 .text.Tx433IrSendEnd
                0x08002164       0x70 CMakeFiles/f1_demo.elf.dir/Src/Tx433Remote.c.obj
                0x08002164                Tx433IrSendEnd
 .text.Tx433IrTask
                0x080021d4       0x50 CMakeFiles/f1_demo.elf.dir/Src/Tx433Remote.c.obj
                0x080021d4                Tx433IrTask
 .text.MX_GPIO_Init
                0x08002224       0xf4 CMakeFiles/f1_demo.elf.dir/Src/gpio.c.obj
                0x08002224                MX_GPIO_Init
 .text.NLF_DEFINE
                0x08002318       0xd0 CMakeFiles/f1_demo.elf.dir/Src/keeloq_lock.c.obj
                0x08002318                NLF_DEFINE
 .text._write   0x080023e8       0x2c CMakeFiles/f1_demo.elf.dir/Src/main.c.obj
                0x080023e8                _write
 .text.main     0x08002414       0x44 CMakeFiles/f1_demo.elf.dir/Src/main.c.obj
                0x08002414                main
 .text.SystemClock_Config
                0x08002458       0x8a CMakeFiles/f1_demo.elf.dir/Src/main.c.obj
                0x08002458                SystemClock_Config
 .text.Error_Handler
                0x080024e2        0xc CMakeFiles/f1_demo.elf.dir/Src/main.c.obj
                0x080024e2                Error_Handler
 *fill*         0x080024ee        0x2 
 .text.HAL_MspInit
                0x080024f0       0x64 CMakeFiles/f1_demo.elf.dir/Src/stm32f1xx_hal_msp.c.obj
                0x080024f0                HAL_MspInit
 .text.NMI_Handler
                0x08002554        0xc CMakeFiles/f1_demo.elf.dir/Src/stm32f1xx_it.c.obj
                0x08002554                NMI_Handler
 .text.HardFault_Handler
                0x08002560        0x6 CMakeFiles/f1_demo.elf.dir/Src/stm32f1xx_it.c.obj
                0x08002560                HardFault_Handler
 .text.MemManage_Handler
                0x08002566        0x6 CMakeFiles/f1_demo.elf.dir/Src/stm32f1xx_it.c.obj
                0x08002566                MemManage_Handler
 .text.BusFault_Handler
                0x0800256c        0x6 CMakeFiles/f1_demo.elf.dir/Src/stm32f1xx_it.c.obj
                0x0800256c                BusFault_Handler
 .text.UsageFault_Handler
                0x08002572        0x6 CMakeFiles/f1_demo.elf.dir/Src/stm32f1xx_it.c.obj
                0x08002572                UsageFault_Handler
 .text.SVC_Handler
                0x08002578        0xc CMakeFiles/f1_demo.elf.dir/Src/stm32f1xx_it.c.obj
                0x08002578                SVC_Handler
 .text.DebugMon_Handler
                0x08002584        0xc CMakeFiles/f1_demo.elf.dir/Src/stm32f1xx_it.c.obj
                0x08002584                DebugMon_Handler
 .text.PendSV_Handler
                0x08002590        0xc CMakeFiles/f1_demo.elf.dir/Src/stm32f1xx_it.c.obj
                0x08002590                PendSV_Handler
 .text.SysTick_Handler
                0x0800259c        0xc CMakeFiles/f1_demo.elf.dir/Src/stm32f1xx_it.c.obj
                0x0800259c                SysTick_Handler
 .text.TIM3_IRQHandler
                0x080025a8       0x14 CMakeFiles/f1_demo.elf.dir/Src/stm32f1xx_it.c.obj
                0x080025a8                TIM3_IRQHandler
 .text._read    0x080025bc       0x3a CMakeFiles/f1_demo.elf.dir/Src/syscalls.c.obj
                0x080025bc                _read
 *fill*         0x080025f6        0x2 
 .text._sbrk    0x080025f8       0x58 CMakeFiles/f1_demo.elf.dir/Src/syscalls.c.obj
                0x080025f8                _sbrk
 .text._close   0x08002650       0x16 CMakeFiles/f1_demo.elf.dir/Src/syscalls.c.obj
                0x08002650                _close
 .text._fstat   0x08002666       0x1e CMakeFiles/f1_demo.elf.dir/Src/syscalls.c.obj
                0x08002666                _fstat
 .text._isatty  0x08002684       0x14 CMakeFiles/f1_demo.elf.dir/Src/syscalls.c.obj
                0x08002684                _isatty
 .text._lseek   0x08002698       0x18 CMakeFiles/f1_demo.elf.dir/Src/syscalls.c.obj
                0x08002698                _lseek
 .text.SystemInit
                0x080026b0       0x68 CMakeFiles/f1_demo.elf.dir/Src/system_stm32f1xx.c.obj
                0x080026b0                SystemInit
 .text.MX_TIM3_Init
                0x08002718       0x98 CMakeFiles/f1_demo.elf.dir/Src/tim.c.obj
                0x08002718                MX_TIM3_Init
 .text.HAL_TIM_Base_MspInit
                0x080027b0       0x4c CMakeFiles/f1_demo.elf.dir/Src/tim.c.obj
                0x080027b0                HAL_TIM_Base_MspInit
 .text.HAL_TIM_PeriodElapsedCallback
                0x080027fc       0x5c CMakeFiles/f1_demo.elf.dir/Src/tim.c.obj
                0x080027fc                HAL_TIM_PeriodElapsedCallback
 .text.MX_USART1_UART_Init
                0x08002858       0x54 CMakeFiles/f1_demo.elf.dir/Src/usart.c.obj
                0x08002858                MX_USART1_UART_Init
 .text.HAL_UART_MspInit
                0x080028ac       0x98 CMakeFiles/f1_demo.elf.dir/Src/usart.c.obj
                0x080028ac                HAL_UART_MspInit
 .text.Reset_Handler
                0x08002944       0x48 CMakeFiles/f1_demo.elf.dir/startup/startup_stm32f103xb.s.obj
                0x08002944                Reset_Handler
 .text.Default_Handler
                0x0800298c        0x2 CMakeFiles/f1_demo.elf.dir/startup/startup_stm32f103xb.s.obj
                0x0800298c                RTC_Alarm_IRQHandler
                0x0800298c                EXTI2_IRQHandler
                0x0800298c                TIM1_CC_IRQHandler
                0x0800298c                PVD_IRQHandler
                0x0800298c                EXTI3_IRQHandler
                0x0800298c                EXTI0_IRQHandler
                0x0800298c                I2C2_EV_IRQHandler
                0x0800298c                ADC1_2_IRQHandler
                0x0800298c                SPI1_IRQHandler
                0x0800298c                TAMPER_IRQHandler
                0x0800298c                DMA1_Channel4_IRQHandler
                0x0800298c                USART3_IRQHandler
                0x0800298c                RTC_IRQHandler
                0x0800298c                DMA1_Channel7_IRQHandler
                0x0800298c                CAN1_RX1_IRQHandler
                0x0800298c                TIM4_IRQHandler
                0x0800298c                I2C1_EV_IRQHandler
                0x0800298c                DMA1_Channel6_IRQHandler
                0x0800298c                RCC_IRQHandler
                0x0800298c                TIM1_TRG_COM_IRQHandler
                0x0800298c                DMA1_Channel1_IRQHandler
                0x0800298c                Default_Handler
                0x0800298c                EXTI15_10_IRQHandler
                0x0800298c                EXTI9_5_IRQHandler
                0x0800298c                SPI2_IRQHandler
                0x0800298c                DMA1_Channel5_IRQHandler
                0x0800298c                EXTI4_IRQHandler
                0x0800298c                USB_LP_CAN1_RX0_IRQHandler
                0x0800298c                USB_HP_CAN1_TX_IRQHandler
                0x0800298c                DMA1_Channel3_IRQHandler
                0x0800298c                TIM1_UP_IRQHandler
                0x0800298c                WWDG_IRQHandler
                0x0800298c                TIM2_IRQHandler
                0x0800298c                TIM1_BRK_IRQHandler
                0x0800298c                EXTI1_IRQHandler
                0x0800298c                USART2_IRQHandler
                0x0800298c                I2C2_ER_IRQHandler
                0x0800298c                DMA1_Channel2_IRQHandler
                0x0800298c                CAN1_SCE_IRQHandler
                0x0800298c                FLASH_IRQHandler
                0x0800298c                USART1_IRQHandler
                0x0800298c                I2C1_ER_IRQHandler
                0x0800298c                USBWakeUp_IRQHandler
 *fill*         0x0800298e        0x2 
 .text.__errno  0x08002990        0xc d:/progra~1/stmicr~1/stm32c~1/stm32c~1/gcc-ar~1/bin/../lib/gcc/arm-none-eabi/9.3.1/../../../../arm-none-eabi/lib/thumb/v7-m/nofp\libg_nano.a(lib_a-errno.o)
                0x08002990                __errno
 .text.__libc_init_array
                0x0800299c       0x48 d:/progra~1/stmicr~1/stm32c~1/stm32c~1/gcc-ar~1/bin/../lib/gcc/arm-none-eabi/9.3.1/../../../../arm-none-eabi/lib/thumb/v7-m/nofp\libg_nano.a(lib_a-init.o)
                0x0800299c                __libc_init_array
 .text.memset   0x080029e4       0x10 d:/progra~1/stmicr~1/stm32c~1/stm32c~1/gcc-ar~1/bin/../lib/gcc/arm-none-eabi/9.3.1/../../../../arm-none-eabi/lib/thumb/v7-m/nofp\libg_nano.a(lib_a-memset.o)
                0x080029e4                memset
 .text._puts_r  0x080029f4       0xdc d:/progra~1/stmicr~1/stm32c~1/stm32c~1/gcc-ar~1/bin/../lib/gcc/arm-none-eabi/9.3.1/../../../../arm-none-eabi/lib/thumb/v7-m/nofp\libg_nano.a(lib_a-puts.o)
                0x080029f4                _puts_r
 .text.puts     0x08002ad0       0x10 d:/progra~1/stmicr~1/stm32c~1/stm32c~1/gcc-ar~1/bin/../lib/gcc/arm-none-eabi/9.3.1/../../../../arm-none-eabi/lib/thumb/v7-m/nofp\libg_nano.a(lib_a-puts.o)
                0x08002ad0                puts
 .text.__swbuf_r
                0x08002ae0       0xa4 d:/progra~1/stmicr~1/stm32c~1/stm32c~1/gcc-ar~1/bin/../lib/gcc/arm-none-eabi/9.3.1/../../../../arm-none-eabi/lib/thumb/v7-m/nofp\libg_nano.a(lib_a-wbuf.o)
                0x08002ae0                __swbuf_r
 .text.__swsetup_r
                0x08002b84       0xdc d:/progra~1/stmicr~1/stm32c~1/stm32c~1/gcc-ar~1/bin/../lib/gcc/arm-none-eabi/9.3.1/../../../../arm-none-eabi/lib/thumb/v7-m/nofp\libg_nano.a(lib_a-wsetup.o)
                0x08002b84                __swsetup_r
 .text.__sflush_r
                0x08002c60      0x10c d:/progra~1/stmicr~1/stm32c~1/stm32c~1/gcc-ar~1/bin/../lib/gcc/arm-none-eabi/9.3.1/../../../../arm-none-eabi/lib/thumb/v7-m/nofp\libg_nano.a(lib_a-fflush.o)
                0x08002c60                __sflush_r
 .text._fflush_r
                0x08002d6c       0x78 d:/progra~1/stmicr~1/stm32c~1/stm32c~1/gcc-ar~1/bin/../lib/gcc/arm-none-eabi/9.3.1/../../../../arm-none-eabi/lib/thumb/v7-m/nofp\libg_nano.a(lib_a-fflush.o)
                0x08002d6c                _fflush_r
 .text.std      0x08002de4       0x48 d:/progra~1/stmicr~1/stm32c~1/stm32c~1/gcc-ar~1/bin/../lib/gcc/arm-none-eabi/9.3.1/../../../../arm-none-eabi/lib/thumb/v7-m/nofp\libg_nano.a(lib_a-findfp.o)
 .text._cleanup_r
                0x08002e2c        0xc d:/progra~1/stmicr~1/stm32c~1/stm32c~1/gcc-ar~1/bin/../lib/gcc/arm-none-eabi/9.3.1/../../../../arm-none-eabi/lib/thumb/v7-m/nofp\libg_nano.a(lib_a-findfp.o)
                0x08002e2c                _cleanup_r
 .text.__sfmoreglue
                0x08002e38       0x2c d:/progra~1/stmicr~1/stm32c~1/stm32c~1/gcc-ar~1/bin/../lib/gcc/arm-none-eabi/9.3.1/../../../../arm-none-eabi/lib/thumb/v7-m/nofp\libg_nano.a(lib_a-findfp.o)
                0x08002e38                __sfmoreglue
 .text.__sfp_lock_acquire
                0x08002e64        0xc d:/progra~1/stmicr~1/stm32c~1/stm32c~1/gcc-ar~1/bin/../lib/gcc/arm-none-eabi/9.3.1/../../../../arm-none-eabi/lib/thumb/v7-m/nofp\libg_nano.a(lib_a-findfp.o)
                0x08002e64                __sfp_lock_acquire
 .text.__sfp_lock_release
                0x08002e70        0xc d:/progra~1/stmicr~1/stm32c~1/stm32c~1/gcc-ar~1/bin/../lib/gcc/arm-none-eabi/9.3.1/../../../../arm-none-eabi/lib/thumb/v7-m/nofp\libg_nano.a(lib_a-findfp.o)
                0x08002e70                __sfp_lock_release
 .text.__sinit_lock_acquire
                0x08002e7c        0xc d:/progra~1/stmicr~1/stm32c~1/stm32c~1/gcc-ar~1/bin/../lib/gcc/arm-none-eabi/9.3.1/../../../../arm-none-eabi/lib/thumb/v7-m/nofp\libg_nano.a(lib_a-findfp.o)
                0x08002e7c                __sinit_lock_acquire
 .text.__sinit_lock_release
                0x08002e88        0xc d:/progra~1/stmicr~1/stm32c~1/stm32c~1/gcc-ar~1/bin/../lib/gcc/arm-none-eabi/9.3.1/../../../../arm-none-eabi/lib/thumb/v7-m/nofp\libg_nano.a(lib_a-findfp.o)
                0x08002e88                __sinit_lock_release
 .text.__sinit  0x08002e94       0x70 d:/progra~1/stmicr~1/stm32c~1/stm32c~1/gcc-ar~1/bin/../lib/gcc/arm-none-eabi/9.3.1/../../../../arm-none-eabi/lib/thumb/v7-m/nofp\libg_nano.a(lib_a-findfp.o)
                0x08002e94                __sinit
 .text.__sfp    0x08002f04       0x8c d:/progra~1/stmicr~1/stm32c~1/stm32c~1/gcc-ar~1/bin/../lib/gcc/arm-none-eabi/9.3.1/../../../../arm-none-eabi/lib/thumb/v7-m/nofp\libg_nano.a(lib_a-findfp.o)
                0x08002f04                __sfp
 .text._fwalk_reent
                0x08002f90       0x3e d:/progra~1/stmicr~1/stm32c~1/stm32c~1/gcc-ar~1/bin/../lib/gcc/arm-none-eabi/9.3.1/../../../../arm-none-eabi/lib/thumb/v7-m/nofp\libg_nano.a(lib_a-fwalk.o)
                0x08002f90                _fwalk_reent
 .text.__retarget_lock_init_recursive
                0x08002fce        0x2 d:/progra~1/stmicr~1/stm32c~1/stm32c~1/gcc-ar~1/bin/../lib/gcc/arm-none-eabi/9.3.1/../../../../arm-none-eabi/lib/thumb/v7-m/nofp\libg_nano.a(lib_a-lock.o)
                0x08002fce                __retarget_lock_init_recursive
 .text.__retarget_lock_acquire_recursive
                0x08002fd0        0x2 d:/progra~1/stmicr~1/stm32c~1/stm32c~1/gcc-ar~1/bin/../lib/gcc/arm-none-eabi/9.3.1/../../../../arm-none-eabi/lib/thumb/v7-m/nofp\libg_nano.a(lib_a-lock.o)
                0x08002fd0                __retarget_lock_acquire_recursive
 .text.__retarget_lock_release_recursive
                0x08002fd2        0x2 d:/progra~1/stmicr~1/stm32c~1/stm32c~1/gcc-ar~1/bin/../lib/gcc/arm-none-eabi/9.3.1/../../../../arm-none-eabi/lib/thumb/v7-m/nofp\libg_nano.a(lib_a-lock.o)
                0x08002fd2                __retarget_lock_release_recursive
 .text.__swhatbuf_r
                0x08002fd4       0x48 d:/progra~1/stmicr~1/stm32c~1/stm32c~1/gcc-ar~1/bin/../lib/gcc/arm-none-eabi/9.3.1/../../../../arm-none-eabi/lib/thumb/v7-m/nofp\libg_nano.a(lib_a-makebuf.o)
                0x08002fd4                __swhatbuf_r
 .text.__smakebuf_r
                0x0800301c       0x80 d:/progra~1/stmicr~1/stm32c~1/stm32c~1/gcc-ar~1/bin/../lib/gcc/arm-none-eabi/9.3.1/../../../../arm-none-eabi/lib/thumb/v7-m/nofp\libg_nano.a(lib_a-makebuf.o)
                0x0800301c                __smakebuf_r
 .text._free_r  0x0800309c       0x98 d:/progra~1/stmicr~1/stm32c~1/stm32c~1/gcc-ar~1/bin/../lib/gcc/arm-none-eabi/9.3.1/../../../../arm-none-eabi/lib/thumb/v7-m/nofp\libg_nano.a(lib_a-nano-freer.o)
                0x0800309c                _free_r
 .text._malloc_r
                0x08003134       0xb4 d:/progra~1/stmicr~1/stm32c~1/stm32c~1/gcc-ar~1/bin/../lib/gcc/arm-none-eabi/9.3.1/../../../../arm-none-eabi/lib/thumb/v7-m/nofp\libg_nano.a(lib_a-nano-mallocr.o)
                0x08003134                _malloc_r
 .text._sbrk_r  0x080031e8       0x20 d:/progra~1/stmicr~1/stm32c~1/stm32c~1/gcc-ar~1/bin/../lib/gcc/arm-none-eabi/9.3.1/../../../../arm-none-eabi/lib/thumb/v7-m/nofp\libg_nano.a(lib_a-sbrkr.o)
                0x080031e8                _sbrk_r
 .text.__sread  0x08003208       0x22 d:/progra~1/stmicr~1/stm32c~1/stm32c~1/gcc-ar~1/bin/../lib/gcc/arm-none-eabi/9.3.1/../../../../arm-none-eabi/lib/thumb/v7-m/nofp\libg_nano.a(lib_a-stdio.o)
                0x08003208                __sread
 .text.__swrite
                0x0800322a       0x38 d:/progra~1/stmicr~1/stm32c~1/stm32c~1/gcc-ar~1/bin/../lib/gcc/arm-none-eabi/9.3.1/../../../../arm-none-eabi/lib/thumb/v7-m/nofp\libg_nano.a(lib_a-stdio.o)
                0x0800322a                __swrite
 .text.__sseek  0x08003262       0x24 d:/progra~1/stmicr~1/stm32c~1/stm32c~1/gcc-ar~1/bin/../lib/gcc/arm-none-eabi/9.3.1/../../../../arm-none-eabi/lib/thumb/v7-m/nofp\libg_nano.a(lib_a-stdio.o)
                0x08003262                __sseek
 .text.__sclose
                0x08003286        0x8 d:/progra~1/stmicr~1/stm32c~1/stm32c~1/gcc-ar~1/bin/../lib/gcc/arm-none-eabi/9.3.1/../../../../arm-none-eabi/lib/thumb/v7-m/nofp\libg_nano.a(lib_a-stdio.o)
                0x08003286                __sclose
 *fill*         0x0800328e        0x2 
 .text._write_r
                0x08003290       0x24 d:/progra~1/stmicr~1/stm32c~1/stm32c~1/gcc-ar~1/bin/../lib/gcc/arm-none-eabi/9.3.1/../../../../arm-none-eabi/lib/thumb/v7-m/nofp\libg_nano.a(lib_a-writer.o)
                0x08003290                _write_r
 .text._close_r
                0x080032b4       0x20 d:/progra~1/stmicr~1/stm32c~1/stm32c~1/gcc-ar~1/bin/../lib/gcc/arm-none-eabi/9.3.1/../../../../arm-none-eabi/lib/thumb/v7-m/nofp\libg_nano.a(lib_a-closer.o)
                0x080032b4                _close_r
 .text._fstat_r
                0x080032d4       0x24 d:/progra~1/stmicr~1/stm32c~1/stm32c~1/gcc-ar~1/bin/../lib/gcc/arm-none-eabi/9.3.1/../../../../arm-none-eabi/lib/thumb/v7-m/nofp\libg_nano.a(lib_a-fstatr.o)
                0x080032d4                _fstat_r
 .text._isatty_r
                0x080032f8       0x20 d:/progra~1/stmicr~1/stm32c~1/stm32c~1/gcc-ar~1/bin/../lib/gcc/arm-none-eabi/9.3.1/../../../../arm-none-eabi/lib/thumb/v7-m/nofp\libg_nano.a(lib_a-isattyr.o)
                0x080032f8                _isatty_r
 .text._lseek_r
                0x08003318       0x24 d:/progra~1/stmicr~1/stm32c~1/stm32c~1/gcc-ar~1/bin/../lib/gcc/arm-none-eabi/9.3.1/../../../../arm-none-eabi/lib/thumb/v7-m/nofp\libg_nano.a(lib_a-lseekr.o)
                0x08003318                _lseek_r
 .text.__malloc_lock
                0x0800333c        0xc d:/progra~1/stmicr~1/stm32c~1/stm32c~1/gcc-ar~1/bin/../lib/gcc/arm-none-eabi/9.3.1/../../../../arm-none-eabi/lib/thumb/v7-m/nofp\libg_nano.a(lib_a-mlock.o)
                0x0800333c                __malloc_lock
 .text.__malloc_unlock
                0x08003348        0xc d:/progra~1/stmicr~1/stm32c~1/stm32c~1/gcc-ar~1/bin/../lib/gcc/arm-none-eabi/9.3.1/../../../../arm-none-eabi/lib/thumb/v7-m/nofp\libg_nano.a(lib_a-mlock.o)
                0x08003348                __malloc_unlock
 .text._read_r  0x08003354       0x24 d:/progra~1/stmicr~1/stm32c~1/stm32c~1/gcc-ar~1/bin/../lib/gcc/arm-none-eabi/9.3.1/../../../../arm-none-eabi/lib/thumb/v7-m/nofp\libg_nano.a(lib_a-readr.o)
                0x08003354                _read_r
 *(.glue_7)
 .glue_7        0x08003378        0x0 linker stubs
 *(.glue_7t)
 .glue_7t       0x08003378        0x0 linker stubs
 *(.eh_frame)
 .eh_frame      0x08003378        0x0 d:/progra~1/stmicr~1/stm32c~1/stm32c~1/gcc-ar~1/bin/../lib/gcc/arm-none-eabi/9.3.1/thumb/v7-m/nofp/crtbegin.o
 *(.init)
 .init          0x08003378        0x4 d:/progra~1/stmicr~1/stm32c~1/stm32c~1/gcc-ar~1/bin/../lib/gcc/arm-none-eabi/9.3.1/thumb/v7-m/nofp/crti.o
                0x08003378                _init
 .init          0x0800337c        0x8 d:/progra~1/stmicr~1/stm32c~1/stm32c~1/gcc-ar~1/bin/../lib/gcc/arm-none-eabi/9.3.1/thumb/v7-m/nofp/crtn.o
 *(.fini)
 .fini          0x08003384        0x4 d:/progra~1/stmicr~1/stm32c~1/stm32c~1/gcc-ar~1/bin/../lib/gcc/arm-none-eabi/9.3.1/thumb/v7-m/nofp/crti.o
                0x08003384                _fini
 .fini          0x08003388        0x8 d:/progra~1/stmicr~1/stm32c~1/stm32c~1/gcc-ar~1/bin/../lib/gcc/arm-none-eabi/9.3.1/thumb/v7-m/nofp/crtn.o
                0x08003390                . = ALIGN (0x4)
                0x08003390                _etext = .

.vfp11_veneer   0x08003390        0x0
 .vfp11_veneer  0x08003390        0x0 linker stubs

.v4_bx          0x08003390        0x0
 .v4_bx         0x08003390        0x0 linker stubs

.iplt           0x08003390        0x0
 .iplt          0x08003390        0x0 d:/progra~1/stmicr~1/stm32c~1/stm32c~1/gcc-ar~1/bin/../lib/gcc/arm-none-eabi/9.3.1/thumb/v7-m/nofp/crtbegin.o

.rodata         0x08003390       0x90
                0x08003390                . = ALIGN (0x4)
 *(.rodata)
 .rodata        0x08003390       0x10 CMakeFiles/f1_demo.elf.dir/Drivers/STM32F1xx_HAL_Driver/Src/stm32f1xx_hal_rcc.c.obj
 .rodata        0x080033a0        0x3 CMakeFiles/f1_demo.elf.dir/Src/Rx433Remote.c.obj
 *(.rodata*)
 *fill*         0x080033a3        0x1 
 .rodata.AHBPrescTable
                0x080033a4       0x10 CMakeFiles/f1_demo.elf.dir/Src/system_stm32f1xx.c.obj
                0x080033a4                AHBPrescTable
 .rodata.APBPrescTable
                0x080033b4        0x8 CMakeFiles/f1_demo.elf.dir/Src/system_stm32f1xx.c.obj
                0x080033b4                APBPrescTable
 .rodata._global_impure_ptr
                0x080033bc        0x4 d:/progra~1/stmicr~1/stm32c~1/stm32c~1/gcc-ar~1/bin/../lib/gcc/arm-none-eabi/9.3.1/../../../../arm-none-eabi/lib/thumb/v7-m/nofp\libg_nano.a(lib_a-impure.o)
                0x080033bc                _global_impure_ptr
 .rodata.__sf_fake_stderr
                0x080033c0       0x20 d:/progra~1/stmicr~1/stm32c~1/stm32c~1/gcc-ar~1/bin/../lib/gcc/arm-none-eabi/9.3.1/../../../../arm-none-eabi/lib/thumb/v7-m/nofp\libg_nano.a(lib_a-findfp.o)
                0x080033c0                __sf_fake_stderr
 .rodata.__sf_fake_stdin
                0x080033e0       0x20 d:/progra~1/stmicr~1/stm32c~1/stm32c~1/gcc-ar~1/bin/../lib/gcc/arm-none-eabi/9.3.1/../../../../arm-none-eabi/lib/thumb/v7-m/nofp\libg_nano.a(lib_a-findfp.o)
                0x080033e0                __sf_fake_stdin
 .rodata.__sf_fake_stdout
                0x08003400       0x20 d:/progra~1/stmicr~1/stm32c~1/stm32c~1/gcc-ar~1/bin/../lib/gcc/arm-none-eabi/9.3.1/../../../../arm-none-eabi/lib/thumb/v7-m/nofp\libg_nano.a(lib_a-findfp.o)
                0x08003400                __sf_fake_stdout
                0x08003420                . = ALIGN (0x4)

.rel.dyn        0x08003420        0x0
 .rel.iplt      0x08003420        0x0 d:/progra~1/stmicr~1/stm32c~1/stm32c~1/gcc-ar~1/bin/../lib/gcc/arm-none-eabi/9.3.1/thumb/v7-m/nofp/crtbegin.o

.ARM.extab
 *(.ARM.extab* .gnu.linkonce.armextab.*)

.ARM            0x08003420        0x0
                0x08003420                __exidx_start = .
 *(.ARM.exidx*)
                0x08003420                __exidx_end = .

.preinit_array  0x08003420        0x0
                0x08003420                PROVIDE (__preinit_array_start = .)
 *(.preinit_array*)
                0x08003420                PROVIDE (__preinit_array_end = .)

.init_array     0x08003420        0x4
                0x08003420                PROVIDE (__init_array_start = .)
 *(SORT_BY_NAME(.init_array.*))
 *(.init_array*)
 .init_array    0x08003420        0x4 d:/progra~1/stmicr~1/stm32c~1/stm32c~1/gcc-ar~1/bin/../lib/gcc/arm-none-eabi/9.3.1/thumb/v7-m/nofp/crtbegin.o
                0x08003424                PROVIDE (__init_array_end = .)

.fini_array     0x08003424        0x4
                [!provide]                PROVIDE (__fini_array_start = .)
 *(SORT_BY_NAME(.fini_array.*))
 *(.fini_array*)
 .fini_array    0x08003424        0x4 d:/progra~1/stmicr~1/stm32c~1/stm32c~1/gcc-ar~1/bin/../lib/gcc/arm-none-eabi/9.3.1/thumb/v7-m/nofp/crtbegin.o
                [!provide]                PROVIDE (__fini_array_end = .)
                0x08003428                _sidata = LOADADDR (.data)

.data           0x20000000       0x78 load address 0x08003428
                0x20000000                . = ALIGN (0x4)
                0x20000000                _sdata = .
 *(.data)
 *(.data*)
 .data.uwTickPrio
                0x20000000        0x4 CMakeFiles/f1_demo.elf.dir/Drivers/STM32F1xx_HAL_Driver/Src/stm32f1xx_hal.c.obj
                0x20000000                uwTickPrio
 .data.uwTickFreq
                0x20000004        0x1 CMakeFiles/f1_demo.elf.dir/Drivers/STM32F1xx_HAL_Driver/Src/stm32f1xx_hal.c.obj
                0x20000004                uwTickFreq
 *fill*         0x20000005        0x3 
 .data.TX_433_Ir_BUF
                0x20000008        0x8 CMakeFiles/f1_demo.elf.dir/Src/Tx433Remote.c.obj
                0x20000008                TX_433_Ir_BUF
 .data.SystemCoreClock
                0x20000010        0x4 CMakeFiles/f1_demo.elf.dir/Src/system_stm32f1xx.c.obj
                0x20000010                SystemCoreClock
 .data._impure_ptr
                0x20000014        0x4 d:/progra~1/stmicr~1/stm32c~1/stm32c~1/gcc-ar~1/bin/../lib/gcc/arm-none-eabi/9.3.1/../../../../arm-none-eabi/lib/thumb/v7-m/nofp\libg_nano.a(lib_a-impure.o)
                0x20000014                _impure_ptr
 .data.impure_data
                0x20000018       0x60 d:/progra~1/stmicr~1/stm32c~1/stm32c~1/gcc-ar~1/bin/../lib/gcc/arm-none-eabi/9.3.1/../../../../arm-none-eabi/lib/thumb/v7-m/nofp\libg_nano.a(lib_a-impure.o)
                0x20000078                . = ALIGN (0x4)
                0x20000078                _edata = .

.igot.plt       0x20000078        0x0 load address 0x080034a0
 .igot.plt      0x20000078        0x0 d:/progra~1/stmicr~1/stm32c~1/stm32c~1/gcc-ar~1/bin/../lib/gcc/arm-none-eabi/9.3.1/thumb/v7-m/nofp/crtbegin.o
                0x20000078                . = ALIGN (0x4)

.bss            0x20000078      0x168 load address 0x080034a0
                0x20000078                _sbss = .
                0x20000078                __bss_start__ = _sbss
 *(.bss)
 .bss           0x20000078       0x1c d:/progra~1/stmicr~1/stm32c~1/stm32c~1/gcc-ar~1/bin/../lib/gcc/arm-none-eabi/9.3.1/thumb/v7-m/nofp/crtbegin.o
 *(.bss*)
 .bss.uwTick    0x20000094        0x4 CMakeFiles/f1_demo.elf.dir/Drivers/STM32F1xx_HAL_Driver/Src/stm32f1xx_hal.c.obj
                0x20000094                uwTick
 .bss.keys      0x20000098        0x6 CMakeFiles/f1_demo.elf.dir/Src/KeyBoard.c.obj
                0x20000098                keys
 *fill*         0x2000009e        0x2 
 .bss.rx_dat    0x200000a0        0x6 CMakeFiles/f1_demo.elf.dir/Src/Rx433Remote.c.obj
                0x200000a0                rx_dat
 *fill*         0x200000a6        0x2 
 .bss.Rx433IrBuf
                0x200000a8        0x8 CMakeFiles/f1_demo.elf.dir/Src/Rx433Remote.c.obj
                0x200000a8                Rx433IrBuf
 .bss.ask_runnum
                0x200000b0        0x1 CMakeFiles/f1_demo.elf.dir/Src/Tx433Lin.c.obj
                0x200000b0                ask_runnum
 .bss.ask_step  0x200000b1        0x1 CMakeFiles/f1_demo.elf.dir/Src/Tx433Lin.c.obj
                0x200000b1                ask_step
 .bss.ask_count
                0x200000b2        0x2 CMakeFiles/f1_demo.elf.dir/Src/Tx433Lin.c.obj
                0x200000b2                ask_count
 .bss.data_num  0x200000b4        0x1 CMakeFiles/f1_demo.elf.dir/Src/Tx433Lin.c.obj
                0x200000b4                data_num
 .bss.data_count
                0x200000b5        0x1 CMakeFiles/f1_demo.elf.dir/Src/Tx433Lin.c.obj
                0x200000b5                data_count
 *fill*         0x200000b6        0x2 
 .bss.irDat     0x200000b8        0x6 CMakeFiles/f1_demo.elf.dir/Src/Tx433Remote.c.obj
                0x200000b8                irDat
 *fill*         0x200000be        0x2 
 .bss.NLF       0x200000c0       0x80 CMakeFiles/f1_demo.elf.dir/Src/keeloq_lock.c.obj
                0x200000c0                NLF
 .bss.heap_end.6026
                0x20000140        0x4 CMakeFiles/f1_demo.elf.dir/Src/syscalls.c.obj
 .bss.htim3     0x20000144       0x40 CMakeFiles/f1_demo.elf.dir/Src/tim.c.obj
                0x20000144                htim3
 .bss.key_count.6162
                0x20000184        0x1 CMakeFiles/f1_demo.elf.dir/Src/tim.c.obj
 *fill*         0x20000185        0x1 
 .bss.count.6161
                0x20000186        0x2 CMakeFiles/f1_demo.elf.dir/Src/tim.c.obj
 .bss.huart1    0x20000188       0x40 CMakeFiles/f1_demo.elf.dir/Src/usart.c.obj
                0x20000188                huart1
 .bss.__malloc_free_list
                0x200001c8        0x4 d:/progra~1/stmicr~1/stm32c~1/stm32c~1/gcc-ar~1/bin/../lib/gcc/arm-none-eabi/9.3.1/../../../../arm-none-eabi/lib/thumb/v7-m/nofp\libg_nano.a(lib_a-nano-mallocr.o)
                0x200001c8                __malloc_free_list
 .bss.__malloc_sbrk_start
                0x200001cc        0x4 d:/progra~1/stmicr~1/stm32c~1/stm32c~1/gcc-ar~1/bin/../lib/gcc/arm-none-eabi/9.3.1/../../../../arm-none-eabi/lib/thumb/v7-m/nofp\libg_nano.a(lib_a-nano-mallocr.o)
                0x200001cc                __malloc_sbrk_start
 *(COMMON)
 COMMON         0x200001d0        0x9 d:/progra~1/stmicr~1/stm32c~1/stm32c~1/gcc-ar~1/bin/../lib/gcc/arm-none-eabi/9.3.1/../../../../arm-none-eabi/lib/thumb/v7-m/nofp\libg_nano.a(lib_a-lock.o)
                0x200001d0                __lock___atexit_recursive_mutex
                0x200001d1                __lock___arc4random_mutex
                0x200001d2                __lock___env_recursive_mutex
                0x200001d3                __lock___sinit_recursive_mutex
                0x200001d4                __lock___malloc_recursive_mutex
                0x200001d5                __lock___at_quick_exit_mutex
                0x200001d6                __lock___dd_hash_mutex
                0x200001d7                __lock___tz_mutex
                0x200001d8                __lock___sfp_recursive_mutex
 *fill*         0x200001d9        0x3 
 COMMON         0x200001dc        0x4 d:/progra~1/stmicr~1/stm32c~1/stm32c~1/gcc-ar~1/bin/../lib/gcc/arm-none-eabi/9.3.1/../../../../arm-none-eabi/lib/thumb/v7-m/nofp\libg_nano.a(lib_a-reent.o)
                0x200001dc                errno
                0x200001e0                . = ALIGN (0x4)
                0x200001e0                _ebss = .
                0x200001e0                __bss_end__ = _ebss

._user_heap_stack
                0x200001e0      0x600 load address 0x080034a0
                0x200001e0                . = ALIGN (0x8)
                0x200001e0                PROVIDE (end = .)
                [!provide]                PROVIDE (_end = .)
                0x200003e0                . = (. + _Min_Heap_Size)
 *fill*         0x200001e0      0x200 
                0x200007e0                . = (. + _Min_Stack_Size)
 *fill*         0x200003e0      0x400 
                0x200007e0                . = ALIGN (0x8)

/DISCARD/
 libc.a(*)
 libm.a(*)
 libgcc.a(*)

.ARM.attributes
                0x00000000       0x29
 *(.ARM.attributes)
 .ARM.attributes
                0x00000000       0x1d d:/progra~1/stmicr~1/stm32c~1/stm32c~1/gcc-ar~1/bin/../lib/gcc/arm-none-eabi/9.3.1/thumb/v7-m/nofp/crti.o
 .ARM.attributes
                0x0000001d       0x2d d:/progra~1/stmicr~1/stm32c~1/stm32c~1/gcc-ar~1/bin/../lib/gcc/arm-none-eabi/9.3.1/thumb/v7-m/nofp/crtbegin.o
 .ARM.attributes
                0x0000004a       0x2d CMakeFiles/f1_demo.elf.dir/Drivers/STM32F1xx_HAL_Driver/Src/stm32f1xx_hal.c.obj
 .ARM.attributes
                0x00000077       0x2d CMakeFiles/f1_demo.elf.dir/Drivers/STM32F1xx_HAL_Driver/Src/stm32f1xx_hal_cortex.c.obj
 .ARM.attributes
                0x000000a4       0x2d CMakeFiles/f1_demo.elf.dir/Drivers/STM32F1xx_HAL_Driver/Src/stm32f1xx_hal_gpio.c.obj
 .ARM.attributes
                0x000000d1       0x2d CMakeFiles/f1_demo.elf.dir/Drivers/STM32F1xx_HAL_Driver/Src/stm32f1xx_hal_rcc.c.obj
 .ARM.attributes
                0x000000fe       0x2d CMakeFiles/f1_demo.elf.dir/Drivers/STM32F1xx_HAL_Driver/Src/stm32f1xx_hal_tim.c.obj
 .ARM.attributes
                0x0000012b       0x2d CMakeFiles/f1_demo.elf.dir/Drivers/STM32F1xx_HAL_Driver/Src/stm32f1xx_hal_tim_ex.c.obj
 .ARM.attributes
                0x00000158       0x2d CMakeFiles/f1_demo.elf.dir/Drivers/STM32F1xx_HAL_Driver/Src/stm32f1xx_hal_uart.c.obj
 .ARM.attributes
                0x00000185       0x2d CMakeFiles/f1_demo.elf.dir/Src/Control.c.obj
 .ARM.attributes
                0x000001b2       0x2d CMakeFiles/f1_demo.elf.dir/Src/KeyBoard.c.obj
 .ARM.attributes
                0x000001df       0x2d CMakeFiles/f1_demo.elf.dir/Src/Rx433Remote.c.obj
 .ARM.attributes
                0x0000020c       0x2d CMakeFiles/f1_demo.elf.dir/Src/Tx433Lin.c.obj
 .ARM.attributes
                0x00000239       0x2d CMakeFiles/f1_demo.elf.dir/Src/Tx433Remote.c.obj
 .ARM.attributes
                0x00000266       0x2d CMakeFiles/f1_demo.elf.dir/Src/gpio.c.obj
 .ARM.attributes
                0x00000293       0x2d CMakeFiles/f1_demo.elf.dir/Src/keeloq_lock.c.obj
 .ARM.attributes
                0x000002c0       0x2d CMakeFiles/f1_demo.elf.dir/Src/main.c.obj
 .ARM.attributes
                0x000002ed       0x2d CMakeFiles/f1_demo.elf.dir/Src/stm32f1xx_hal_msp.c.obj
 .ARM.attributes
                0x0000031a       0x2d CMakeFiles/f1_demo.elf.dir/Src/stm32f1xx_it.c.obj
 .ARM.attributes
                0x00000347       0x2d CMakeFiles/f1_demo.elf.dir/Src/syscalls.c.obj
 .ARM.attributes
                0x00000374       0x2d CMakeFiles/f1_demo.elf.dir/Src/system_stm32f1xx.c.obj
 .ARM.attributes
                0x000003a1       0x2d CMakeFiles/f1_demo.elf.dir/Src/tim.c.obj
 .ARM.attributes
                0x000003ce       0x2d CMakeFiles/f1_demo.elf.dir/Src/usart.c.obj
 .ARM.attributes
                0x000003fb       0x21 CMakeFiles/f1_demo.elf.dir/startup/startup_stm32f103xb.s.obj
 .ARM.attributes
                0x0000041c       0x2d d:/progra~1/stmicr~1/stm32c~1/stm32c~1/gcc-ar~1/bin/../lib/gcc/arm-none-eabi/9.3.1/../../../../arm-none-eabi/lib/thumb/v7-m/nofp\libg_nano.a(lib_a-errno.o)
 .ARM.attributes
                0x00000449       0x2d d:/progra~1/stmicr~1/stm32c~1/stm32c~1/gcc-ar~1/bin/../lib/gcc/arm-none-eabi/9.3.1/../../../../arm-none-eabi/lib/thumb/v7-m/nofp\libg_nano.a(lib_a-impure.o)
 .ARM.attributes
                0x00000476       0x2d d:/progra~1/stmicr~1/stm32c~1/stm32c~1/gcc-ar~1/bin/../lib/gcc/arm-none-eabi/9.3.1/../../../../arm-none-eabi/lib/thumb/v7-m/nofp\libg_nano.a(lib_a-init.o)
 .ARM.attributes
                0x000004a3       0x2d d:/progra~1/stmicr~1/stm32c~1/stm32c~1/gcc-ar~1/bin/../lib/gcc/arm-none-eabi/9.3.1/../../../../arm-none-eabi/lib/thumb/v7-m/nofp\libg_nano.a(lib_a-memset.o)
 .ARM.attributes
                0x000004d0       0x2d d:/progra~1/stmicr~1/stm32c~1/stm32c~1/gcc-ar~1/bin/../lib/gcc/arm-none-eabi/9.3.1/../../../../arm-none-eabi/lib/thumb/v7-m/nofp\libg_nano.a(lib_a-puts.o)
 .ARM.attributes
                0x000004fd       0x2d d:/progra~1/stmicr~1/stm32c~1/stm32c~1/gcc-ar~1/bin/../lib/gcc/arm-none-eabi/9.3.1/../../../../arm-none-eabi/lib/thumb/v7-m/nofp\libg_nano.a(lib_a-wbuf.o)
 .ARM.attributes
                0x0000052a       0x2d d:/progra~1/stmicr~1/stm32c~1/stm32c~1/gcc-ar~1/bin/../lib/gcc/arm-none-eabi/9.3.1/../../../../arm-none-eabi/lib/thumb/v7-m/nofp\libg_nano.a(lib_a-wsetup.o)
 .ARM.attributes
                0x00000557       0x2d d:/progra~1/stmicr~1/stm32c~1/stm32c~1/gcc-ar~1/bin/../lib/gcc/arm-none-eabi/9.3.1/../../../../arm-none-eabi/lib/thumb/v7-m/nofp\libg_nano.a(lib_a-fflush.o)
 .ARM.attributes
                0x00000584       0x2d d:/progra~1/stmicr~1/stm32c~1/stm32c~1/gcc-ar~1/bin/../lib/gcc/arm-none-eabi/9.3.1/../../../../arm-none-eabi/lib/thumb/v7-m/nofp\libg_nano.a(lib_a-findfp.o)
 .ARM.attributes
                0x000005b1       0x2d d:/progra~1/stmicr~1/stm32c~1/stm32c~1/gcc-ar~1/bin/../lib/gcc/arm-none-eabi/9.3.1/../../../../arm-none-eabi/lib/thumb/v7-m/nofp\libg_nano.a(lib_a-fwalk.o)
 .ARM.attributes
                0x000005de       0x2d d:/progra~1/stmicr~1/stm32c~1/stm32c~1/gcc-ar~1/bin/../lib/gcc/arm-none-eabi/9.3.1/../../../../arm-none-eabi/lib/thumb/v7-m/nofp\libg_nano.a(lib_a-lock.o)
 .ARM.attributes
                0x0000060b       0x2d d:/progra~1/stmicr~1/stm32c~1/stm32c~1/gcc-ar~1/bin/../lib/gcc/arm-none-eabi/9.3.1/../../../../arm-none-eabi/lib/thumb/v7-m/nofp\libg_nano.a(lib_a-makebuf.o)
 .ARM.attributes
                0x00000638       0x2d d:/progra~1/stmicr~1/stm32c~1/stm32c~1/gcc-ar~1/bin/../lib/gcc/arm-none-eabi/9.3.1/../../../../arm-none-eabi/lib/thumb/v7-m/nofp\libg_nano.a(lib_a-nano-freer.o)
 .ARM.attributes
                0x00000665       0x2d d:/progra~1/stmicr~1/stm32c~1/stm32c~1/gcc-ar~1/bin/../lib/gcc/arm-none-eabi/9.3.1/../../../../arm-none-eabi/lib/thumb/v7-m/nofp\libg_nano.a(lib_a-nano-mallocr.o)
 .ARM.attributes
                0x00000692       0x2d d:/progra~1/stmicr~1/stm32c~1/stm32c~1/gcc-ar~1/bin/../lib/gcc/arm-none-eabi/9.3.1/../../../../arm-none-eabi/lib/thumb/v7-m/nofp\libg_nano.a(lib_a-sbrkr.o)
 .ARM.attributes
                0x000006bf       0x2d d:/progra~1/stmicr~1/stm32c~1/stm32c~1/gcc-ar~1/bin/../lib/gcc/arm-none-eabi/9.3.1/../../../../arm-none-eabi/lib/thumb/v7-m/nofp\libg_nano.a(lib_a-stdio.o)
 .ARM.attributes
                0x000006ec       0x2d d:/progra~1/stmicr~1/stm32c~1/stm32c~1/gcc-ar~1/bin/../lib/gcc/arm-none-eabi/9.3.1/../../../../arm-none-eabi/lib/thumb/v7-m/nofp\libg_nano.a(lib_a-writer.o)
 .ARM.attributes
                0x00000719       0x2d d:/progra~1/stmicr~1/stm32c~1/stm32c~1/gcc-ar~1/bin/../lib/gcc/arm-none-eabi/9.3.1/../../../../arm-none-eabi/lib/thumb/v7-m/nofp\libg_nano.a(lib_a-closer.o)
 .ARM.attributes
                0x00000746       0x2d d:/progra~1/stmicr~1/stm32c~1/stm32c~1/gcc-ar~1/bin/../lib/gcc/arm-none-eabi/9.3.1/../../../../arm-none-eabi/lib/thumb/v7-m/nofp\libg_nano.a(lib_a-fstatr.o)
 .ARM.attributes
                0x00000773       0x2d d:/progra~1/stmicr~1/stm32c~1/stm32c~1/gcc-ar~1/bin/../lib/gcc/arm-none-eabi/9.3.1/../../../../arm-none-eabi/lib/thumb/v7-m/nofp\libg_nano.a(lib_a-isattyr.o)
 .ARM.attributes
                0x000007a0       0x2d d:/progra~1/stmicr~1/stm32c~1/stm32c~1/gcc-ar~1/bin/../lib/gcc/arm-none-eabi/9.3.1/../../../../arm-none-eabi/lib/thumb/v7-m/nofp\libg_nano.a(lib_a-lseekr.o)
 .ARM.attributes
                0x000007cd       0x2d d:/progra~1/stmicr~1/stm32c~1/stm32c~1/gcc-ar~1/bin/../lib/gcc/arm-none-eabi/9.3.1/../../../../arm-none-eabi/lib/thumb/v7-m/nofp\libg_nano.a(lib_a-mlock.o)
 .ARM.attributes
                0x000007fa       0x2d d:/progra~1/stmicr~1/stm32c~1/stm32c~1/gcc-ar~1/bin/../lib/gcc/arm-none-eabi/9.3.1/../../../../arm-none-eabi/lib/thumb/v7-m/nofp\libg_nano.a(lib_a-readr.o)
 .ARM.attributes
                0x00000827       0x2d d:/progra~1/stmicr~1/stm32c~1/stm32c~1/gcc-ar~1/bin/../lib/gcc/arm-none-eabi/9.3.1/../../../../arm-none-eabi/lib/thumb/v7-m/nofp\libg_nano.a(lib_a-reent.o)
 .ARM.attributes
                0x00000854       0x1d d:/progra~1/stmicr~1/stm32c~1/stm32c~1/gcc-ar~1/bin/../lib/gcc/arm-none-eabi/9.3.1/thumb/v7-m/nofp/crtn.o
OUTPUT(f1_demo.elf elf32-littlearm)
LOAD linker stubs
LOAD d:/progra~1/stmicr~1/stm32c~1/stm32c~1/gcc-ar~1/bin/../lib/gcc/arm-none-eabi/9.3.1/../../../../arm-none-eabi/lib/thumb/v7-m/nofp\libc.a
LOAD d:/progra~1/stmicr~1/stm32c~1/stm32c~1/gcc-ar~1/bin/../lib/gcc/arm-none-eabi/9.3.1/../../../../arm-none-eabi/lib/thumb/v7-m/nofp\libm.a
LOAD d:/progra~1/stmicr~1/stm32c~1/stm32c~1/gcc-ar~1/bin/../lib/gcc/arm-none-eabi/9.3.1/thumb/v7-m/nofp\libgcc.a

.debug_info     0x00000000     0xdcd9
 .debug_info    0x00000000      0x747 CMakeFiles/f1_demo.elf.dir/Drivers/STM32F1xx_HAL_Driver/Src/stm32f1xx_hal.c.obj
 .debug_info    0x00000747      0xbc5 CMakeFiles/f1_demo.elf.dir/Drivers/STM32F1xx_HAL_Driver/Src/stm32f1xx_hal_cortex.c.obj
 .debug_info    0x0000130c      0x6da CMakeFiles/f1_demo.elf.dir/Drivers/STM32F1xx_HAL_Driver/Src/stm32f1xx_hal_gpio.c.obj
 .debug_info    0x000019e6      0x877 CMakeFiles/f1_demo.elf.dir/Drivers/STM32F1xx_HAL_Driver/Src/stm32f1xx_hal_rcc.c.obj
 .debug_info    0x0000225d     0x2669 CMakeFiles/f1_demo.elf.dir/Drivers/STM32F1xx_HAL_Driver/Src/stm32f1xx_hal_tim.c.obj
 .debug_info    0x000048c6     0x11fb CMakeFiles/f1_demo.elf.dir/Drivers/STM32F1xx_HAL_Driver/Src/stm32f1xx_hal_tim_ex.c.obj
 .debug_info    0x00005ac1     0x12db CMakeFiles/f1_demo.elf.dir/Drivers/STM32F1xx_HAL_Driver/Src/stm32f1xx_hal_uart.c.obj
 .debug_info    0x00006d9c      0xc2c CMakeFiles/f1_demo.elf.dir/Src/Control.c.obj
 .debug_info    0x000079c8      0x34a CMakeFiles/f1_demo.elf.dir/Src/KeyBoard.c.obj
 .debug_info    0x00007d12      0xbcb CMakeFiles/f1_demo.elf.dir/Src/Rx433Remote.c.obj
 .debug_info    0x000088dd      0x44d CMakeFiles/f1_demo.elf.dir/Src/Tx433Lin.c.obj
 .debug_info    0x00008d2a      0x39e CMakeFiles/f1_demo.elf.dir/Src/Tx433Remote.c.obj
 .debug_info    0x000090c8      0x378 CMakeFiles/f1_demo.elf.dir/Src/gpio.c.obj
 .debug_info    0x00009440      0x304 CMakeFiles/f1_demo.elf.dir/Src/keeloq_lock.c.obj
 .debug_info    0x00009744     0x144f CMakeFiles/f1_demo.elf.dir/Src/main.c.obj
 .debug_info    0x0000ab93      0x2e5 CMakeFiles/f1_demo.elf.dir/Src/stm32f1xx_hal_msp.c.obj
 .debug_info    0x0000ae78      0x6f6 CMakeFiles/f1_demo.elf.dir/Src/stm32f1xx_it.c.obj
 .debug_info    0x0000b56e     0x1010 CMakeFiles/f1_demo.elf.dir/Src/syscalls.c.obj
 .debug_info    0x0000c57e      0x462 CMakeFiles/f1_demo.elf.dir/Src/system_stm32f1xx.c.obj
 .debug_info    0x0000c9e0      0xadd CMakeFiles/f1_demo.elf.dir/Src/tim.c.obj
 .debug_info    0x0000d4bd      0x81c CMakeFiles/f1_demo.elf.dir/Src/usart.c.obj

.debug_abbrev   0x00000000     0x291b
 .debug_abbrev  0x00000000      0x1fd CMakeFiles/f1_demo.elf.dir/Drivers/STM32F1xx_HAL_Driver/Src/stm32f1xx_hal.c.obj
 .debug_abbrev  0x000001fd      0x310 CMakeFiles/f1_demo.elf.dir/Drivers/STM32F1xx_HAL_Driver/Src/stm32f1xx_hal_cortex.c.obj
 .debug_abbrev  0x0000050d      0x1e5 CMakeFiles/f1_demo.elf.dir/Drivers/STM32F1xx_HAL_Driver/Src/stm32f1xx_hal_gpio.c.obj
 .debug_abbrev  0x000006f2      0x270 CMakeFiles/f1_demo.elf.dir/Drivers/STM32F1xx_HAL_Driver/Src/stm32f1xx_hal_rcc.c.obj
 .debug_abbrev  0x00000962      0x25b CMakeFiles/f1_demo.elf.dir/Drivers/STM32F1xx_HAL_Driver/Src/stm32f1xx_hal_tim.c.obj
 .debug_abbrev  0x00000bbd      0x249 CMakeFiles/f1_demo.elf.dir/Drivers/STM32F1xx_HAL_Driver/Src/stm32f1xx_hal_tim_ex.c.obj
 .debug_abbrev  0x00000e06      0x26d CMakeFiles/f1_demo.elf.dir/Drivers/STM32F1xx_HAL_Driver/Src/stm32f1xx_hal_uart.c.obj
 .debug_abbrev  0x00001073      0x218 CMakeFiles/f1_demo.elf.dir/Src/Control.c.obj
 .debug_abbrev  0x0000128b      0x19d CMakeFiles/f1_demo.elf.dir/Src/KeyBoard.c.obj
 .debug_abbrev  0x00001428      0x232 CMakeFiles/f1_demo.elf.dir/Src/Rx433Remote.c.obj
 .debug_abbrev  0x0000165a      0x191 CMakeFiles/f1_demo.elf.dir/Src/Tx433Lin.c.obj
 .debug_abbrev  0x000017eb      0x1a2 CMakeFiles/f1_demo.elf.dir/Src/Tx433Remote.c.obj
 .debug_abbrev  0x0000198d      0x14b CMakeFiles/f1_demo.elf.dir/Src/gpio.c.obj
 .debug_abbrev  0x00001ad8      0x17c CMakeFiles/f1_demo.elf.dir/Src/keeloq_lock.c.obj
 .debug_abbrev  0x00001c54      0x288 CMakeFiles/f1_demo.elf.dir/Src/main.c.obj
 .debug_abbrev  0x00001edc      0x11a CMakeFiles/f1_demo.elf.dir/Src/stm32f1xx_hal_msp.c.obj
 .debug_abbrev  0x00001ff6      0x173 CMakeFiles/f1_demo.elf.dir/Src/stm32f1xx_it.c.obj
 .debug_abbrev  0x00002169      0x2a9 CMakeFiles/f1_demo.elf.dir/Src/syscalls.c.obj
 .debug_abbrev  0x00002412      0x14b CMakeFiles/f1_demo.elf.dir/Src/system_stm32f1xx.c.obj
 .debug_abbrev  0x0000255d      0x206 CMakeFiles/f1_demo.elf.dir/Src/tim.c.obj
 .debug_abbrev  0x00002763      0x1b8 CMakeFiles/f1_demo.elf.dir/Src/usart.c.obj

.debug_aranges  0x00000000      0xd18
 .debug_aranges
                0x00000000       0xe0 CMakeFiles/f1_demo.elf.dir/Drivers/STM32F1xx_HAL_Driver/Src/stm32f1xx_hal.c.obj
 .debug_aranges
                0x000000e0      0x100 CMakeFiles/f1_demo.elf.dir/Drivers/STM32F1xx_HAL_Driver/Src/stm32f1xx_hal_cortex.c.obj
 .debug_aranges
                0x000001e0       0x58 CMakeFiles/f1_demo.elf.dir/Drivers/STM32F1xx_HAL_Driver/Src/stm32f1xx_hal_gpio.c.obj
 .debug_aranges
                0x00000238       0x90 CMakeFiles/f1_demo.elf.dir/Drivers/STM32F1xx_HAL_Driver/Src/stm32f1xx_hal_rcc.c.obj
 .debug_aranges
                0x000002c8      0x3a8 CMakeFiles/f1_demo.elf.dir/Drivers/STM32F1xx_HAL_Driver/Src/stm32f1xx_hal_tim.c.obj
 .debug_aranges
                0x00000670      0x150 CMakeFiles/f1_demo.elf.dir/Drivers/STM32F1xx_HAL_Driver/Src/stm32f1xx_hal_tim_ex.c.obj
 .debug_aranges
                0x000007c0      0x1d0 CMakeFiles/f1_demo.elf.dir/Drivers/STM32F1xx_HAL_Driver/Src/stm32f1xx_hal_uart.c.obj
 .debug_aranges
                0x00000990       0x28 CMakeFiles/f1_demo.elf.dir/Src/Control.c.obj
 .debug_aranges
                0x000009b8       0x38 CMakeFiles/f1_demo.elf.dir/Src/KeyBoard.c.obj
 .debug_aranges
                0x000009f0       0x30 CMakeFiles/f1_demo.elf.dir/Src/Rx433Remote.c.obj
 .debug_aranges
                0x00000a20       0x48 CMakeFiles/f1_demo.elf.dir/Src/Tx433Lin.c.obj
 .debug_aranges
                0x00000a68       0x58 CMakeFiles/f1_demo.elf.dir/Src/Tx433Remote.c.obj
 .debug_aranges
                0x00000ac0       0x20 CMakeFiles/f1_demo.elf.dir/Src/gpio.c.obj
 .debug_aranges
                0x00000ae0       0x38 CMakeFiles/f1_demo.elf.dir/Src/keeloq_lock.c.obj
 .debug_aranges
                0x00000b18       0x38 CMakeFiles/f1_demo.elf.dir/Src/main.c.obj
 .debug_aranges
                0x00000b50       0x20 CMakeFiles/f1_demo.elf.dir/Src/stm32f1xx_hal_msp.c.obj
 .debug_aranges
                0x00000b70       0x68 CMakeFiles/f1_demo.elf.dir/Src/stm32f1xx_it.c.obj
 .debug_aranges
                0x00000bd8       0xb0 CMakeFiles/f1_demo.elf.dir/Src/syscalls.c.obj
 .debug_aranges
                0x00000c88       0x28 CMakeFiles/f1_demo.elf.dir/Src/system_stm32f1xx.c.obj
 .debug_aranges
                0x00000cb0       0x38 CMakeFiles/f1_demo.elf.dir/Src/tim.c.obj
 .debug_aranges
                0x00000ce8       0x30 CMakeFiles/f1_demo.elf.dir/Src/usart.c.obj

.debug_ranges   0x00000000      0xbc8
 .debug_ranges  0x00000000       0xd0 CMakeFiles/f1_demo.elf.dir/Drivers/STM32F1xx_HAL_Driver/Src/stm32f1xx_hal.c.obj
 .debug_ranges  0x000000d0       0xf0 CMakeFiles/f1_demo.elf.dir/Drivers/STM32F1xx_HAL_Driver/Src/stm32f1xx_hal_cortex.c.obj
 .debug_ranges  0x000001c0       0x48 CMakeFiles/f1_demo.elf.dir/Drivers/STM32F1xx_HAL_Driver/Src/stm32f1xx_hal_gpio.c.obj
 .debug_ranges  0x00000208       0x80 CMakeFiles/f1_demo.elf.dir/Drivers/STM32F1xx_HAL_Driver/Src/stm32f1xx_hal_rcc.c.obj
 .debug_ranges  0x00000288      0x398 CMakeFiles/f1_demo.elf.dir/Drivers/STM32F1xx_HAL_Driver/Src/stm32f1xx_hal_tim.c.obj
 .debug_ranges  0x00000620      0x140 CMakeFiles/f1_demo.elf.dir/Drivers/STM32F1xx_HAL_Driver/Src/stm32f1xx_hal_tim_ex.c.obj
 .debug_ranges  0x00000760      0x1c0 CMakeFiles/f1_demo.elf.dir/Drivers/STM32F1xx_HAL_Driver/Src/stm32f1xx_hal_uart.c.obj
 .debug_ranges  0x00000920       0x18 CMakeFiles/f1_demo.elf.dir/Src/Control.c.obj
 .debug_ranges  0x00000938       0x28 CMakeFiles/f1_demo.elf.dir/Src/KeyBoard.c.obj
 .debug_ranges  0x00000960       0x20 CMakeFiles/f1_demo.elf.dir/Src/Rx433Remote.c.obj
 .debug_ranges  0x00000980       0x38 CMakeFiles/f1_demo.elf.dir/Src/Tx433Lin.c.obj
 .debug_ranges  0x000009b8       0x48 CMakeFiles/f1_demo.elf.dir/Src/Tx433Remote.c.obj
 .debug_ranges  0x00000a00       0x10 CMakeFiles/f1_demo.elf.dir/Src/gpio.c.obj
 .debug_ranges  0x00000a10       0x28 CMakeFiles/f1_demo.elf.dir/Src/keeloq_lock.c.obj
 .debug_ranges  0x00000a38       0x28 CMakeFiles/f1_demo.elf.dir/Src/main.c.obj
 .debug_ranges  0x00000a60       0x10 CMakeFiles/f1_demo.elf.dir/Src/stm32f1xx_hal_msp.c.obj
 .debug_ranges  0x00000a70       0x58 CMakeFiles/f1_demo.elf.dir/Src/stm32f1xx_it.c.obj
 .debug_ranges  0x00000ac8       0xa0 CMakeFiles/f1_demo.elf.dir/Src/syscalls.c.obj
 .debug_ranges  0x00000b68       0x18 CMakeFiles/f1_demo.elf.dir/Src/system_stm32f1xx.c.obj
 .debug_ranges  0x00000b80       0x28 CMakeFiles/f1_demo.elf.dir/Src/tim.c.obj
 .debug_ranges  0x00000ba8       0x20 CMakeFiles/f1_demo.elf.dir/Src/usart.c.obj

.debug_line     0x00000000     0x9855
 .debug_line    0x00000000      0x562 CMakeFiles/f1_demo.elf.dir/Drivers/STM32F1xx_HAL_Driver/Src/stm32f1xx_hal.c.obj
 .debug_line    0x00000562      0x748 CMakeFiles/f1_demo.elf.dir/Drivers/STM32F1xx_HAL_Driver/Src/stm32f1xx_hal_cortex.c.obj
 .debug_line    0x00000caa      0x61a CMakeFiles/f1_demo.elf.dir/Drivers/STM32F1xx_HAL_Driver/Src/stm32f1xx_hal_gpio.c.obj
 .debug_line    0x000012c4      0x9ce CMakeFiles/f1_demo.elf.dir/Drivers/STM32F1xx_HAL_Driver/Src/stm32f1xx_hal_rcc.c.obj
 .debug_line    0x00001c92     0x23ef CMakeFiles/f1_demo.elf.dir/Drivers/STM32F1xx_HAL_Driver/Src/stm32f1xx_hal_tim.c.obj
 .debug_line    0x00004081      0xdb8 CMakeFiles/f1_demo.elf.dir/Drivers/STM32F1xx_HAL_Driver/Src/stm32f1xx_hal_tim_ex.c.obj
 .debug_line    0x00004e39     0x138a CMakeFiles/f1_demo.elf.dir/Drivers/STM32F1xx_HAL_Driver/Src/stm32f1xx_hal_uart.c.obj
 .debug_line    0x000061c3      0x3d6 CMakeFiles/f1_demo.elf.dir/Src/Control.c.obj
 .debug_line    0x00006599      0x3c9 CMakeFiles/f1_demo.elf.dir/Src/KeyBoard.c.obj
 .debug_line    0x00006962      0x518 CMakeFiles/f1_demo.elf.dir/Src/Rx433Remote.c.obj
 .debug_line    0x00006e7a      0x46a CMakeFiles/f1_demo.elf.dir/Src/Tx433Lin.c.obj
 .debug_line    0x000072e4      0x482 CMakeFiles/f1_demo.elf.dir/Src/Tx433Remote.c.obj
 .debug_line    0x00007766      0x2d5 CMakeFiles/f1_demo.elf.dir/Src/gpio.c.obj
 .debug_line    0x00007a3b      0x3a5 CMakeFiles/f1_demo.elf.dir/Src/keeloq_lock.c.obj
 .debug_line    0x00007de0      0x4cb CMakeFiles/f1_demo.elf.dir/Src/main.c.obj
 .debug_line    0x000082ab      0x298 CMakeFiles/f1_demo.elf.dir/Src/stm32f1xx_hal_msp.c.obj
 .debug_line    0x00008543      0x39e CMakeFiles/f1_demo.elf.dir/Src/stm32f1xx_it.c.obj
 .debug_line    0x000088e1      0x49d CMakeFiles/f1_demo.elf.dir/Src/syscalls.c.obj
 .debug_line    0x00008d7e      0x34b CMakeFiles/f1_demo.elf.dir/Src/system_stm32f1xx.c.obj
 .debug_line    0x000090c9      0x3ed CMakeFiles/f1_demo.elf.dir/Src/tim.c.obj
 .debug_line    0x000094b6      0x39f CMakeFiles/f1_demo.elf.dir/Src/usart.c.obj

.debug_str      0x00000000     0x3ece
 .debug_str     0x00000000      0x812 CMakeFiles/f1_demo.elf.dir/Drivers/STM32F1xx_HAL_Driver/Src/stm32f1xx_hal.c.obj
                                0x87b (size before relaxing)
 .debug_str     0x00000812      0x440 CMakeFiles/f1_demo.elf.dir/Drivers/STM32F1xx_HAL_Driver/Src/stm32f1xx_hal_cortex.c.obj
                                0x9e2 (size before relaxing)
 .debug_str     0x00000c52      0x205 CMakeFiles/f1_demo.elf.dir/Drivers/STM32F1xx_HAL_Driver/Src/stm32f1xx_hal_gpio.c.obj
                                0x533 (size before relaxing)
 .debug_str     0x00000e57      0x360 CMakeFiles/f1_demo.elf.dir/Drivers/STM32F1xx_HAL_Driver/Src/stm32f1xx_hal_rcc.c.obj
                                0x6ee (size before relaxing)
 .debug_str     0x000011b7     0x11ac CMakeFiles/f1_demo.elf.dir/Drivers/STM32F1xx_HAL_Driver/Src/stm32f1xx_hal_tim.c.obj
                               0x1511 (size before relaxing)
 .debug_str     0x00002363      0x5af CMakeFiles/f1_demo.elf.dir/Drivers/STM32F1xx_HAL_Driver/Src/stm32f1xx_hal_tim_ex.c.obj
                                0xd11 (size before relaxing)
 .debug_str     0x00002912      0x713 CMakeFiles/f1_demo.elf.dir/Drivers/STM32F1xx_HAL_Driver/Src/stm32f1xx_hal_uart.c.obj
                                0xc35 (size before relaxing)
 .debug_str     0x00003025      0x4ae CMakeFiles/f1_demo.elf.dir/Src/Control.c.obj
                                0x7cf (size before relaxing)
 .debug_str     0x000034d3       0x77 CMakeFiles/f1_demo.elf.dir/Src/KeyBoard.c.obj
                                0x373 (size before relaxing)
 .debug_str     0x0000354a       0xa8 CMakeFiles/f1_demo.elf.dir/Src/Rx433Remote.c.obj
                                0x793 (size before relaxing)
 .debug_str     0x000035f2      0x114 CMakeFiles/f1_demo.elf.dir/Src/Tx433Lin.c.obj
                                0x3fd (size before relaxing)
 .debug_str     0x00003706      0x15b CMakeFiles/f1_demo.elf.dir/Src/Tx433Remote.c.obj
                                0x429 (size before relaxing)
 .debug_str     0x00003861       0x61 CMakeFiles/f1_demo.elf.dir/Src/gpio.c.obj
                                0x38b (size before relaxing)
 .debug_str     0x000038c2       0x82 CMakeFiles/f1_demo.elf.dir/Src/keeloq_lock.c.obj
                                0x32b (size before relaxing)
 .debug_str     0x00003944       0x81 CMakeFiles/f1_demo.elf.dir/Src/main.c.obj
                                0xe37 (size before relaxing)
 .debug_str     0x000039c5       0x51 CMakeFiles/f1_demo.elf.dir/Src/stm32f1xx_hal_msp.c.obj
                                0x34d (size before relaxing)
 .debug_str     0x00003a16       0xec CMakeFiles/f1_demo.elf.dir/Src/stm32f1xx_it.c.obj
                                0x720 (size before relaxing)
 .debug_str     0x00003b02      0x271 CMakeFiles/f1_demo.elf.dir/Src/syscalls.c.obj
                                0x890 (size before relaxing)
 .debug_str     0x00003d73       0x83 CMakeFiles/f1_demo.elf.dir/Src/system_stm32f1xx.c.obj
                                0x3a2 (size before relaxing)
 .debug_str     0x00003df6       0x74 CMakeFiles/f1_demo.elf.dir/Src/tim.c.obj
                                0xb4b (size before relaxing)
 .debug_str     0x00003e6a       0x64 CMakeFiles/f1_demo.elf.dir/Src/usart.c.obj
                                0x755 (size before relaxing)

.comment        0x00000000       0x4c
 .comment       0x00000000       0x4c CMakeFiles/f1_demo.elf.dir/Drivers/STM32F1xx_HAL_Driver/Src/stm32f1xx_hal.c.obj
                                 0x4d (size before relaxing)
 .comment       0x0000004c       0x4d CMakeFiles/f1_demo.elf.dir/Drivers/STM32F1xx_HAL_Driver/Src/stm32f1xx_hal_cortex.c.obj
 .comment       0x0000004c       0x4d CMakeFiles/f1_demo.elf.dir/Drivers/STM32F1xx_HAL_Driver/Src/stm32f1xx_hal_gpio.c.obj
 .comment       0x0000004c       0x4d CMakeFiles/f1_demo.elf.dir/Drivers/STM32F1xx_HAL_Driver/Src/stm32f1xx_hal_rcc.c.obj
 .comment       0x0000004c       0x4d CMakeFiles/f1_demo.elf.dir/Drivers/STM32F1xx_HAL_Driver/Src/stm32f1xx_hal_tim.c.obj
 .comment       0x0000004c       0x4d CMakeFiles/f1_demo.elf.dir/Drivers/STM32F1xx_HAL_Driver/Src/stm32f1xx_hal_tim_ex.c.obj
 .comment       0x0000004c       0x4d CMakeFiles/f1_demo.elf.dir/Drivers/STM32F1xx_HAL_Driver/Src/stm32f1xx_hal_uart.c.obj
 .comment       0x0000004c       0x4d CMakeFiles/f1_demo.elf.dir/Src/Control.c.obj
 .comment       0x0000004c       0x4d CMakeFiles/f1_demo.elf.dir/Src/KeyBoard.c.obj
 .comment       0x0000004c       0x4d CMakeFiles/f1_demo.elf.dir/Src/Rx433Remote.c.obj
 .comment       0x0000004c       0x4d CMakeFiles/f1_demo.elf.dir/Src/Tx433Lin.c.obj
 .comment       0x0000004c       0x4d CMakeFiles/f1_demo.elf.dir/Src/Tx433Remote.c.obj
 .comment       0x0000004c       0x4d CMakeFiles/f1_demo.elf.dir/Src/gpio.c.obj
 .comment       0x0000004c       0x4d CMakeFiles/f1_demo.elf.dir/Src/keeloq_lock.c.obj
 .comment       0x0000004c       0x4d CMakeFiles/f1_demo.elf.dir/Src/main.c.obj
 .comment       0x0000004c       0x4d CMakeFiles/f1_demo.elf.dir/Src/stm32f1xx_hal_msp.c.obj
 .comment       0x0000004c       0x4d CMakeFiles/f1_demo.elf.dir/Src/stm32f1xx_it.c.obj
 .comment       0x0000004c       0x4d CMakeFiles/f1_demo.elf.dir/Src/syscalls.c.obj
 .comment       0x0000004c       0x4d CMakeFiles/f1_demo.elf.dir/Src/system_stm32f1xx.c.obj
 .comment       0x0000004c       0x4d CMakeFiles/f1_demo.elf.dir/Src/tim.c.obj
 .comment       0x0000004c       0x4d CMakeFiles/f1_demo.elf.dir/Src/usart.c.obj

.debug_frame    0x00000000     0x3aa8
 .debug_frame   0x00000000      0x334 CMakeFiles/f1_demo.elf.dir/Drivers/STM32F1xx_HAL_Driver/Src/stm32f1xx_hal.c.obj
 .debug_frame   0x00000334      0x428 CMakeFiles/f1_demo.elf.dir/Drivers/STM32F1xx_HAL_Driver/Src/stm32f1xx_hal_cortex.c.obj
 .debug_frame   0x0000075c      0x14c CMakeFiles/f1_demo.elf.dir/Drivers/STM32F1xx_HAL_Driver/Src/stm32f1xx_hal_gpio.c.obj
 .debug_frame   0x000008a8      0x21c CMakeFiles/f1_demo.elf.dir/Drivers/STM32F1xx_HAL_Driver/Src/stm32f1xx_hal_rcc.c.obj
 .debug_frame   0x00000ac4     0x10e8 CMakeFiles/f1_demo.elf.dir/Drivers/STM32F1xx_HAL_Driver/Src/stm32f1xx_hal_tim.c.obj
 .debug_frame   0x00001bac      0x5c0 CMakeFiles/f1_demo.elf.dir/Drivers/STM32F1xx_HAL_Driver/Src/stm32f1xx_hal_tim_ex.c.obj
 .debug_frame   0x0000216c      0x834 CMakeFiles/f1_demo.elf.dir/Drivers/STM32F1xx_HAL_Driver/Src/stm32f1xx_hal_uart.c.obj
 .debug_frame   0x000029a0       0x4c CMakeFiles/f1_demo.elf.dir/Src/Control.c.obj
 .debug_frame   0x000029ec       0x94 CMakeFiles/f1_demo.elf.dir/Src/KeyBoard.c.obj
 .debug_frame   0x00002a80       0x70 CMakeFiles/f1_demo.elf.dir/Src/Rx433Remote.c.obj
 .debug_frame   0x00002af0       0xd8 CMakeFiles/f1_demo.elf.dir/Src/Tx433Lin.c.obj
 .debug_frame   0x00002bc8      0x104 CMakeFiles/f1_demo.elf.dir/Src/Tx433Remote.c.obj
 .debug_frame   0x00002ccc       0x34 CMakeFiles/f1_demo.elf.dir/Src/gpio.c.obj
 .debug_frame   0x00002d00       0xb0 CMakeFiles/f1_demo.elf.dir/Src/keeloq_lock.c.obj
 .debug_frame   0x00002db0       0x94 CMakeFiles/f1_demo.elf.dir/Src/main.c.obj
 .debug_frame   0x00002e44       0x38 CMakeFiles/f1_demo.elf.dir/Src/stm32f1xx_hal_msp.c.obj
 .debug_frame   0x00002e7c      0x128 CMakeFiles/f1_demo.elf.dir/Src/stm32f1xx_it.c.obj
 .debug_frame   0x00002fa4      0x2d0 CMakeFiles/f1_demo.elf.dir/Src/syscalls.c.obj
 .debug_frame   0x00003274       0x58 CMakeFiles/f1_demo.elf.dir/Src/system_stm32f1xx.c.obj
 .debug_frame   0x000032cc       0xa0 CMakeFiles/f1_demo.elf.dir/Src/tim.c.obj
 .debug_frame   0x0000336c       0x74 CMakeFiles/f1_demo.elf.dir/Src/usart.c.obj
 .debug_frame   0x000033e0       0x20 d:/progra~1/stmicr~1/stm32c~1/stm32c~1/gcc-ar~1/bin/../lib/gcc/arm-none-eabi/9.3.1/../../../../arm-none-eabi/lib/thumb/v7-m/nofp\libg_nano.a(lib_a-errno.o)
 .debug_frame   0x00003400       0x2c d:/progra~1/stmicr~1/stm32c~1/stm32c~1/gcc-ar~1/bin/../lib/gcc/arm-none-eabi/9.3.1/../../../../arm-none-eabi/lib/thumb/v7-m/nofp\libg_nano.a(lib_a-init.o)
 .debug_frame   0x0000342c       0x20 d:/progra~1/stmicr~1/stm32c~1/stm32c~1/gcc-ar~1/bin/../lib/gcc/arm-none-eabi/9.3.1/../../../../arm-none-eabi/lib/thumb/v7-m/nofp\libg_nano.a(lib_a-memset.o)
 .debug_frame   0x0000344c       0x3c d:/progra~1/stmicr~1/stm32c~1/stm32c~1/gcc-ar~1/bin/../lib/gcc/arm-none-eabi/9.3.1/../../../../arm-none-eabi/lib/thumb/v7-m/nofp\libg_nano.a(lib_a-puts.o)
 .debug_frame   0x00003488       0x40 d:/progra~1/stmicr~1/stm32c~1/stm32c~1/gcc-ar~1/bin/../lib/gcc/arm-none-eabi/9.3.1/../../../../arm-none-eabi/lib/thumb/v7-m/nofp\libg_nano.a(lib_a-wbuf.o)
 .debug_frame   0x000034c8       0x2c d:/progra~1/stmicr~1/stm32c~1/stm32c~1/gcc-ar~1/bin/../lib/gcc/arm-none-eabi/9.3.1/../../../../arm-none-eabi/lib/thumb/v7-m/nofp\libg_nano.a(lib_a-wsetup.o)
 .debug_frame   0x000034f4       0x5c d:/progra~1/stmicr~1/stm32c~1/stm32c~1/gcc-ar~1/bin/../lib/gcc/arm-none-eabi/9.3.1/../../../../arm-none-eabi/lib/thumb/v7-m/nofp\libg_nano.a(lib_a-fflush.o)
 .debug_frame   0x00003550      0x14c d:/progra~1/stmicr~1/stm32c~1/stm32c~1/gcc-ar~1/bin/../lib/gcc/arm-none-eabi/9.3.1/../../../../arm-none-eabi/lib/thumb/v7-m/nofp\libg_nano.a(lib_a-findfp.o)
 .debug_frame   0x0000369c       0x54 d:/progra~1/stmicr~1/stm32c~1/stm32c~1/gcc-ar~1/bin/../lib/gcc/arm-none-eabi/9.3.1/../../../../arm-none-eabi/lib/thumb/v7-m/nofp\libg_nano.a(lib_a-fwalk.o)
 .debug_frame   0x000036f0       0xb0 d:/progra~1/stmicr~1/stm32c~1/stm32c~1/gcc-ar~1/bin/../lib/gcc/arm-none-eabi/9.3.1/../../../../arm-none-eabi/lib/thumb/v7-m/nofp\libg_nano.a(lib_a-lock.o)
 .debug_frame   0x000037a0       0x58 d:/progra~1/stmicr~1/stm32c~1/stm32c~1/gcc-ar~1/bin/../lib/gcc/arm-none-eabi/9.3.1/../../../../arm-none-eabi/lib/thumb/v7-m/nofp\libg_nano.a(lib_a-makebuf.o)
 .debug_frame   0x000037f8       0x38 d:/progra~1/stmicr~1/stm32c~1/stm32c~1/gcc-ar~1/bin/../lib/gcc/arm-none-eabi/9.3.1/../../../../arm-none-eabi/lib/thumb/v7-m/nofp\libg_nano.a(lib_a-nano-freer.o)
 .debug_frame   0x00003830       0x30 d:/progra~1/stmicr~1/stm32c~1/stm32c~1/gcc-ar~1/bin/../lib/gcc/arm-none-eabi/9.3.1/../../../../arm-none-eabi/lib/thumb/v7-m/nofp\libg_nano.a(lib_a-nano-mallocr.o)
 .debug_frame   0x00003860       0x2c d:/progra~1/stmicr~1/stm32c~1/stm32c~1/gcc-ar~1/bin/../lib/gcc/arm-none-eabi/9.3.1/../../../../arm-none-eabi/lib/thumb/v7-m/nofp\libg_nano.a(lib_a-sbrkr.o)
 .debug_frame   0x0000388c       0x88 d:/progra~1/stmicr~1/stm32c~1/stm32c~1/gcc-ar~1/bin/../lib/gcc/arm-none-eabi/9.3.1/../../../../arm-none-eabi/lib/thumb/v7-m/nofp\libg_nano.a(lib_a-stdio.o)
 .debug_frame   0x00003914       0x2c d:/progra~1/stmicr~1/stm32c~1/stm32c~1/gcc-ar~1/bin/../lib/gcc/arm-none-eabi/9.3.1/../../../../arm-none-eabi/lib/thumb/v7-m/nofp\libg_nano.a(lib_a-writer.o)
 .debug_frame   0x00003940       0x2c d:/progra~1/stmicr~1/stm32c~1/stm32c~1/gcc-ar~1/bin/../lib/gcc/arm-none-eabi/9.3.1/../../../../arm-none-eabi/lib/thumb/v7-m/nofp\libg_nano.a(lib_a-closer.o)
 .debug_frame   0x0000396c       0x2c d:/progra~1/stmicr~1/stm32c~1/stm32c~1/gcc-ar~1/bin/../lib/gcc/arm-none-eabi/9.3.1/../../../../arm-none-eabi/lib/thumb/v7-m/nofp\libg_nano.a(lib_a-fstatr.o)
 .debug_frame   0x00003998       0x2c d:/progra~1/stmicr~1/stm32c~1/stm32c~1/gcc-ar~1/bin/../lib/gcc/arm-none-eabi/9.3.1/../../../../arm-none-eabi/lib/thumb/v7-m/nofp\libg_nano.a(lib_a-isattyr.o)
 .debug_frame   0x000039c4       0x2c d:/progra~1/stmicr~1/stm32c~1/stm32c~1/gcc-ar~1/bin/../lib/gcc/arm-none-eabi/9.3.1/../../../../arm-none-eabi/lib/thumb/v7-m/nofp\libg_nano.a(lib_a-lseekr.o)
 .debug_frame   0x000039f0       0x30 d:/progra~1/stmicr~1/stm32c~1/stm32c~1/gcc-ar~1/bin/../lib/gcc/arm-none-eabi/9.3.1/../../../../arm-none-eabi/lib/thumb/v7-m/nofp\libg_nano.a(lib_a-mlock.o)
 .debug_frame   0x00003a20       0x2c d:/progra~1/stmicr~1/stm32c~1/stm32c~1/gcc-ar~1/bin/../lib/gcc/arm-none-eabi/9.3.1/../../../../arm-none-eabi/lib/thumb/v7-m/nofp\libg_nano.a(lib_a-readr.o)
 .debug_frame   0x00003a4c       0x5c d:/progra~1/stmicr~1/stm32c~1/stm32c~1/gcc-ar~1/bin/../lib/gcc/arm-none-eabi/9.3.1/../../../../arm-none-eabi/lib/thumb/v7-m/nofp\libg_nano.a(lib_a-reent.o)
