Archive member included to satisfy reference by file (symbol)

d:/progra~1/stmicr~1/stm32c~1/stm32c~1/gcc-ar~1/bin/../lib/gcc/arm-none-eabi/9.3.1/../../../../arm-none-eabi/lib/thumb/v7-m/nofp\libg_nano.a(lib_a-errno.o)
                              CMakeFiles/f1_demo.elf.dir/Src/syscalls.c.obj (__errno)
d:/progra~1/stmicr~1/stm32c~1/stm32c~1/gcc-ar~1/bin/../lib/gcc/arm-none-eabi/9.3.1/../../../../arm-none-eabi/lib/thumb/v7-m/nofp\libg_nano.a(lib_a-exit.o)
                              d:/progra~1/stmicr~1/stm32c~1/stm32c~1/gcc-ar~1/bin/../lib/gcc/arm-none-eabi/9.3.1/../../../../arm-none-eabi/lib/thumb/v7-m/nofp/crt0.o (exit)
d:/progra~1/stmicr~1/stm32c~1/stm32c~1/gcc-ar~1/bin/../lib/gcc/arm-none-eabi/9.3.1/../../../../arm-none-eabi/lib/thumb/v7-m/nofp\libg_nano.a(lib_a-impure.o)
                              d:/progra~1/stmicr~1/stm32c~1/stm32c~1/gcc-ar~1/bin/../lib/gcc/arm-none-eabi/9.3.1/../../../../arm-none-eabi/lib/thumb/v7-m/nofp\libg_nano.a(lib_a-exit.o) (_global_impure_ptr)
d:/progra~1/stmicr~1/stm32c~1/stm32c~1/gcc-ar~1/bin/../lib/gcc/arm-none-eabi/9.3.1/../../../../arm-none-eabi/lib/thumb/v7-m/nofp\libg_nano.a(lib_a-init.o)
                              d:/progra~1/stmicr~1/stm32c~1/stm32c~1/gcc-ar~1/bin/../lib/gcc/arm-none-eabi/9.3.1/../../../../arm-none-eabi/lib/thumb/v7-m/nofp/crt0.o (__libc_init_array)
d:/progra~1/stmicr~1/stm32c~1/stm32c~1/gcc-ar~1/bin/../lib/gcc/arm-none-eabi/9.3.1/../../../../arm-none-eabi/lib/thumb/v7-m/nofp\libg_nano.a(lib_a-memset.o)
                              d:/progra~1/stmicr~1/stm32c~1/stm32c~1/gcc-ar~1/bin/../lib/gcc/arm-none-eabi/9.3.1/../../../../arm-none-eabi/lib/thumb/v7-m/nofp/crt0.o (memset)
d:/progra~1/stmicr~1/stm32c~1/stm32c~1/gcc-ar~1/bin/../lib/gcc/arm-none-eabi/9.3.1/../../../../arm-none-eabi/lib/thumb/v7-m/nofp\libg_nano.a(lib_a-printf.o)
                              CMakeFiles/f1_demo.elf.dir/Src/Rx433Lin.c.obj (printf)
d:/progra~1/stmicr~1/stm32c~1/stm32c~1/gcc-ar~1/bin/../lib/gcc/arm-none-eabi/9.3.1/../../../../arm-none-eabi/lib/thumb/v7-m/nofp\libg_nano.a(lib_a-puts.o)
                              CMakeFiles/f1_demo.elf.dir/Src/Rx433Lin.c.obj (puts)
d:/progra~1/stmicr~1/stm32c~1/stm32c~1/gcc-ar~1/bin/../lib/gcc/arm-none-eabi/9.3.1/../../../../arm-none-eabi/lib/thumb/v7-m/nofp\libg_nano.a(lib_a-wbuf.o)
                              d:/progra~1/stmicr~1/stm32c~1/stm32c~1/gcc-ar~1/bin/../lib/gcc/arm-none-eabi/9.3.1/../../../../arm-none-eabi/lib/thumb/v7-m/nofp\libg_nano.a(lib_a-puts.o) (__swbuf_r)
d:/progra~1/stmicr~1/stm32c~1/stm32c~1/gcc-ar~1/bin/../lib/gcc/arm-none-eabi/9.3.1/../../../../arm-none-eabi/lib/thumb/v7-m/nofp\libg_nano.a(lib_a-wsetup.o)
                              d:/progra~1/stmicr~1/stm32c~1/stm32c~1/gcc-ar~1/bin/../lib/gcc/arm-none-eabi/9.3.1/../../../../arm-none-eabi/lib/thumb/v7-m/nofp\libg_nano.a(lib_a-puts.o) (__swsetup_r)
d:/progra~1/stmicr~1/stm32c~1/stm32c~1/gcc-ar~1/bin/../lib/gcc/arm-none-eabi/9.3.1/../../../../arm-none-eabi/lib/thumb/v7-m/nofp\libg_nano.a(lib_a-fflush.o)
                              d:/progra~1/stmicr~1/stm32c~1/stm32c~1/gcc-ar~1/bin/../lib/gcc/arm-none-eabi/9.3.1/../../../../arm-none-eabi/lib/thumb/v7-m/nofp\libg_nano.a(lib_a-wbuf.o) (_fflush_r)
d:/progra~1/stmicr~1/stm32c~1/stm32c~1/gcc-ar~1/bin/../lib/gcc/arm-none-eabi/9.3.1/../../../../arm-none-eabi/lib/thumb/v7-m/nofp\libg_nano.a(lib_a-findfp.o)
                              d:/progra~1/stmicr~1/stm32c~1/stm32c~1/gcc-ar~1/bin/../lib/gcc/arm-none-eabi/9.3.1/../../../../arm-none-eabi/lib/thumb/v7-m/nofp\libg_nano.a(lib_a-printf.o) (__sinit)
d:/progra~1/stmicr~1/stm32c~1/stm32c~1/gcc-ar~1/bin/../lib/gcc/arm-none-eabi/9.3.1/../../../../arm-none-eabi/lib/thumb/v7-m/nofp\libg_nano.a(lib_a-fwalk.o)
                              d:/progra~1/stmicr~1/stm32c~1/stm32c~1/gcc-ar~1/bin/../lib/gcc/arm-none-eabi/9.3.1/../../../../arm-none-eabi/lib/thumb/v7-m/nofp\libg_nano.a(lib_a-findfp.o) (_fwalk)
d:/progra~1/stmicr~1/stm32c~1/stm32c~1/gcc-ar~1/bin/../lib/gcc/arm-none-eabi/9.3.1/../../../../arm-none-eabi/lib/thumb/v7-m/nofp\libg_nano.a(lib_a-lock.o)
                              d:/progra~1/stmicr~1/stm32c~1/stm32c~1/gcc-ar~1/bin/../lib/gcc/arm-none-eabi/9.3.1/../../../../arm-none-eabi/lib/thumb/v7-m/nofp\libg_nano.a(lib_a-findfp.o) (__retarget_lock_init_recursive)
d:/progra~1/stmicr~1/stm32c~1/stm32c~1/gcc-ar~1/bin/../lib/gcc/arm-none-eabi/9.3.1/../../../../arm-none-eabi/lib/thumb/v7-m/nofp\libg_nano.a(lib_a-makebuf.o)
                              d:/progra~1/stmicr~1/stm32c~1/stm32c~1/gcc-ar~1/bin/../lib/gcc/arm-none-eabi/9.3.1/../../../../arm-none-eabi/lib/thumb/v7-m/nofp\libg_nano.a(lib_a-wsetup.o) (__smakebuf_r)
d:/progra~1/stmicr~1/stm32c~1/stm32c~1/gcc-ar~1/bin/../lib/gcc/arm-none-eabi/9.3.1/../../../../arm-none-eabi/lib/thumb/v7-m/nofp\libg_nano.a(lib_a-nano-freer.o)
[...]
Memory Configuration

Name             Origin             Length             Attributes
RAM              0x20000000         0x00005000         xrw
FLASH            0x08000000         0x00010000         xr
*default*        0x00000000         0xffffffff

Linker script and memory map

LOAD d:/progra~1/stmicr~1/stm32c~1/stm32c~1/gcc-ar~1/bin/../lib/gcc/arm-none-eabi/9.3.1/thumb/v7-m/nofp/crti.o
LOAD d:/progra~1/stmicr~1/stm32c~1/stm32c~1/gcc-ar~1/bin/../lib/gcc/arm-none-eabi/9.3.1/thumb/v7-m/nofp/crtbegin.o
LOAD d:/progra~1/stmicr~1/stm32c~1/stm32c~1/gcc-ar~1/bin/../lib/gcc/arm-none-eabi/9.3.1/../../../../arm-none-eabi/lib/thumb/v7-m/nofp/crt0.o
LOAD CMakeFiles/f1_demo.elf.dir/Drivers/STM32F1xx_HAL_Driver/Src/stm32f1xx_hal.c.obj
LOAD CMakeFiles/f1_demo.elf.dir/Drivers/STM32F1xx_HAL_Driver/Src/stm32f1xx_hal_cortex.c.obj
LOAD CMakeFiles/f1_demo.elf.dir/Drivers/STM32F1xx_HAL_Driver/Src/stm32f1xx_hal_dma.c.obj
LOAD CMakeFiles/f1_demo.elf.dir/Drivers/STM32F1xx_HAL_Driver/Src/stm32f1xx_hal_exti.c.obj
LOAD CMakeFiles/f1_demo.elf.dir/Drivers/STM32F1xx_HAL_Driver/Src/stm32f1xx_hal_flash.c.obj
LOAD CMakeFiles/f1_demo.elf.dir/Drivers/STM32F1xx_HAL_Driver/Src/stm32f1xx_hal_flash_ex.c.obj
LOAD CMakeFiles/f1_demo.elf.dir/Drivers/STM32F1xx_HAL_Driver/Src/stm32f1xx_hal_gpio.c.obj
LOAD CMakeFiles/f1_demo.elf.dir/Drivers/STM32F1xx_HAL_Driver/Src/stm32f1xx_hal_gpio_ex.c.obj
LOAD CMakeFiles/f1_demo.elf.dir/Drivers/STM32F1xx_HAL_Driver/Src/stm32f1xx_hal_pwr.c.obj
LOAD CMakeFiles/f1_demo.elf.dir/Drivers/STM32F1xx_HAL_Driver/Src/stm32f1xx_hal_rcc.c.obj
LOAD CMakeFiles/f1_demo.elf.dir/Drivers/STM32F1xx_HAL_Driver/Src/stm32f1xx_hal_rcc_ex.c.obj
LOAD CMakeFiles/f1_demo.elf.dir/Drivers/STM32F1xx_HAL_Driver/Src/stm32f1xx_hal_tim.c.obj
LOAD CMakeFiles/f1_demo.elf.dir/Drivers/STM32F1xx_HAL_Driver/Src/stm32f1xx_hal_tim_ex.c.obj
LOAD CMakeFiles/f1_demo.elf.dir/Drivers/STM32F1xx_HAL_Driver/Src/stm32f1xx_hal_uart.c.obj
LOAD CMakeFiles/f1_demo.elf.dir/Src/Control.c.obj
LOAD CMakeFiles/f1_demo.elf.dir/Src/KeyBoard.c.obj
LOAD CMakeFiles/f1_demo.elf.dir/Src/Rx433Lin.c.obj
LOAD CMakeFiles/f1_demo.elf.dir/Src/Rx433Remote.c.obj
LOAD CMakeFiles/f1_demo.elf.dir/Src/Tx433Lin.c.obj
LOAD CMakeFiles/f1_demo.elf.dir/Src/Tx433Remote.c.obj
LOAD CMakeFiles/f1_demo.elf.dir/Src/gpio.c.obj
LOAD CMakeFiles/f1_demo.elf.dir/Src/keeloq_decode.c.obj
LOAD CMakeFiles/f1_demo.elf.dir/Src/keeloq_lock.c.obj
LOAD CMakeFiles/f1_demo.elf.dir/Src/main.c.obj
LOAD CMakeFiles/f1_demo.elf.dir/Src/oled.c.obj
LOAD CMakeFiles/f1_demo.elf.dir/Src/stm32f1xx_hal_msp.c.obj
LOAD CMakeFiles/f1_demo.elf.dir/Src/stm32f1xx_it.c.obj
LOAD CMakeFiles/f1_demo.elf.dir/Src/syscalls.c.obj
LOAD CMakeFiles/f1_demo.elf.dir/Src/system_stm32f1xx.c.obj
LOAD CMakeFiles/f1_demo.elf.dir/Src/tim.c.obj
LOAD CMakeFiles/f1_demo.elf.dir/Src/usart.c.obj
LOAD CMakeFiles/f1_demo.elf.dir/startup/startup_stm32f103xb.s.obj
START GROUP
LOAD d:/progra~1/stmicr~1/stm32c~1/stm32c~1/gcc-ar~1/bin/../lib/gcc/arm-none-eabi/9.3.1/thumb/v7-m/nofp\libgcc.a
LOAD d:/progra~1/stmicr~1/stm32c~1/stm32c~1/gcc-ar~1/bin/../lib/gcc/arm-none-eabi/9.3.1/../../../../arm-none-eabi/lib/thumb/v7-m/nofp\libg_nano.a
LOAD d:/progra~1/stmicr~1/stm32c~1/stm32c~1/gcc-ar~1/bin/../lib/gcc/arm-none-eabi/9.3.1/../../../../arm-none-eabi/lib/thumb/v7-m/nofp\libc_nano.a
END GROUP
START GROUP
LOAD d:/progra~1/stmicr~1/stm32c~1/stm32c~1/gcc-ar~1/bin/../lib/gcc/arm-none-eabi/9.3.1/thumb/v7-m/nofp\libgcc.a
LOAD d:/progra~1/stmicr~1/stm32c~1/stm32c~1/gcc-ar~1/bin/../lib/gcc/arm-none-eabi/9.3.1/../../../../arm-none-eabi/lib/thumb/v7-m/nofp\libc_nano.a
LOAD d:/progra~1/stmicr~1/stm32c~1/stm32c~1/gcc-ar~1/bin/../lib/gcc/arm-none-eabi/9.3.1/../../../../arm-none-eabi/lib/thumb/v7-m/nofp\libnosys.a
END GROUP
START GROUP
LOAD d:/progra~1/stmicr~1/stm32c~1/stm32c~1/gcc-ar~1/bin/../lib/gcc/arm-none-eabi/9.3.1/thumb/v7-m/nofp\libgcc.a
LOAD d:/progra~1/stmicr~1/stm32c~1/stm32c~1/gcc-ar~1/bin/../lib/gcc/arm-none-eabi/9.3.1/../../../../arm-none-eabi/lib/thumb/v7-m/nofp\libc_nano.a
LOAD d:/progra~1/stmicr~1/stm32c~1/stm32c~1/gcc-ar~1/bin/../lib/gcc/arm-none-eabi/9.3.1/../../../../arm-none-eabi/lib/thumb/v7-m/nofp\libnosys.a
END GROUP
LOAD d:/progra~1/stmicr~1/stm32c~1/stm32c~1/gcc-ar~1/bin/../lib/gcc/arm-none-eabi/9.3.1/thumb/v7-m/nofp/crtend.o
LOAD d:/progra~1/stmicr~1/stm32c~1/stm32c~1/gcc-ar~1/bin/../lib/gcc/arm-none-eabi/9.3.1/thumb/v7-m/nofp/crtn.o
                0x20005000                _estack = 0x20005000
                0x00000200                _Min_Heap_Size = 0x200
                0x00000400                _Min_Stack_Size = 0x400

.isr_vector     0x08000000      0x10c
                0x08000000                . = ALIGN (0x4)
 *(.isr_vector)
 .isr_vector    0x08000000      0x10c CMakeFiles/f1_demo.elf.dir/startup/startup_stm32f103xb.s.obj
                0x08000000                g_pfnVectors
                0x0800010c                . = ALIGN (0x4)

.text           0x0800010c     0x3b48
                0x0800010c                . = ALIGN (0x4)
 *(.text)
 .text          0x0800010c       0x40 d:/progra~1/stmicr~1/stm32c~1/stm32c~1/gcc-ar~1/bin/../lib/gcc/arm-none-eabi/9.3.1/thumb/v7-m/nofp/crtbegin.o
 *(.text*)
 .text.HAL_Init
                0x0800014c       0x2c CMakeFiles/f1_demo.elf.dir/Drivers/STM32F1xx_HAL_Driver/Src/stm32f1xx_hal.c.obj
                0x0800014c                HAL_Init
 .text.HAL_InitTick
                0x08000178       0x60 CMakeFiles/f1_demo.elf.dir/Drivers/STM32F1xx_HAL_Driver/Src/stm32f1xx_hal.c.obj
                0x08000178                HAL_InitTick
 .text.HAL_IncTick
                0x080001d8       0x24 CMakeFiles/f1_demo.elf.dir/Drivers/STM32F1xx_HAL_Driver/Src/stm32f1xx_hal.c.obj
                0x080001d8                HAL_IncTick
 .text.HAL_GetTick
                0x080001fc       0x14 CMakeFiles/f1_demo.elf.dir/Drivers/STM32F1xx_HAL_Driver/Src/stm32f1xx_hal.c.obj
                0x080001fc                HAL_GetTick
 .text.__NVIC_SetPriorityGrouping
                0x08000210       0x48 CMakeFiles/f1_demo.elf.dir/Drivers/STM32F1xx_HAL_Driver/Src/stm32f1xx_hal_cortex.c.obj
 .text.__NVIC_GetPriorityGrouping
                0x08000258       0x1c CMakeFiles/f1_demo.elf.dir/Drivers/STM32F1xx_HAL_Driver/Src/stm32f1xx_hal_cortex.c.obj
 .text.__NVIC_EnableIRQ
                0x08000274       0x38 CMakeFiles/f1_demo.elf.dir/Drivers/STM32F1xx_HAL_Driver/Src/stm32f1xx_hal_cortex.c.obj
 .text.__NVIC_SetPriority
                0x080002ac       0x54 CMakeFiles/f1_demo.elf.dir/Drivers/STM32F1xx_HAL_Driver/Src/stm32f1xx_hal_cortex.c.obj
 .text.NVIC_EncodePriority
                0x08000300       0x64 CMakeFiles/f1_demo.elf.dir/Drivers/STM32F1xx_HAL_Driver/Src/stm32f1xx_hal_cortex.c.obj
 .text.SysTick_Config
                0x08000364       0x44 CMakeFiles/f1_demo.elf.dir/Drivers/STM32F1xx_HAL_Driver/Src/stm32f1xx_hal_cortex.c.obj
 .text.HAL_NVIC_SetPriorityGrouping
                0x080003a8       0x16 CMakeFiles/f1_demo.elf.dir/Drivers/STM32F1xx_HAL_Driver/Src/stm32f1xx_hal_cortex.c.obj
                0x080003a8                HAL_NVIC_SetPriorityGrouping
 .text.HAL_NVIC_SetPriority
                0x080003be       0x38 CMakeFiles/f1_demo.elf.dir/Drivers/STM32F1xx_HAL_Driver/Src/stm32f1xx_hal_cortex.c.obj
                0x080003be                HAL_NVIC_SetPriority
 .text.HAL_NVIC_EnableIRQ
                0x080003f6       0x1c CMakeFiles/f1_demo.elf.dir/Drivers/STM32F1xx_HAL_Driver/Src/stm32f1xx_hal_cortex.c.obj
                0x080003f6                HAL_NVIC_EnableIRQ
 .text.HAL_SYSTICK_Config
                0x08000412       0x18 CMakeFiles/f1_demo.elf.dir/Drivers/STM32F1xx_HAL_Driver/Src/stm32f1xx_hal_cortex.c.obj
                0x08000412                HAL_SYSTICK_Config
 *fill*         0x0800042a        0x2 
 .text.HAL_GPIO_Init
                0x0800042c      0x308 CMakeFiles/f1_demo.elf.dir/Drivers/STM32F1xx_HAL_Driver/Src/stm32f1xx_hal_gpio.c.obj
                0x0800042c                HAL_GPIO_Init
 .text.HAL_GPIO_ReadPin
                0x08000734       0x2e CMakeFiles/f1_demo.elf.dir/Drivers/STM32F1xx_HAL_Driver/Src/stm32f1xx_hal_gpio.c.obj
                0x08000734                HAL_GPIO_ReadPin
 .text.HAL_GPIO_WritePin
                0x08000762       0x30 CMakeFiles/f1_demo.elf.dir/Drivers/STM32F1xx_HAL_Driver/Src/stm32f1xx_hal_gpio.c.obj
                0x08000762                HAL_GPIO_WritePin
 *fill*         0x08000792        0x2 
 .text.HAL_RCC_OscConfig
                0x08000794      0x500 CMakeFiles/f1_demo.elf.dir/Drivers/STM32F1xx_HAL_Driver/Src/stm32f1xx_hal_rcc.c.obj
                0x08000794                HAL_RCC_OscConfig
 .text.HAL_RCC_ClockConfig
                0x08000c94      0x1d4 CMakeFiles/f1_demo.elf.dir/Drivers/STM32F1xx_HAL_Driver/Src/stm32f1xx_hal_rcc.c.obj
                0x08000c94                HAL_RCC_ClockConfig
 .text.HAL_RCC_GetSysClockFreq
                0x08000e68       0xc0 CMakeFiles/f1_demo.elf.dir/Drivers/STM32F1xx_HAL_Driver/Src/stm32f1xx_hal_rcc.c.obj
                0x08000e68                HAL_RCC_GetSysClockFreq
 .text.HAL_RCC_GetHCLKFreq
                0x08000f28       0x14 CMakeFiles/f1_demo.elf.dir/Drivers/STM32F1xx_HAL_Driver/Src/stm32f1xx_hal_rcc.c.obj
                0x08000f28                HAL_RCC_GetHCLKFreq
 .text.HAL_RCC_GetPCLK1Freq
                0x08000f3c       0x28 CMakeFiles/f1_demo.elf.dir/Drivers/STM32F1xx_HAL_Driver/Src/stm32f1xx_hal_rcc.c.obj
                0x08000f3c                HAL_RCC_GetPCLK1Freq
 .text.HAL_RCC_GetPCLK2Freq
                0x08000f64       0x28 CMakeFiles/f1_demo.elf.dir/Drivers/STM32F1xx_HAL_Driver/Src/stm32f1xx_hal_rcc.c.obj
                0x08000f64                HAL_RCC_GetPCLK2Freq
 .text.RCC_Delay
                0x08000f8c       0x3c CMakeFiles/f1_demo.elf.dir/Drivers/STM32F1xx_HAL_Driver/Src/stm32f1xx_hal_rcc.c.obj
 .text.HAL_TIM_Base_Init
                0x08000fc8       0x56 CMakeFiles/f1_demo.elf.dir/Drivers/STM32F1xx_HAL_Driver/Src/stm32f1xx_hal_tim.c.obj
                0x08000fc8                HAL_TIM_Base_Init
 .text.HAL_TIM_Base_Start_IT
                0x0800101e       0x46 CMakeFiles/f1_demo.elf.dir/Drivers/STM32F1xx_HAL_Driver/Src/stm32f1xx_hal_tim.c.obj
                0x0800101e                HAL_TIM_Base_Start_IT
 .text.HAL_TIM_IRQHandler
                0x08001064      0x210 CMakeFiles/f1_demo.elf.dir/Drivers/STM32F1xx_HAL_Driver/Src/stm32f1xx_hal_tim.c.obj
                0x08001064                HAL_TIM_IRQHandler
 .text.HAL_TIM_ConfigClockSource
                0x08001274      0x188 CMakeFiles/f1_demo.elf.dir/Drivers/STM32F1xx_HAL_Driver/Src/stm32f1xx_hal_tim.c.obj
                0x08001274                HAL_TIM_ConfigClockSource
 .text.HAL_TIM_OC_DelayElapsedCallback
                0x080013fc       0x12 CMakeFiles/f1_demo.elf.dir/Drivers/STM32F1xx_HAL_Driver/Src/stm32f1xx_hal_tim.c.obj
                0x080013fc                HAL_TIM_OC_DelayElapsedCallback
 .text.HAL_TIM_IC_CaptureCallback
                0x0800140e       0x12 CMakeFiles/f1_demo.elf.dir/Drivers/STM32F1xx_HAL_Driver/Src/stm32f1xx_hal_tim.c.obj
                0x0800140e                HAL_TIM_IC_CaptureCallback
 .text.HAL_TIM_PWM_PulseFinishedCallback
                0x08001420       0x12 CMakeFiles/f1_demo.elf.dir/Drivers/STM32F1xx_HAL_Driver/Src/stm32f1xx_hal_tim.c.obj
                0x08001420                HAL_TIM_PWM_PulseFinishedCallback
 .text.HAL_TIM_TriggerCallback
                0x08001432       0x12 CMakeFiles/f1_demo.elf.dir/Drivers/STM32F1xx_HAL_Driver/Src/stm32f1xx_hal_tim.c.obj
                0x08001432                HAL_TIM_TriggerCallback
 .text.TIM_Base_SetConfig
                0x08001444       0xc4 CMakeFiles/f1_demo.elf.dir/Drivers/STM32F1xx_HAL_Driver/Src/stm32f1xx_hal_tim.c.obj
                0x08001444                TIM_Base_SetConfig
 .text.TIM_TI1_ConfigInputStage
                0x08001508       0x5c CMakeFiles/f1_demo.elf.dir/Drivers/STM32F1xx_HAL_Driver/Src/stm32f1xx_hal_tim.c.obj
 .text.TIM_TI2_ConfigInputStage
                0x08001564       0x5e CMakeFiles/f1_demo.elf.dir/Drivers/STM32F1xx_HAL_Driver/Src/stm32f1xx_hal_tim.c.obj
 .text.TIM_ITRx_SetConfig
                0x080015c2       0x34 CMakeFiles/f1_demo.elf.dir/Drivers/STM32F1xx_HAL_Driver/Src/stm32f1xx_hal_tim.c.obj
 .text.TIM_ETR_SetConfig
                0x080015f6       0x3e CMakeFiles/f1_demo.elf.dir/Drivers/STM32F1xx_HAL_Driver/Src/stm32f1xx_hal_tim.c.obj
                0x080015f6                TIM_ETR_SetConfig
 .text.HAL_TIMEx_MasterConfigSynchronization
                0x08001634       0x88 CMakeFiles/f1_demo.elf.dir/Drivers/STM32F1xx_HAL_Driver/Src/stm32f1xx_hal_tim_ex.c.obj
                0x08001634                HAL_TIMEx_MasterConfigSynchronization
 .text.HAL_TIMEx_CommutCallback
                0x080016bc       0x12 CMakeFiles/f1_demo.elf.dir/Drivers/STM32F1xx_HAL_Driver/Src/stm32f1xx_hal_tim_ex.c.obj
                0x080016bc                HAL_TIMEx_CommutCallback
 .text.HAL_TIMEx_BreakCallback
                0x080016ce       0x12 CMakeFiles/f1_demo.elf.dir/Drivers/STM32F1xx_HAL_Driver/Src/stm32f1xx_hal_tim_ex.c.obj
                0x080016ce                HAL_TIMEx_BreakCallback
 .text.HAL_UART_Init
                0x080016e0       0x9a CMakeFiles/f1_demo.elf.dir/Drivers/STM32F1xx_HAL_Driver/Src/stm32f1xx_hal_uart.c.obj
                0x080016e0                HAL_UART_Init
 .text.HAL_UART_Transmit
                0x0800177a      0x132 CMakeFiles/f1_demo.elf.dir/Drivers/STM32F1xx_HAL_Driver/Src/stm32f1xx_hal_uart.c.obj
                0x0800177a                HAL_UART_Transmit
 .text.UART_WaitOnFlagUntilTimeout
                0x080018ac       0x94 CMakeFiles/f1_demo.elf.dir/Drivers/STM32F1xx_HAL_Driver/Src/stm32f1xx_hal_uart.c.obj
 .text.UART_SetConfig
                0x08001940      0x1b4 CMakeFiles/f1_demo.elf.dir/Drivers/STM32F1xx_HAL_Driver/Src/stm32f1xx_hal_uart.c.obj
 .text.KeyMenu  0x08001af4       0x54 CMakeFiles/f1_demo.elf.dir/Src/Control.c.obj
                0x08001af4                KeyMenu
 .text.KeyScan  0x08001b48      0x138 CMakeFiles/f1_demo.elf.dir/Src/KeyBoard.c.obj
                0x08001b48                KeyScan
 .text.KeyPress
                0x08001c80       0x24 CMakeFiles/f1_demo.elf.dir/Src/KeyBoard.c.obj
                0x08001c80                KeyPress
 .text.KeyRelease
                0x08001ca4       0x24 CMakeFiles/f1_demo.elf.dir/Src/KeyBoard.c.obj
                0x08001ca4                KeyRelease
 .text.KeyContinued
                0x08001cc8       0x40 CMakeFiles/f1_demo.elf.dir/Src/KeyBoard.c.obj
                0x08001cc8                KeyContinued
 .text.RX_AskRxCode
                0x08001d08      0x280 CMakeFiles/f1_demo.elf.dir/Src/Rx433Lin.c.obj
                0x08001d08                RX_AskRxCode
 .text.Rx433IrDispose
                0x08001f88       0xbc CMakeFiles/f1_demo.elf.dir/Src/Rx433Remote.c.obj
                0x08001f88                Rx433IrDispose
 .text.AskInit  0x08002044       0x4c CMakeFiles/f1_demo.elf.dir/Src/Tx433Lin.c.obj
                0x08002044                AskInit
 .text.AskClose
                0x08002090       0x24 CMakeFiles/f1_demo.elf.dir/Src/Tx433Lin.c.obj
                0x08002090                AskClose
 .text.AskOpen  0x080020b4       0x34 CMakeFiles/f1_demo.elf.dir/Src/Tx433Lin.c.obj
                0x080020b4                AskOpen
 .text.AskTask  0x080020e8      0x214 CMakeFiles/f1_demo.elf.dir/Src/Tx433Lin.c.obj
                0x080020e8                AskTask
 .text.Tx433IrInit
                0x080022fc       0x3c CMakeFiles/f1_demo.elf.dir/Src/Tx433Remote.c.obj
                0x080022fc                Tx433IrInit
 .text.MX_GPIO_Init
                0x08002338       0xf4 CMakeFiles/f1_demo.elf.dir/Src/gpio.c.obj
                0x08002338                MX_GPIO_Init
 .text.getBit   0x0800242c       0x66 CMakeFiles/f1_demo.elf.dir/Src/keeloq_lock.c.obj
                0x0800242c                getBit
 *fill*         0x08002492        0x2 
 .text.DECRYPT  0x08002494      0x120 CMakeFiles/f1_demo.elf.dir/Src/keeloq_lock.c.obj
                0x08002494                DECRYPT
 .text.NLF_DEFINE
                0x080025b4       0xd0 CMakeFiles/f1_demo.elf.dir/Src/keeloq_lock.c.obj
                0x080025b4                NLF_DEFINE
 .text._write   0x08002684       0x2c CMakeFiles/f1_demo.elf.dir/Src/main.c.obj
                0x08002684                _write
 .text.main     0x080026b0       0x44 CMakeFiles/f1_demo.elf.dir/Src/main.c.obj
                0x080026b0                main
 .text.SystemClock_Config
                0x080026f4       0x8a CMakeFiles/f1_demo.elf.dir/Src/main.c.obj
                0x080026f4                SystemClock_Config
 .text.Error_Handler
                0x0800277e        0xc CMakeFiles/f1_demo.elf.dir/Src/main.c.obj
                0x0800277e                Error_Handler
 *fill*         0x0800278a        0x2 
 .text.HAL_MspInit
                0x0800278c       0x64 CMakeFiles/f1_demo.elf.dir/Src/stm32f1xx_hal_msp.c.obj
                0x0800278c                HAL_MspInit
 .text.NMI_Handler
                0x080027f0        0xc CMakeFiles/f1_demo.elf.dir/Src/stm32f1xx_it.c.obj
                0x080027f0                NMI_Handler
 .text.HardFault_Handler
                0x080027fc        0x6 CMakeFiles/f1_demo.elf.dir/Src/stm32f1xx_it.c.obj
                0x080027fc                HardFault_Handler
 .text.MemManage_Handler
                0x08002802        0x6 CMakeFiles/f1_demo.elf.dir/Src/stm32f1xx_it.c.obj
                0x08002802                MemManage_Handler
 .text.BusFault_Handler
                0x08002808        0x6 CMakeFiles/f1_demo.elf.dir/Src/stm32f1xx_it.c.obj
                0x08002808                BusFault_Handler
 .text.UsageFault_Handler
                0x0800280e        0x6 CMakeFiles/f1_demo.elf.dir/Src/stm32f1xx_it.c.obj
                0x0800280e                UsageFault_Handler
 .text.SVC_Handler
                0x08002814        0xc CMakeFiles/f1_demo.elf.dir/Src/stm32f1xx_it.c.obj
                0x08002814                SVC_Handler
 .text.DebugMon_Handler
                0x08002820        0xc CMakeFiles/f1_demo.elf.dir/Src/stm32f1xx_it.c.obj
                0x08002820                DebugMon_Handler
 .text.PendSV_Handler
                0x0800282c        0xc CMakeFiles/f1_demo.elf.dir/Src/stm32f1xx_it.c.obj
                0x0800282c                PendSV_Handler
 .text.SysTick_Handler
                0x08002838        0xc CMakeFiles/f1_demo.elf.dir/Src/stm32f1xx_it.c.obj
                0x08002838                SysTick_Handler
 .text.TIM3_IRQHandler
                0x08002844       0x14 CMakeFiles/f1_demo.elf.dir/Src/stm32f1xx_it.c.obj
                0x08002844                TIM3_IRQHandler
 .text._read    0x08002858       0x3a CMakeFiles/f1_demo.elf.dir/Src/syscalls.c.obj
                0x08002858                _read
 *fill*         0x08002892        0x2 
 .text._sbrk    0x08002894       0x58 CMakeFiles/f1_demo.elf.dir/Src/syscalls.c.obj
                0x08002894                _sbrk
 .text._close   0x080028ec       0x16 CMakeFiles/f1_demo.elf.dir/Src/syscalls.c.obj
                0x080028ec                _close
 .text._fstat   0x08002902       0x1e CMakeFiles/f1_demo.elf.dir/Src/syscalls.c.obj
                0x08002902                _fstat
 .text._isatty  0x08002920       0x14 CMakeFiles/f1_demo.elf.dir/Src/syscalls.c.obj
                0x08002920                _isatty
 .text._lseek   0x08002934       0x18 CMakeFiles/f1_demo.elf.dir/Src/syscalls.c.obj
                0x08002934                _lseek
 .text.SystemInit
                0x0800294c       0x68 CMakeFiles/f1_demo.elf.dir/Src/system_stm32f1xx.c.obj
                0x0800294c                SystemInit
 .text.MX_TIM3_Init
                0x080029b4       0x98 CMakeFiles/f1_demo.elf.dir/Src/tim.c.obj
                0x080029b4                MX_TIM3_Init
 .text.HAL_TIM_Base_MspInit
                0x08002a4c       0x4c CMakeFiles/f1_demo.elf.dir/Src/tim.c.obj
                0x08002a4c                HAL_TIM_Base_MspInit
 .text.HAL_TIM_PeriodElapsedCallback
                0x08002a98       0x5c CMakeFiles/f1_demo.elf.dir/Src/tim.c.obj
                0x08002a98                HAL_TIM_PeriodElapsedCallback
 .text.MX_USART1_UART_Init
                0x08002af4       0x54 CMakeFiles/f1_demo.elf.dir/Src/usart.c.obj
                0x08002af4                MX_USART1_UART_Init
 .text.HAL_UART_MspInit
                0x08002b48       0x98 CMakeFiles/f1_demo.elf.dir/Src/usart.c.obj
                0x08002b48                HAL_UART_MspInit
 .text.Reset_Handler
                0x08002be0       0x48 CMakeFiles/f1_demo.elf.dir/startup/startup_stm32f103xb.s.obj
                0x08002be0                Reset_Handler
 .text.Default_Handler
                0x08002c28        0x2 CMakeFiles/f1_demo.elf.dir/startup/startup_stm32f103xb.s.obj
                0x08002c28                RTC_Alarm_IRQHandler
                0x08002c28                EXTI2_IRQHandler
                0x08002c28                TIM1_CC_IRQHandler
                0x08002c28                PVD_IRQHandler
                0x08002c28                EXTI3_IRQHandler
                0x08002c28                EXTI0_IRQHandler
                0x08002c28                I2C2_EV_IRQHandler
                0x08002c28                ADC1_2_IRQHandler
                0x08002c28                SPI1_IRQHandler
                0x08002c28                TAMPER_IRQHandler
                0x08002c28                DMA1_Channel4_IRQHandler
                0x08002c28                USART3_IRQHandler
                0x08002c28                RTC_IRQHandler
                0x08002c28                DMA1_Channel7_IRQHandler
                0x08002c28                CAN1_RX1_IRQHandler
                0x08002c28                TIM4_IRQHandler
                0x08002c28                I2C1_EV_IRQHandler
                0x08002c28                DMA1_Channel6_IRQHandler
                0x08002c28                RCC_IRQHandler
                0x08002c28                TIM1_TRG_COM_IRQHandler
                0x08002c28                DMA1_Channel1_IRQHandler
                0x08002c28                Default_Handler
                0x08002c28                EXTI15_10_IRQHandler
                0x08002c28                EXTI9_5_IRQHandler
                0x08002c28                SPI2_IRQHandler
                0x08002c28                DMA1_Channel5_IRQHandler
                0x08002c28                EXTI4_IRQHandler
                0x08002c28                USB_LP_CAN1_RX0_IRQHandler
                0x08002c28                USB_HP_CAN1_TX_IRQHandler
                0x08002c28                DMA1_Channel3_IRQHandler
                0x08002c28                TIM1_UP_IRQHandler
                0x08002c28                WWDG_IRQHandler
                0x08002c28                TIM2_IRQHandler
                0x08002c28                TIM1_BRK_IRQHandler
                0x08002c28                EXTI1_IRQHandler
                0x08002c28                USART2_IRQHandler
                0x08002c28                I2C2_ER_IRQHandler
                0x08002c28                DMA1_Channel2_IRQHandler
                0x08002c28                CAN1_SCE_IRQHandler
                0x08002c28                FLASH_IRQHandler
                0x08002c28                USART1_IRQHandler
                0x08002c28                I2C1_ER_IRQHandler
                0x08002c28                USBWakeUp_IRQHandler
 *fill*         0x08002c2a        0x2 
 .text.__errno  0x08002c2c        0xc d:/progra~1/stmicr~1/stm32c~1/stm32c~1/gcc-ar~1/bin/../lib/gcc/arm-none-eabi/9.3.1/../../../../arm-none-eabi/lib/thumb/v7-m/nofp\libg_nano.a(lib_a-errno.o)
                0x08002c2c                __errno
 .text.__libc_init_array
                0x08002c38       0x48 d:/progra~1/stmicr~1/stm32c~1/stm32c~1/gcc-ar~1/bin/../lib/gcc/arm-none-eabi/9.3.1/../../../../arm-none-eabi/lib/thumb/v7-m/nofp\libg_nano.a(lib_a-init.o)
                0x08002c38                __libc_init_array
 .text.memset   0x08002c80       0x10 d:/progra~1/stmicr~1/stm32c~1/stm32c~1/gcc-ar~1/bin/../lib/gcc/arm-none-eabi/9.3.1/../../../../arm-none-eabi/lib/thumb/v7-m/nofp\libg_nano.a(lib_a-memset.o)
                0x08002c80                memset
 .text.printf   0x08002c90       0x30 d:/progra~1/stmicr~1/stm32c~1/stm32c~1/gcc-ar~1/bin/../lib/gcc/arm-none-eabi/9.3.1/../../../../arm-none-eabi/lib/thumb/v7-m/nofp\libg_nano.a(lib_a-printf.o)
                0x08002c90                iprintf
                0x08002c90                printf
 .text._puts_r  0x08002cc0       0xdc d:/progra~1/stmicr~1/stm32c~1/stm32c~1/gcc-ar~1/bin/../lib/gcc/arm-none-eabi/9.3.1/../../../../arm-none-eabi/lib/thumb/v7-m/nofp\libg_nano.a(lib_a-puts.o)
                0x08002cc0                _puts_r
 .text.puts     0x08002d9c       0x10 d:/progra~1/stmicr~1/stm32c~1/stm32c~1/gcc-ar~1/bin/../lib/gcc/arm-none-eabi/9.3.1/../../../../arm-none-eabi/lib/thumb/v7-m/nofp\libg_nano.a(lib_a-puts.o)
                0x08002d9c                puts
 .text.__swbuf_r
                0x08002dac       0xa4 d:/progra~1/stmicr~1/stm32c~1/stm32c~1/gcc-ar~1/bin/../lib/gcc/arm-none-eabi/9.3.1/../../../../arm-none-eabi/lib/thumb/v7-m/nofp\libg_nano.a(lib_a-wbuf.o)
                0x08002dac                __swbuf_r
 .text.__swsetup_r
                0x08002e50       0xdc d:/progra~1/stmicr~1/stm32c~1/stm32c~1/gcc-ar~1/bin/../lib/gcc/arm-none-eabi/9.3.1/../../../../arm-none-eabi/lib/thumb/v7-m/nofp\libg_nano.a(lib_a-wsetup.o)
                0x08002e50                __swsetup_r
 .text.__sflush_r
                0x08002f2c      0x10c d:/progra~1/stmicr~1/stm32c~1/stm32c~1/gcc-ar~1/bin/../lib/gcc/arm-none-eabi/9.3.1/../../../../arm-none-eabi/lib/thumb/v7-m/nofp\libg_nano.a(lib_a-fflush.o)
                0x08002f2c                __sflush_r
 .text._fflush_r
                0x08003038       0x78 d:/progra~1/stmicr~1/stm32c~1/stm32c~1/gcc-ar~1/bin/../lib/gcc/arm-none-eabi/9.3.1/../../../../arm-none-eabi/lib/thumb/v7-m/nofp\libg_nano.a(lib_a-fflush.o)
                0x08003038                _fflush_r
 .text.std      0x080030b0       0x48 d:/progra~1/stmicr~1/stm32c~1/stm32c~1/gcc-ar~1/bin/../lib/gcc/arm-none-eabi/9.3.1/../../../../arm-none-eabi/lib/thumb/v7-m/nofp\libg_nano.a(lib_a-findfp.o)
 .text._cleanup_r
                0x080030f8        0xc d:/progra~1/stmicr~1/stm32c~1/stm32c~1/gcc-ar~1/bin/../lib/gcc/arm-none-eabi/9.3.1/../../../../arm-none-eabi/lib/thumb/v7-m/nofp\libg_nano.a(lib_a-findfp.o)
                0x080030f8                _cleanup_r
 .text.__sfmoreglue
                0x08003104       0x2c d:/progra~1/stmicr~1/stm32c~1/stm32c~1/gcc-ar~1/bin/../lib/gcc/arm-none-eabi/9.3.1/../../../../arm-none-eabi/lib/thumb/v7-m/nofp\libg_nano.a(lib_a-findfp.o)
                0x08003104                __sfmoreglue
 .text.__sfp_lock_acquire
                0x08003130        0xc d:/progra~1/stmicr~1/stm32c~1/stm32c~1/gcc-ar~1/bin/../lib/gcc/arm-none-eabi/9.3.1/../../../../arm-none-eabi/lib/thumb/v7-m/nofp\libg_nano.a(lib_a-findfp.o)
                0x08003130                __sfp_lock_acquire
 .text.__sfp_lock_release
                0x0800313c        0xc d:/progra~1/stmicr~1/stm32c~1/stm32c~1/gcc-ar~1/bin/../lib/gcc/arm-none-eabi/9.3.1/../../../../arm-none-eabi/lib/thumb/v7-m/nofp\libg_nano.a(lib_a-findfp.o)
                0x0800313c                __sfp_lock_release
 .text.__sinit_lock_acquire
                0x08003148        0xc d:/progra~1/stmicr~1/stm32c~1/stm32c~1/gcc-ar~1/bin/../lib/gcc/arm-none-eabi/9.3.1/../../../../arm-none-eabi/lib/thumb/v7-m/nofp\libg_nano.a(lib_a-findfp.o)
                0x08003148                __sinit_lock_acquire
 .text.__sinit_lock_release
                0x08003154        0xc d:/progra~1/stmicr~1/stm32c~1/stm32c~1/gcc-ar~1/bin/../lib/gcc/arm-none-eabi/9.3.1/../../../../arm-none-eabi/lib/thumb/v7-m/nofp\libg_nano.a(lib_a-findfp.o)
                0x08003154                __sinit_lock_release
 .text.__sinit  0x08003160       0x70 d:/progra~1/stmicr~1/stm32c~1/stm32c~1/gcc-ar~1/bin/../lib/gcc/arm-none-eabi/9.3.1/../../../../arm-none-eabi/lib/thumb/v7-m/nofp\libg_nano.a(lib_a-findfp.o)
                0x08003160                __sinit
 .text.__sfp    0x080031d0       0x8c d:/progra~1/stmicr~1/stm32c~1/stm32c~1/gcc-ar~1/bin/../lib/gcc/arm-none-eabi/9.3.1/../../../../arm-none-eabi/lib/thumb/v7-m/nofp\libg_nano.a(lib_a-findfp.o)
                0x080031d0                __sfp
 .text._fwalk_reent
                0x0800325c       0x3e d:/progra~1/stmicr~1/stm32c~1/stm32c~1/gcc-ar~1/bin/../lib/gcc/arm-none-eabi/9.3.1/../../../../arm-none-eabi/lib/thumb/v7-m/nofp\libg_nano.a(lib_a-fwalk.o)
                0x0800325c                _fwalk_reent
 .text.__retarget_lock_init_recursive
                0x0800329a        0x2 d:/progra~1/stmicr~1/stm32c~1/stm32c~1/gcc-ar~1/bin/../lib/gcc/arm-none-eabi/9.3.1/../../../../arm-none-eabi/lib/thumb/v7-m/nofp\libg_nano.a(lib_a-lock.o)
                0x0800329a                __retarget_lock_init_recursive
 .text.__retarget_lock_acquire_recursive
                0x0800329c        0x2 d:/progra~1/stmicr~1/stm32c~1/stm32c~1/gcc-ar~1/bin/../lib/gcc/arm-none-eabi/9.3.1/../../../../arm-none-eabi/lib/thumb/v7-m/nofp\libg_nano.a(lib_a-lock.o)
                0x0800329c                __retarget_lock_acquire_recursive
 .text.__retarget_lock_release_recursive
                0x0800329e        0x2 d:/progra~1/stmicr~1/stm32c~1/stm32c~1/gcc-ar~1/bin/../lib/gcc/arm-none-eabi/9.3.1/../../../../arm-none-eabi/lib/thumb/v7-m/nofp\libg_nano.a(lib_a-lock.o)
                0x0800329e                __retarget_lock_release_recursive
 .text.__swhatbuf_r
                0x080032a0       0x48 d:/progra~1/stmicr~1/stm32c~1/stm32c~1/gcc-ar~1/bin/../lib/gcc/arm-none-eabi/9.3.1/../../../../arm-none-eabi/lib/thumb/v7-m/nofp\libg_nano.a(lib_a-makebuf.o)
                0x080032a0                __swhatbuf_r
 .text.__smakebuf_r
                0x080032e8       0x80 d:/progra~1/stmicr~1/stm32c~1/stm32c~1/gcc-ar~1/bin/../lib/gcc/arm-none-eabi/9.3.1/../../../../arm-none-eabi/lib/thumb/v7-m/nofp\libg_nano.a(lib_a-makebuf.o)
                0x080032e8                __smakebuf_r
 .text._free_r  0x08003368       0x98 d:/progra~1/stmicr~1/stm32c~1/stm32c~1/gcc-ar~1/bin/../lib/gcc/arm-none-eabi/9.3.1/../../../../arm-none-eabi/lib/thumb/v7-m/nofp\libg_nano.a(lib_a-nano-freer.o)
                0x08003368                _free_r
 .text._malloc_r
                0x08003400       0xb4 d:/progra~1/stmicr~1/stm32c~1/stm32c~1/gcc-ar~1/bin/../lib/gcc/arm-none-eabi/9.3.1/../../../../arm-none-eabi/lib/thumb/v7-m/nofp\libg_nano.a(lib_a-nano-mallocr.o)
                0x08003400                _malloc_r
 .text.__sfputc_r
                0x080034b4       0x2a d:/progra~1/stmicr~1/stm32c~1/stm32c~1/gcc-ar~1/bin/../lib/gcc/arm-none-eabi/9.3.1/../../../../arm-none-eabi/lib/thumb/v7-m/nofp\libg_nano.a(lib_a-nano-vfprintf.o)
 .text.__sfputs_r
                0x080034de       0x24 d:/progra~1/stmicr~1/stm32c~1/stm32c~1/gcc-ar~1/bin/../lib/gcc/arm-none-eabi/9.3.1/../../../../arm-none-eabi/lib/thumb/v7-m/nofp\libg_nano.a(lib_a-nano-vfprintf.o)
                0x080034de                __sfputs_r
 *fill*         0x08003502        0x2 
 .text._vfprintf_r
                0x08003504      0x260 d:/progra~1/stmicr~1/stm32c~1/stm32c~1/gcc-ar~1/bin/../lib/gcc/arm-none-eabi/9.3.1/../../../../arm-none-eabi/lib/thumb/v7-m/nofp\libg_nano.a(lib_a-nano-vfprintf.o)
                0x08003504                _vfprintf_r
                0x08003504                _vfiprintf_r
 .text._printf_common
                0x08003764       0xde d:/progra~1/stmicr~1/stm32c~1/stm32c~1/gcc-ar~1/bin/../lib/gcc/arm-none-eabi/9.3.1/../../../../arm-none-eabi/lib/thumb/v7-m/nofp\libg_nano.a(lib_a-nano-vfprintf_i.o)
                0x08003764                _printf_common
 *fill*         0x08003842        0x2 
 .text._printf_i
                0x08003844      0x24c d:/progra~1/stmicr~1/stm32c~1/stm32c~1/gcc-ar~1/bin/../lib/gcc/arm-none-eabi/9.3.1/../../../../arm-none-eabi/lib/thumb/v7-m/nofp\libg_nano.a(lib_a-nano-vfprintf_i.o)
                0x08003844                _printf_i
 .text._sbrk_r  0x08003a90       0x20 d:/progra~1/stmicr~1/stm32c~1/stm32c~1/gcc-ar~1/bin/../lib/gcc/arm-none-eabi/9.3.1/../../../../arm-none-eabi/lib/thumb/v7-m/nofp\libg_nano.a(lib_a-sbrkr.o)
                0x08003a90                _sbrk_r
 .text.__sread  0x08003ab0       0x22 d:/progra~1/stmicr~1/stm32c~1/stm32c~1/gcc-ar~1/bin/../lib/gcc/arm-none-eabi/9.3.1/../../../../arm-none-eabi/lib/thumb/v7-m/nofp\libg_nano.a(lib_a-stdio.o)
                0x08003ab0                __sread
 .text.__swrite
                0x08003ad2       0x38 d:/progra~1/stmicr~1/stm32c~1/stm32c~1/gcc-ar~1/bin/../lib/gcc/arm-none-eabi/9.3.1/../../../../arm-none-eabi/lib/thumb/v7-m/nofp\libg_nano.a(lib_a-stdio.o)
                0x08003ad2                __swrite
 .text.__sseek  0x08003b0a       0x24 d:/progra~1/stmicr~1/stm32c~1/stm32c~1/gcc-ar~1/bin/../lib/gcc/arm-none-eabi/9.3.1/../../../../arm-none-eabi/lib/thumb/v7-m/nofp\libg_nano.a(lib_a-stdio.o)
                0x08003b0a                __sseek
 .text.__sclose
                0x08003b2e        0x8 d:/progra~1/stmicr~1/stm32c~1/stm32c~1/gcc-ar~1/bin/../lib/gcc/arm-none-eabi/9.3.1/../../../../arm-none-eabi/lib/thumb/v7-m/nofp\libg_nano.a(lib_a-stdio.o)
                0x08003b2e                __sclose
 *fill*         0x08003b36        0x2 
 .text._write_r
                0x08003b38       0x24 d:/progra~1/stmicr~1/stm32c~1/stm32c~1/gcc-ar~1/bin/../lib/gcc/arm-none-eabi/9.3.1/../../../../arm-none-eabi/lib/thumb/v7-m/nofp\libg_nano.a(lib_a-writer.o)
                0x08003b38                _write_r
 .text._close_r
                0x08003b5c       0x20 d:/progra~1/stmicr~1/stm32c~1/stm32c~1/gcc-ar~1/bin/../lib/gcc/arm-none-eabi/9.3.1/../../../../arm-none-eabi/lib/thumb/v7-m/nofp\libg_nano.a(lib_a-closer.o)
                0x08003b5c                _close_r
 .text._fstat_r
                0x08003b7c       0x24 d:/progra~1/stmicr~1/stm32c~1/stm32c~1/gcc-ar~1/bin/../lib/gcc/arm-none-eabi/9.3.1/../../../../arm-none-eabi/lib/thumb/v7-m/nofp\libg_nano.a(lib_a-fstatr.o)
                0x08003b7c                _fstat_r
 .text._isatty_r
                0x08003ba0       0x20 d:/progra~1/stmicr~1/stm32c~1/stm32c~1/gcc-ar~1/bin/../lib/gcc/arm-none-eabi/9.3.1/../../../../arm-none-eabi/lib/thumb/v7-m/nofp\libg_nano.a(lib_a-isattyr.o)
                0x08003ba0                _isatty_r
 .text._lseek_r
                0x08003bc0       0x24 d:/progra~1/stmicr~1/stm32c~1/stm32c~1/gcc-ar~1/bin/../lib/gcc/arm-none-eabi/9.3.1/../../../../arm-none-eabi/lib/thumb/v7-m/nofp\libg_nano.a(lib_a-lseekr.o)
                0x08003bc0                _lseek_r
 .text.memchr   0x08003be4       0x1c d:/progra~1/stmicr~1/stm32c~1/stm32c~1/gcc-ar~1/bin/../lib/gcc/arm-none-eabi/9.3.1/../../../../arm-none-eabi/lib/thumb/v7-m/nofp\libg_nano.a(lib_a-memchr-stub.o)
                0x08003be4                memchr
 .text.__malloc_lock
                0x08003c00        0xc d:/progra~1/stmicr~1/stm32c~1/stm32c~1/gcc-ar~1/bin/../lib/gcc/arm-none-eabi/9.3.1/../../../../arm-none-eabi/lib/thumb/v7-m/nofp\libg_nano.a(lib_a-mlock.o)
                0x08003c00                __malloc_lock
 .text.__malloc_unlock
                0x08003c0c        0xc d:/progra~1/stmicr~1/stm32c~1/stm32c~1/gcc-ar~1/bin/../lib/gcc/arm-none-eabi/9.3.1/../../../../arm-none-eabi/lib/thumb/v7-m/nofp\libg_nano.a(lib_a-mlock.o)
                0x08003c0c                __malloc_unlock
 .text._read_r  0x08003c18       0x24 d:/progra~1/stmicr~1/stm32c~1/stm32c~1/gcc-ar~1/bin/../lib/gcc/arm-none-eabi/9.3.1/../../../../arm-none-eabi/lib/thumb/v7-m/nofp\libg_nano.a(lib_a-readr.o)
                0x08003c18                _read_r
 *(.glue_7)
 .glue_7        0x08003c3c        0x0 linker stubs
 *(.glue_7t)
 .glue_7t       0x08003c3c        0x0 linker stubs
 *(.eh_frame)
 .eh_frame      0x08003c3c        0x0 d:/progra~1/stmicr~1/stm32c~1/stm32c~1/gcc-ar~1/bin/../lib/gcc/arm-none-eabi/9.3.1/thumb/v7-m/nofp/crtbegin.o
 *(.init)
 .init          0x08003c3c        0x4 d:/progra~1/stmicr~1/stm32c~1/stm32c~1/gcc-ar~1/bin/../lib/gcc/arm-none-eabi/9.3.1/thumb/v7-m/nofp/crti.o
                0x08003c3c                _init
 .init          0x08003c40        0x8 d:/progra~1/stmicr~1/stm32c~1/stm32c~1/gcc-ar~1/bin/../lib/gcc/arm-none-eabi/9.3.1/thumb/v7-m/nofp/crtn.o
 *(.fini)
 .fini          0x08003c48        0x4 d:/progra~1/stmicr~1/stm32c~1/stm32c~1/gcc-ar~1/bin/../lib/gcc/arm-none-eabi/9.3.1/thumb/v7-m/nofp/crti.o
                0x08003c48                _fini
 .fini          0x08003c4c        0x8 d:/progra~1/stmicr~1/stm32c~1/stm32c~1/gcc-ar~1/bin/../lib/gcc/arm-none-eabi/9.3.1/thumb/v7-m/nofp/crtn.o
                0x08003c54                . = ALIGN (0x4)
                0x08003c54                _etext = .

.vfp11_veneer   0x08003c54        0x0
 .vfp11_veneer  0x08003c54        0x0 linker stubs

.v4_bx          0x08003c54        0x0
 .v4_bx         0x08003c54        0x0 linker stubs

.iplt           0x08003c54        0x0
 .iplt          0x08003c54        0x0 d:/progra~1/stmicr~1/stm32c~1/stm32c~1/gcc-ar~1/bin/../lib/gcc/arm-none-eabi/9.3.1/thumb/v7-m/nofp/crtbegin.o

.rodata         0x08003c54      0x108
                0x08003c54                . = ALIGN (0x4)
 *(.rodata)
 .rodata        0x08003c54       0x10 CMakeFiles/f1_demo.elf.dir/Drivers/STM32F1xx_HAL_Driver/Src/stm32f1xx_hal_rcc.c.obj
 .rodata        0x08003c64       0x22 CMakeFiles/f1_demo.elf.dir/Src/Rx433Lin.c.obj
 *fill*         0x08003c86        0x2 
 .rodata        0x08003c88       0x21 CMakeFiles/f1_demo.elf.dir/Src/Rx433Remote.c.obj
 *(.rodata*)
 *fill*         0x08003ca9        0x3 
 .rodata.AHBPrescTable
                0x08003cac       0x10 CMakeFiles/f1_demo.elf.dir/Src/system_stm32f1xx.c.obj
                0x08003cac                AHBPrescTable
 .rodata.APBPrescTable
                0x08003cbc        0x8 CMakeFiles/f1_demo.elf.dir/Src/system_stm32f1xx.c.obj
                0x08003cbc                APBPrescTable
 .rodata._global_impure_ptr
                0x08003cc4        0x4 d:/progra~1/stmicr~1/stm32c~1/stm32c~1/gcc-ar~1/bin/../lib/gcc/arm-none-eabi/9.3.1/../../../../arm-none-eabi/lib/thumb/v7-m/nofp\libg_nano.a(lib_a-impure.o)
                0x08003cc4                _global_impure_ptr
 .rodata.__sf_fake_stderr
                0x08003cc8       0x20 d:/progra~1/stmicr~1/stm32c~1/stm32c~1/gcc-ar~1/bin/../lib/gcc/arm-none-eabi/9.3.1/../../../../arm-none-eabi/lib/thumb/v7-m/nofp\libg_nano.a(lib_a-findfp.o)
                0x08003cc8                __sf_fake_stderr
 .rodata.__sf_fake_stdin
                0x08003ce8       0x20 d:/progra~1/stmicr~1/stm32c~1/stm32c~1/gcc-ar~1/bin/../lib/gcc/arm-none-eabi/9.3.1/../../../../arm-none-eabi/lib/thumb/v7-m/nofp\libg_nano.a(lib_a-findfp.o)
                0x08003ce8                __sf_fake_stdin
 .rodata.__sf_fake_stdout
                0x08003d08       0x20 d:/progra~1/stmicr~1/stm32c~1/stm32c~1/gcc-ar~1/bin/../lib/gcc/arm-none-eabi/9.3.1/../../../../arm-none-eabi/lib/thumb/v7-m/nofp\libg_nano.a(lib_a-findfp.o)
                0x08003d08                __sf_fake_stdout
 .rodata._vfprintf_r.str1.1
                0x08003d28       0x11 d:/progra~1/stmicr~1/stm32c~1/stm32c~1/gcc-ar~1/bin/../lib/gcc/arm-none-eabi/9.3.1/../../../../arm-none-eabi/lib/thumb/v7-m/nofp\libg_nano.a(lib_a-nano-vfprintf.o)
 .rodata._printf_i.str1.1
                0x08003d39       0x22 d:/progra~1/stmicr~1/stm32c~1/stm32c~1/gcc-ar~1/bin/../lib/gcc/arm-none-eabi/9.3.1/../../../../arm-none-eabi/lib/thumb/v7-m/nofp\libg_nano.a(lib_a-nano-vfprintf_i.o)
                0x08003d5c                . = ALIGN (0x4)
 *fill*         0x08003d5b        0x1 

.rel.dyn        0x08003d5c        0x0
 .rel.iplt      0x08003d5c        0x0 d:/progra~1/stmicr~1/stm32c~1/stm32c~1/gcc-ar~1/bin/../lib/gcc/arm-none-eabi/9.3.1/thumb/v7-m/nofp/crtbegin.o

.ARM.extab
 *(.ARM.extab* .gnu.linkonce.armextab.*)

.ARM            0x08003d5c        0x0
                0x08003d5c                __exidx_start = .
 *(.ARM.exidx*)
                0x08003d5c                __exidx_end = .

.preinit_array  0x08003d5c        0x0
                0x08003d5c                PROVIDE (__preinit_array_start = .)
 *(.preinit_array*)
                0x08003d5c                PROVIDE (__preinit_array_end = .)

.init_array     0x08003d5c        0x4
                0x08003d5c                PROVIDE (__init_array_start = .)
 *(SORT_BY_NAME(.init_array.*))
 *(.init_array*)
 .init_array    0x08003d5c        0x4 d:/progra~1/stmicr~1/stm32c~1/stm32c~1/gcc-ar~1/bin/../lib/gcc/arm-none-eabi/9.3.1/thumb/v7-m/nofp/crtbegin.o
                0x08003d60                PROVIDE (__init_array_end = .)

.fini_array     0x08003d60        0x4
                [!provide]                PROVIDE (__fini_array_start = .)
 *(SORT_BY_NAME(.fini_array.*))
 *(.fini_array*)
 .fini_array    0x08003d60        0x4 d:/progra~1/stmicr~1/stm32c~1/stm32c~1/gcc-ar~1/bin/../lib/gcc/arm-none-eabi/9.3.1/thumb/v7-m/nofp/crtbegin.o
                [!provide]                PROVIDE (__fini_array_end = .)
                0x08003d64                _sidata = LOADADDR (.data)

.data           0x20000000       0x88 load address 0x08003d64
                0x20000000                . = ALIGN (0x4)
                0x20000000                _sdata = .
 *(.data)
 *(.data*)
 .data.uwTickPrio
                0x20000000        0x4 CMakeFiles/f1_demo.elf.dir/Drivers/STM32F1xx_HAL_Driver/Src/stm32f1xx_hal.c.obj
                0x20000000                uwTickPrio
 .data.uwTickFreq
                0x20000004        0x1 CMakeFiles/f1_demo.elf.dir/Drivers/STM32F1xx_HAL_Driver/Src/stm32f1xx_hal.c.obj
                0x20000004                uwTickFreq
 *fill*         0x20000005        0x3 
 .data.ask_buf  0x20000008        0xa CMakeFiles/f1_demo.elf.dir/Src/Tx433Lin.c.obj
                0x20000008                ask_buf
 *fill*         0x20000012        0x6 
 .data.key_lock
                0x20000018        0x8 CMakeFiles/f1_demo.elf.dir/Src/keeloq_lock.c.obj
                0x20000018                key_lock
 .data.SystemCoreClock
                0x20000020        0x4 CMakeFiles/f1_demo.elf.dir/Src/system_stm32f1xx.c.obj
                0x20000020                SystemCoreClock
 .data._impure_ptr
                0x20000024        0x4 d:/progra~1/stmicr~1/stm32c~1/stm32c~1/gcc-ar~1/bin/../lib/gcc/arm-none-eabi/9.3.1/../../../../arm-none-eabi/lib/thumb/v7-m/nofp\libg_nano.a(lib_a-impure.o)
                0x20000024                _impure_ptr
 .data.impure_data
                0x20000028       0x60 d:/progra~1/stmicr~1/stm32c~1/stm32c~1/gcc-ar~1/bin/../lib/gcc/arm-none-eabi/9.3.1/../../../../arm-none-eabi/lib/thumb/v7-m/nofp\libg_nano.a(lib_a-impure.o)
                0x20000088                . = ALIGN (0x4)
                0x20000088                _edata = .

.igot.plt       0x20000088        0x0 load address 0x08003dec
 .igot.plt      0x20000088        0x0 d:/progra~1/stmicr~1/stm32c~1/stm32c~1/gcc-ar~1/bin/../lib/gcc/arm-none-eabi/9.3.1/thumb/v7-m/nofp/crtbegin.o
                0x20000088                . = ALIGN (0x4)

.bss            0x20000088      0x180 load address 0x08003dec
                0x20000088                _sbss = .
                0x20000088                __bss_start__ = _sbss
 *(.bss)
 .bss           0x20000088       0x1c d:/progra~1/stmicr~1/stm32c~1/stm32c~1/gcc-ar~1/bin/../lib/gcc/arm-none-eabi/9.3.1/thumb/v7-m/nofp/crtbegin.o
 *(.bss*)
 .bss.uwTick    0x200000a4        0x4 CMakeFiles/f1_demo.elf.dir/Drivers/STM32F1xx_HAL_Driver/Src/stm32f1xx_hal.c.obj
                0x200000a4                uwTick
 .bss.keys      0x200000a8        0x6 CMakeFiles/f1_demo.elf.dir/Src/KeyBoard.c.obj
                0x200000a8                keys
 .bss.rx_ask_time_count
                0x200000ae        0x2 CMakeFiles/f1_demo.elf.dir/Src/Rx433Lin.c.obj
                0x200000ae                rx_ask_time_count
 .bss.rx_ask_step
                0x200000b0        0x1 CMakeFiles/f1_demo.elf.dir/Src/Rx433Lin.c.obj
                0x200000b0                rx_ask_step
 .bss.rx_data_count
                0x200000b1        0x1 CMakeFiles/f1_demo.elf.dir/Src/Rx433Lin.c.obj
                0x200000b1                rx_data_count
 .bss.rx_pin_level
                0x200000b2        0x1 CMakeFiles/f1_demo.elf.dir/Src/Rx433Lin.c.obj
                0x200000b2                rx_pin_level
 *fill*         0x200000b3        0x1 
 .bss.rx_Askbuf
                0x200000b4        0xa CMakeFiles/f1_demo.elf.dir/Src/Rx433Lin.c.obj
                0x200000b4                rx_Askbuf
 .bss.rx_num    0x200000be        0x1 CMakeFiles/f1_demo.elf.dir/Src/Rx433Lin.c.obj
                0x200000be                rx_num
 .bss.rx_succeed_num
                0x200000bf        0x1 CMakeFiles/f1_demo.elf.dir/Src/Rx433Lin.c.obj
                0x200000bf                rx_succeed_num
 .bss.AskReadbuf
                0x200000c0        0xa CMakeFiles/f1_demo.elf.dir/Src/Rx433Lin.c.obj
                0x200000c0                AskReadbuf
 *fill*         0x200000ca        0x2 
 .bss.GetRx433IrBuf
                0x200000cc        0x4 CMakeFiles/f1_demo.elf.dir/Src/Rx433Remote.c.obj
                0x200000cc                GetRx433IrBuf
 .bss.rx_433_ir_send_ok
                0x200000d0        0x1 CMakeFiles/f1_demo.elf.dir/Src/Rx433Remote.c.obj
                0x200000d0                rx_433_ir_send_ok
 .bss.ask_sw    0x200000d1        0x1 CMakeFiles/f1_demo.elf.dir/Src/Tx433Lin.c.obj
                0x200000d1                ask_sw
 .bss.ask_runnum
                0x200000d2        0x1 CMakeFiles/f1_demo.elf.dir/Src/Tx433Lin.c.obj
                0x200000d2                ask_runnum
 .bss.ask_step  0x200000d3        0x1 CMakeFiles/f1_demo.elf.dir/Src/Tx433Lin.c.obj
                0x200000d3                ask_step
 .bss.ask_count
                0x200000d4        0x2 CMakeFiles/f1_demo.elf.dir/Src/Tx433Lin.c.obj
                0x200000d4                ask_count
 .bss.data_num  0x200000d6        0x1 CMakeFiles/f1_demo.elf.dir/Src/Tx433Lin.c.obj
                0x200000d6                data_num
 .bss.data_count
                0x200000d7        0x1 CMakeFiles/f1_demo.elf.dir/Src/Tx433Lin.c.obj
                0x200000d7                data_count
 .bss.send_count
                0x200000d8        0x1 CMakeFiles/f1_demo.elf.dir/Src/Tx433Lin.c.obj
                0x200000d8                send_count
 *fill*         0x200000d9        0x3 
 .bss.irDat     0x200000dc        0x6 CMakeFiles/f1_demo.elf.dir/Src/Tx433Remote.c.obj
                0x200000dc                irDat
 *fill*         0x200000e2        0x2 
 .bss.NLF       0x200000e4       0x80 CMakeFiles/f1_demo.elf.dir/Src/keeloq_lock.c.obj
                0x200000e4                NLF
 .bss.key_dat   0x20000164        0x4 CMakeFiles/f1_demo.elf.dir/Src/keeloq_lock.c.obj
                0x20000164                key_dat
 .bss.heap_end.6026
                0x20000168        0x4 CMakeFiles/f1_demo.elf.dir/Src/syscalls.c.obj
 .bss.htim3     0x2000016c       0x40 CMakeFiles/f1_demo.elf.dir/Src/tim.c.obj
                0x2000016c                htim3
 .bss.key_count.6161
                0x200001ac        0x1 CMakeFiles/f1_demo.elf.dir/Src/tim.c.obj
 *fill*         0x200001ad        0x1 
 .bss.count.6160
                0x200001ae        0x2 CMakeFiles/f1_demo.elf.dir/Src/tim.c.obj
 .bss.huart1    0x200001b0       0x40 CMakeFiles/f1_demo.elf.dir/Src/usart.c.obj
                0x200001b0                huart1
 .bss.__malloc_free_list
                0x200001f0        0x4 d:/progra~1/stmicr~1/stm32c~1/stm32c~1/gcc-ar~1/bin/../lib/gcc/arm-none-eabi/9.3.1/../../../../arm-none-eabi/lib/thumb/v7-m/nofp\libg_nano.a(lib_a-nano-mallocr.o)
                0x200001f0                __malloc_free_list
 .bss.__malloc_sbrk_start
                0x200001f4        0x4 d:/progra~1/stmicr~1/stm32c~1/stm32c~1/gcc-ar~1/bin/../lib/gcc/arm-none-eabi/9.3.1/../../../../arm-none-eabi/lib/thumb/v7-m/nofp\libg_nano.a(lib_a-nano-mallocr.o)
                0x200001f4                __malloc_sbrk_start
 *(COMMON)
 COMMON         0x200001f8        0x9 d:/progra~1/stmicr~1/stm32c~1/stm32c~1/gcc-ar~1/bin/../lib/gcc/arm-none-eabi/9.3.1/../../../../arm-none-eabi/lib/thumb/v7-m/nofp\libg_nano.a(lib_a-lock.o)
                0x200001f8                __lock___atexit_recursive_mutex
                0x200001f9                __lock___arc4random_mutex
                0x200001fa                __lock___env_recursive_mutex
                0x200001fb                __lock___sinit_recursive_mutex
                0x200001fc                __lock___malloc_recursive_mutex
                0x200001fd                __lock___at_quick_exit_mutex
                0x200001fe                __lock___dd_hash_mutex
                0x200001ff                __lock___tz_mutex
                0x20000200                __lock___sfp_recursive_mutex
 *fill*         0x20000201        0x3 
 COMMON         0x20000204        0x4 d:/progra~1/stmicr~1/stm32c~1/stm32c~1/gcc-ar~1/bin/../lib/gcc/arm-none-eabi/9.3.1/../../../../arm-none-eabi/lib/thumb/v7-m/nofp\libg_nano.a(lib_a-reent.o)
                0x20000204                errno
                0x20000208                . = ALIGN (0x4)
                0x20000208                _ebss = .
                0x20000208                __bss_end__ = _ebss

._user_heap_stack
                0x20000208      0x600 load address 0x08003dec
                0x20000208                . = ALIGN (0x8)
                0x20000208                PROVIDE (end = .)
                [!provide]                PROVIDE (_end = .)
                0x20000408                . = (. + _Min_Heap_Size)
 *fill*         0x20000208      0x200 
                0x20000808                . = (. + _Min_Stack_Size)
 *fill*         0x20000408      0x400 
                0x20000808                . = ALIGN (0x8)

/DISCARD/
 libc.a(*)
 libm.a(*)
 libgcc.a(*)

.ARM.attributes
                0x00000000       0x29
 *(.ARM.attributes)
 .ARM.attributes
                0x00000000       0x1d d:/progra~1/stmicr~1/stm32c~1/stm32c~1/gcc-ar~1/bin/../lib/gcc/arm-none-eabi/9.3.1/thumb/v7-m/nofp/crti.o
 .ARM.attributes
                0x0000001d       0x2d d:/progra~1/stmicr~1/stm32c~1/stm32c~1/gcc-ar~1/bin/../lib/gcc/arm-none-eabi/9.3.1/thumb/v7-m/nofp/crtbegin.o
 .ARM.attributes
                0x0000004a       0x2d CMakeFiles/f1_demo.elf.dir/Drivers/STM32F1xx_HAL_Driver/Src/stm32f1xx_hal.c.obj
 .ARM.attributes
                0x00000077       0x2d CMakeFiles/f1_demo.elf.dir/Drivers/STM32F1xx_HAL_Driver/Src/stm32f1xx_hal_cortex.c.obj
 .ARM.attributes
                0x000000a4       0x2d CMakeFiles/f1_demo.elf.dir/Drivers/STM32F1xx_HAL_Driver/Src/stm32f1xx_hal_gpio.c.obj
 .ARM.attributes
                0x000000d1       0x2d CMakeFiles/f1_demo.elf.dir/Drivers/STM32F1xx_HAL_Driver/Src/stm32f1xx_hal_rcc.c.obj
 .ARM.attributes
                0x000000fe       0x2d CMakeFiles/f1_demo.elf.dir/Drivers/STM32F1xx_HAL_Driver/Src/stm32f1xx_hal_tim.c.obj
 .ARM.attributes
                0x0000012b       0x2d CMakeFiles/f1_demo.elf.dir/Drivers/STM32F1xx_HAL_Driver/Src/stm32f1xx_hal_tim_ex.c.obj
 .ARM.attributes
                0x00000158       0x2d CMakeFiles/f1_demo.elf.dir/Drivers/STM32F1xx_HAL_Driver/Src/stm32f1xx_hal_uart.c.obj
 .ARM.attributes
                0x00000185       0x2d CMakeFiles/f1_demo.elf.dir/Src/Control.c.obj
 .ARM.attributes
                0x000001b2       0x2d CMakeFiles/f1_demo.elf.dir/Src/KeyBoard.c.obj
 .ARM.attributes
                0x000001df       0x2d CMakeFiles/f1_demo.elf.dir/Src/Rx433Lin.c.obj
 .ARM.attributes
                0x0000020c       0x2d CMakeFiles/f1_demo.elf.dir/Src/Rx433Remote.c.obj
 .ARM.attributes
                0x00000239       0x2d CMakeFiles/f1_demo.elf.dir/Src/Tx433Lin.c.obj
 .ARM.attributes
                0x00000266       0x2d CMakeFiles/f1_demo.elf.dir/Src/Tx433Remote.c.obj
 .ARM.attributes
                0x00000293       0x2d CMakeFiles/f1_demo.elf.dir/Src/gpio.c.obj
 .ARM.attributes
                0x000002c0       0x2d CMakeFiles/f1_demo.elf.dir/Src/keeloq_lock.c.obj
 .ARM.attributes
                0x000002ed       0x2d CMakeFiles/f1_demo.elf.dir/Src/main.c.obj
 .ARM.attributes
                0x0000031a       0x2d CMakeFiles/f1_demo.elf.dir/Src/stm32f1xx_hal_msp.c.obj
 .ARM.attributes
                0x00000347       0x2d CMakeFiles/f1_demo.elf.dir/Src/stm32f1xx_it.c.obj
 .ARM.attributes
                0x00000374       0x2d CMakeFiles/f1_demo.elf.dir/Src/syscalls.c.obj
 .ARM.attributes
                0x000003a1       0x2d CMakeFiles/f1_demo.elf.dir/Src/system_stm32f1xx.c.obj
 .ARM.attributes
                0x000003ce       0x2d CMakeFiles/f1_demo.elf.dir/Src/tim.c.obj
 .ARM.attributes
                0x000003fb       0x2d CMakeFiles/f1_demo.elf.dir/Src/usart.c.obj
 .ARM.attributes
                0x00000428       0x21 CMakeFiles/f1_demo.elf.dir/startup/startup_stm32f103xb.s.obj
 .ARM.attributes
                0x00000449       0x2d d:/progra~1/stmicr~1/stm32c~1/stm32c~1/gcc-ar~1/bin/../lib/gcc/arm-none-eabi/9.3.1/../../../../arm-none-eabi/lib/thumb/v7-m/nofp\libg_nano.a(lib_a-errno.o)
 .ARM.attributes
                0x00000476       0x2d d:/progra~1/stmicr~1/stm32c~1/stm32c~1/gcc-ar~1/bin/../lib/gcc/arm-none-eabi/9.3.1/../../../../arm-none-eabi/lib/thumb/v7-m/nofp\libg_nano.a(lib_a-impure.o)
 .ARM.attributes
                0x000004a3       0x2d d:/progra~1/stmicr~1/stm32c~1/stm32c~1/gcc-ar~1/bin/../lib/gcc/arm-none-eabi/9.3.1/../../../../arm-none-eabi/lib/thumb/v7-m/nofp\libg_nano.a(lib_a-init.o)
 .ARM.attributes
                0x000004d0       0x2d d:/progra~1/stmicr~1/stm32c~1/stm32c~1/gcc-ar~1/bin/../lib/gcc/arm-none-eabi/9.3.1/../../../../arm-none-eabi/lib/thumb/v7-m/nofp\libg_nano.a(lib_a-memset.o)
 .ARM.attributes
                0x000004fd       0x2d d:/progra~1/stmicr~1/stm32c~1/stm32c~1/gcc-ar~1/bin/../lib/gcc/arm-none-eabi/9.3.1/../../../../arm-none-eabi/lib/thumb/v7-m/nofp\libg_nano.a(lib_a-printf.o)
 .ARM.attributes
                0x0000052a       0x2d d:/progra~1/stmicr~1/stm32c~1/stm32c~1/gcc-ar~1/bin/../lib/gcc/arm-none-eabi/9.3.1/../../../../arm-none-eabi/lib/thumb/v7-m/nofp\libg_nano.a(lib_a-puts.o)
 .ARM.attributes
                0x00000557       0x2d d:/progra~1/stmicr~1/stm32c~1/stm32c~1/gcc-ar~1/bin/../lib/gcc/arm-none-eabi/9.3.1/../../../../arm-none-eabi/lib/thumb/v7-m/nofp\libg_nano.a(lib_a-wbuf.o)
 .ARM.attributes
                0x00000584       0x2d d:/progra~1/stmicr~1/stm32c~1/stm32c~1/gcc-ar~1/bin/../lib/gcc/arm-none-eabi/9.3.1/../../../../arm-none-eabi/lib/thumb/v7-m/nofp\libg_nano.a(lib_a-wsetup.o)
 .ARM.attributes
                0x000005b1       0x2d d:/progra~1/stmicr~1/stm32c~1/stm32c~1/gcc-ar~1/bin/../lib/gcc/arm-none-eabi/9.3.1/../../../../arm-none-eabi/lib/thumb/v7-m/nofp\libg_nano.a(lib_a-fflush.o)
 .ARM.attributes
                0x000005de       0x2d d:/progra~1/stmicr~1/stm32c~1/stm32c~1/gcc-ar~1/bin/../lib/gcc/arm-none-eabi/9.3.1/../../../../arm-none-eabi/lib/thumb/v7-m/nofp\libg_nano.a(lib_a-findfp.o)
 .ARM.attributes
                0x0000060b       0x2d d:/progra~1/stmicr~1/stm32c~1/stm32c~1/gcc-ar~1/bin/../lib/gcc/arm-none-eabi/9.3.1/../../../../arm-none-eabi/lib/thumb/v7-m/nofp\libg_nano.a(lib_a-fwalk.o)
 .ARM.attributes
                0x00000638       0x2d d:/progra~1/stmicr~1/stm32c~1/stm32c~1/gcc-ar~1/bin/../lib/gcc/arm-none-eabi/9.3.1/../../../../arm-none-eabi/lib/thumb/v7-m/nofp\libg_nano.a(lib_a-lock.o)
 .ARM.attributes
                0x00000665       0x2d d:/progra~1/stmicr~1/stm32c~1/stm32c~1/gcc-ar~1/bin/../lib/gcc/arm-none-eabi/9.3.1/../../../../arm-none-eabi/lib/thumb/v7-m/nofp\libg_nano.a(lib_a-makebuf.o)
 .ARM.attributes
                0x00000692       0x2d d:/progra~1/stmicr~1/stm32c~1/stm32c~1/gcc-ar~1/bin/../lib/gcc/arm-none-eabi/9.3.1/../../../../arm-none-eabi/lib/thumb/v7-m/nofp\libg_nano.a(lib_a-nano-freer.o)
 .ARM.attributes
                0x000006bf       0x2d d:/progra~1/stmicr~1/stm32c~1/stm32c~1/gcc-ar~1/bin/../lib/gcc/arm-none-eabi/9.3.1/../../../../arm-none-eabi/lib/thumb/v7-m/nofp\libg_nano.a(lib_a-nano-mallocr.o)
 .ARM.attributes
                0x000006ec       0x2d d:/progra~1/stmicr~1/stm32c~1/stm32c~1/gcc-ar~1/bin/../lib/gcc/arm-none-eabi/9.3.1/../../../../arm-none-eabi/lib/thumb/v7-m/nofp\libg_nano.a(lib_a-nano-vfprintf.o)
 .ARM.attributes
                0x00000719       0x2d d:/progra~1/stmicr~1/stm32c~1/stm32c~1/gcc-ar~1/bin/../lib/gcc/arm-none-eabi/9.3.1/../../../../arm-none-eabi/lib/thumb/v7-m/nofp\libg_nano.a(lib_a-nano-vfprintf_i.o)
 .ARM.attributes
                0x00000746       0x2d d:/progra~1/stmicr~1/stm32c~1/stm32c~1/gcc-ar~1/bin/../lib/gcc/arm-none-eabi/9.3.1/../../../../arm-none-eabi/lib/thumb/v7-m/nofp\libg_nano.a(lib_a-sbrkr.o)
 .ARM.attributes
                0x00000773       0x2d d:/progra~1/stmicr~1/stm32c~1/stm32c~1/gcc-ar~1/bin/../lib/gcc/arm-none-eabi/9.3.1/../../../../arm-none-eabi/lib/thumb/v7-m/nofp\libg_nano.a(lib_a-stdio.o)
 .ARM.attributes
                0x000007a0       0x2d d:/progra~1/stmicr~1/stm32c~1/stm32c~1/gcc-ar~1/bin/../lib/gcc/arm-none-eabi/9.3.1/../../../../arm-none-eabi/lib/thumb/v7-m/nofp\libg_nano.a(lib_a-writer.o)
 .ARM.attributes
                0x000007cd       0x2d d:/progra~1/stmicr~1/stm32c~1/stm32c~1/gcc-ar~1/bin/../lib/gcc/arm-none-eabi/9.3.1/../../../../arm-none-eabi/lib/thumb/v7-m/nofp\libg_nano.a(lib_a-closer.o)
 .ARM.attributes
                0x000007fa       0x2d d:/progra~1/stmicr~1/stm32c~1/stm32c~1/gcc-ar~1/bin/../lib/gcc/arm-none-eabi/9.3.1/../../../../arm-none-eabi/lib/thumb/v7-m/nofp\libg_nano.a(lib_a-fstatr.o)
 .ARM.attributes
                0x00000827       0x2d d:/progra~1/stmicr~1/stm32c~1/stm32c~1/gcc-ar~1/bin/../lib/gcc/arm-none-eabi/9.3.1/../../../../arm-none-eabi/lib/thumb/v7-m/nofp\libg_nano.a(lib_a-isattyr.o)
 .ARM.attributes
                0x00000854       0x2d d:/progra~1/stmicr~1/stm32c~1/stm32c~1/gcc-ar~1/bin/../lib/gcc/arm-none-eabi/9.3.1/../../../../arm-none-eabi/lib/thumb/v7-m/nofp\libg_nano.a(lib_a-lseekr.o)
 .ARM.attributes
                0x00000881       0x2d d:/progra~1/stmicr~1/stm32c~1/stm32c~1/gcc-ar~1/bin/../lib/gcc/arm-none-eabi/9.3.1/../../../../arm-none-eabi/lib/thumb/v7-m/nofp\libg_nano.a(lib_a-memchr-stub.o)
 .ARM.attributes
                0x000008ae       0x2d d:/progra~1/stmicr~1/stm32c~1/stm32c~1/gcc-ar~1/bin/../lib/gcc/arm-none-eabi/9.3.1/../../../../arm-none-eabi/lib/thumb/v7-m/nofp\libg_nano.a(lib_a-mlock.o)
 .ARM.attributes
                0x000008db       0x2d d:/progra~1/stmicr~1/stm32c~1/stm32c~1/gcc-ar~1/bin/../lib/gcc/arm-none-eabi/9.3.1/../../../../arm-none-eabi/lib/thumb/v7-m/nofp\libg_nano.a(lib_a-readr.o)
 .ARM.attributes
                0x00000908       0x2d d:/progra~1/stmicr~1/stm32c~1/stm32c~1/gcc-ar~1/bin/../lib/gcc/arm-none-eabi/9.3.1/../../../../arm-none-eabi/lib/thumb/v7-m/nofp\libg_nano.a(lib_a-reent.o)
 .ARM.attributes
                0x00000935       0x1d d:/progra~1/stmicr~1/stm32c~1/stm32c~1/gcc-ar~1/bin/../lib/gcc/arm-none-eabi/9.3.1/thumb/v7-m/nofp/crtn.o
OUTPUT(f1_demo.elf elf32-littlearm)
LOAD linker stubs
LOAD d:/progra~1/stmicr~1/stm32c~1/stm32c~1/gcc-ar~1/bin/../lib/gcc/arm-none-eabi/9.3.1/../../../../arm-none-eabi/lib/thumb/v7-m/nofp\libc.a
LOAD d:/progra~1/stmicr~1/stm32c~1/stm32c~1/gcc-ar~1/bin/../lib/gcc/arm-none-eabi/9.3.1/../../../../arm-none-eabi/lib/thumb/v7-m/nofp\libm.a
LOAD d:/progra~1/stmicr~1/stm32c~1/stm32c~1/gcc-ar~1/bin/../lib/gcc/arm-none-eabi/9.3.1/thumb/v7-m/nofp\libgcc.a

.debug_info     0x00000000     0xf2ba
 .debug_info    0x00000000      0x747 CMakeFiles/f1_demo.elf.dir/Drivers/STM32F1xx_HAL_Driver/Src/stm32f1xx_hal.c.obj
 .debug_info    0x00000747      0xbc5 CMakeFiles/f1_demo.elf.dir/Drivers/STM32F1xx_HAL_Driver/Src/stm32f1xx_hal_cortex.c.obj
 .debug_info    0x0000130c      0x6da CMakeFiles/f1_demo.elf.dir/Drivers/STM32F1xx_HAL_Driver/Src/stm32f1xx_hal_gpio.c.obj
 .debug_info    0x000019e6      0x877 CMakeFiles/f1_demo.elf.dir/Drivers/STM32F1xx_HAL_Driver/Src/stm32f1xx_hal_rcc.c.obj
 .debug_info    0x0000225d     0x2669 CMakeFiles/f1_demo.elf.dir/Drivers/STM32F1xx_HAL_Driver/Src/stm32f1xx_hal_tim.c.obj
 .debug_info    0x000048c6     0x11fb CMakeFiles/f1_demo.elf.dir/Drivers/STM32F1xx_HAL_Driver/Src/stm32f1xx_hal_tim_ex.c.obj
 .debug_info    0x00005ac1     0x12db CMakeFiles/f1_demo.elf.dir/Drivers/STM32F1xx_HAL_Driver/Src/stm32f1xx_hal_uart.c.obj
 .debug_info    0x00006d9c      0xc5b CMakeFiles/f1_demo.elf.dir/Src/Control.c.obj
 .debug_info    0x000079f7      0x34a CMakeFiles/f1_demo.elf.dir/Src/KeyBoard.c.obj
 .debug_info    0x00007d41      0xbc0 CMakeFiles/f1_demo.elf.dir/Src/Rx433Lin.c.obj
 .debug_info    0x00008901      0xc4f CMakeFiles/f1_demo.elf.dir/Src/Rx433Remote.c.obj
 .debug_info    0x00009550      0x402 CMakeFiles/f1_demo.elf.dir/Src/Tx433Lin.c.obj
 .debug_info    0x00009952      0xcaa CMakeFiles/f1_demo.elf.dir/Src/Tx433Remote.c.obj
 .debug_info    0x0000a5fc      0x378 CMakeFiles/f1_demo.elf.dir/Src/gpio.c.obj
 .debug_info    0x0000a974      0x3a5 CMakeFiles/f1_demo.elf.dir/Src/keeloq_lock.c.obj
 .debug_info    0x0000ad19     0x144f CMakeFiles/f1_demo.elf.dir/Src/main.c.obj
 .debug_info    0x0000c168      0x2e5 CMakeFiles/f1_demo.elf.dir/Src/stm32f1xx_hal_msp.c.obj
 .debug_info    0x0000c44d      0x6f6 CMakeFiles/f1_demo.elf.dir/Src/stm32f1xx_it.c.obj
 .debug_info    0x0000cb43     0x1010 CMakeFiles/f1_demo.elf.dir/Src/syscalls.c.obj
 .debug_info    0x0000db53      0x462 CMakeFiles/f1_demo.elf.dir/Src/system_stm32f1xx.c.obj
 .debug_info    0x0000dfb5      0xae9 CMakeFiles/f1_demo.elf.dir/Src/tim.c.obj
 .debug_info    0x0000ea9e      0x81c CMakeFiles/f1_demo.elf.dir/Src/usart.c.obj

.debug_abbrev   0x00000000     0x2c13
 .debug_abbrev  0x00000000      0x1fd CMakeFiles/f1_demo.elf.dir/Drivers/STM32F1xx_HAL_Driver/Src/stm32f1xx_hal.c.obj
 .debug_abbrev  0x000001fd      0x310 CMakeFiles/f1_demo.elf.dir/Drivers/STM32F1xx_HAL_Driver/Src/stm32f1xx_hal_cortex.c.obj
 .debug_abbrev  0x0000050d      0x1e5 CMakeFiles/f1_demo.elf.dir/Drivers/STM32F1xx_HAL_Driver/Src/stm32f1xx_hal_gpio.c.obj
 .debug_abbrev  0x000006f2      0x270 CMakeFiles/f1_demo.elf.dir/Drivers/STM32F1xx_HAL_Driver/Src/stm32f1xx_hal_rcc.c.obj
 .debug_abbrev  0x00000962      0x25b CMakeFiles/f1_demo.elf.dir/Drivers/STM32F1xx_HAL_Driver/Src/stm32f1xx_hal_tim.c.obj
 .debug_abbrev  0x00000bbd      0x249 CMakeFiles/f1_demo.elf.dir/Drivers/STM32F1xx_HAL_Driver/Src/stm32f1xx_hal_tim_ex.c.obj
 .debug_abbrev  0x00000e06      0x26d CMakeFiles/f1_demo.elf.dir/Drivers/STM32F1xx_HAL_Driver/Src/stm32f1xx_hal_uart.c.obj
 .debug_abbrev  0x00001073      0x227 CMakeFiles/f1_demo.elf.dir/Src/Control.c.obj
 .debug_abbrev  0x0000129a      0x19d CMakeFiles/f1_demo.elf.dir/Src/KeyBoard.c.obj
 .debug_abbrev  0x00001437      0x221 CMakeFiles/f1_demo.elf.dir/Src/Rx433Lin.c.obj
 .debug_abbrev  0x00001658      0x252 CMakeFiles/f1_demo.elf.dir/Src/Rx433Remote.c.obj
 .debug_abbrev  0x000018aa      0x180 CMakeFiles/f1_demo.elf.dir/Src/Tx433Lin.c.obj
 .debug_abbrev  0x00001a2a      0x259 CMakeFiles/f1_demo.elf.dir/Src/Tx433Remote.c.obj
 .debug_abbrev  0x00001c83      0x14b CMakeFiles/f1_demo.elf.dir/Src/gpio.c.obj
 .debug_abbrev  0x00001dce      0x17e CMakeFiles/f1_demo.elf.dir/Src/keeloq_lock.c.obj
 .debug_abbrev  0x00001f4c      0x288 CMakeFiles/f1_demo.elf.dir/Src/main.c.obj
 .debug_abbrev  0x000021d4      0x11a CMakeFiles/f1_demo.elf.dir/Src/stm32f1xx_hal_msp.c.obj
 .debug_abbrev  0x000022ee      0x173 CMakeFiles/f1_demo.elf.dir/Src/stm32f1xx_it.c.obj
 .debug_abbrev  0x00002461      0x2a9 CMakeFiles/f1_demo.elf.dir/Src/syscalls.c.obj
 .debug_abbrev  0x0000270a      0x14b CMakeFiles/f1_demo.elf.dir/Src/system_stm32f1xx.c.obj
 .debug_abbrev  0x00002855      0x206 CMakeFiles/f1_demo.elf.dir/Src/tim.c.obj
 .debug_abbrev  0x00002a5b      0x1b8 CMakeFiles/f1_demo.elf.dir/Src/usart.c.obj

.debug_aranges  0x00000000      0xd58
 .debug_aranges
                0x00000000       0xe0 CMakeFiles/f1_demo.elf.dir/Drivers/STM32F1xx_HAL_Driver/Src/stm32f1xx_hal.c.obj
 .debug_aranges
                0x000000e0      0x100 CMakeFiles/f1_demo.elf.dir/Drivers/STM32F1xx_HAL_Driver/Src/stm32f1xx_hal_cortex.c.obj
 .debug_aranges
                0x000001e0       0x58 CMakeFiles/f1_demo.elf.dir/Drivers/STM32F1xx_HAL_Driver/Src/stm32f1xx_hal_gpio.c.obj
 .debug_aranges
                0x00000238       0x90 CMakeFiles/f1_demo.elf.dir/Drivers/STM32F1xx_HAL_Driver/Src/stm32f1xx_hal_rcc.c.obj
 .debug_aranges
                0x000002c8      0x3a8 CMakeFiles/f1_demo.elf.dir/Drivers/STM32F1xx_HAL_Driver/Src/stm32f1xx_hal_tim.c.obj
 .debug_aranges
                0x00000670      0x150 CMakeFiles/f1_demo.elf.dir/Drivers/STM32F1xx_HAL_Driver/Src/stm32f1xx_hal_tim_ex.c.obj
 .debug_aranges
                0x000007c0      0x1d0 CMakeFiles/f1_demo.elf.dir/Drivers/STM32F1xx_HAL_Driver/Src/stm32f1xx_hal_uart.c.obj
 .debug_aranges
                0x00000990       0x28 CMakeFiles/f1_demo.elf.dir/Src/Control.c.obj
 .debug_aranges
                0x000009b8       0x38 CMakeFiles/f1_demo.elf.dir/Src/KeyBoard.c.obj
 .debug_aranges
                0x000009f0       0x28 CMakeFiles/f1_demo.elf.dir/Src/Rx433Lin.c.obj
 .debug_aranges
                0x00000a18       0x38 CMakeFiles/f1_demo.elf.dir/Src/Rx433Remote.c.obj
 .debug_aranges
                0x00000a50       0x48 CMakeFiles/f1_demo.elf.dir/Src/Tx433Lin.c.obj
 .debug_aranges
                0x00000a98       0x58 CMakeFiles/f1_demo.elf.dir/Src/Tx433Remote.c.obj
 .debug_aranges
                0x00000af0       0x20 CMakeFiles/f1_demo.elf.dir/Src/gpio.c.obj
 .debug_aranges
                0x00000b10       0x48 CMakeFiles/f1_demo.elf.dir/Src/keeloq_lock.c.obj
 .debug_aranges
                0x00000b58       0x38 CMakeFiles/f1_demo.elf.dir/Src/main.c.obj
 .debug_aranges
                0x00000b90       0x20 CMakeFiles/f1_demo.elf.dir/Src/stm32f1xx_hal_msp.c.obj
 .debug_aranges
                0x00000bb0       0x68 CMakeFiles/f1_demo.elf.dir/Src/stm32f1xx_it.c.obj
 .debug_aranges
                0x00000c18       0xb0 CMakeFiles/f1_demo.elf.dir/Src/syscalls.c.obj
 .debug_aranges
                0x00000cc8       0x28 CMakeFiles/f1_demo.elf.dir/Src/system_stm32f1xx.c.obj
 .debug_aranges
                0x00000cf0       0x38 CMakeFiles/f1_demo.elf.dir/Src/tim.c.obj
 .debug_aranges
                0x00000d28       0x30 CMakeFiles/f1_demo.elf.dir/Src/usart.c.obj

.debug_ranges   0x00000000      0xbf8
 .debug_ranges  0x00000000       0xd0 CMakeFiles/f1_demo.elf.dir/Drivers/STM32F1xx_HAL_Driver/Src/stm32f1xx_hal.c.obj
 .debug_ranges  0x000000d0       0xf0 CMakeFiles/f1_demo.elf.dir/Drivers/STM32F1xx_HAL_Driver/Src/stm32f1xx_hal_cortex.c.obj
 .debug_ranges  0x000001c0       0x48 CMakeFiles/f1_demo.elf.dir/Drivers/STM32F1xx_HAL_Driver/Src/stm32f1xx_hal_gpio.c.obj
 .debug_ranges  0x00000208       0x80 CMakeFiles/f1_demo.elf.dir/Drivers/STM32F1xx_HAL_Driver/Src/stm32f1xx_hal_rcc.c.obj
 .debug_ranges  0x00000288      0x398 CMakeFiles/f1_demo.elf.dir/Drivers/STM32F1xx_HAL_Driver/Src/stm32f1xx_hal_tim.c.obj
 .debug_ranges  0x00000620      0x140 CMakeFiles/f1_demo.elf.dir/Drivers/STM32F1xx_HAL_Driver/Src/stm32f1xx_hal_tim_ex.c.obj
 .debug_ranges  0x00000760      0x1c0 CMakeFiles/f1_demo.elf.dir/Drivers/STM32F1xx_HAL_Driver/Src/stm32f1xx_hal_uart.c.obj
 .debug_ranges  0x00000920       0x18 CMakeFiles/f1_demo.elf.dir/Src/Control.c.obj
 .debug_ranges  0x00000938       0x28 CMakeFiles/f1_demo.elf.dir/Src/KeyBoard.c.obj
 .debug_ranges  0x00000960       0x18 CMakeFiles/f1_demo.elf.dir/Src/Rx433Lin.c.obj
 .debug_ranges  0x00000978       0x28 CMakeFiles/f1_demo.elf.dir/Src/Rx433Remote.c.obj
 .debug_ranges  0x000009a0       0x38 CMakeFiles/f1_demo.elf.dir/Src/Tx433Lin.c.obj
 .debug_ranges  0x000009d8       0x48 CMakeFiles/f1_demo.elf.dir/Src/Tx433Remote.c.obj
 .debug_ranges  0x00000a20       0x10 CMakeFiles/f1_demo.elf.dir/Src/gpio.c.obj
 .debug_ranges  0x00000a30       0x38 CMakeFiles/f1_demo.elf.dir/Src/keeloq_lock.c.obj
 .debug_ranges  0x00000a68       0x28 CMakeFiles/f1_demo.elf.dir/Src/main.c.obj
 .debug_ranges  0x00000a90       0x10 CMakeFiles/f1_demo.elf.dir/Src/stm32f1xx_hal_msp.c.obj
 .debug_ranges  0x00000aa0       0x58 CMakeFiles/f1_demo.elf.dir/Src/stm32f1xx_it.c.obj
 .debug_ranges  0x00000af8       0xa0 CMakeFiles/f1_demo.elf.dir/Src/syscalls.c.obj
 .debug_ranges  0x00000b98       0x18 CMakeFiles/f1_demo.elf.dir/Src/system_stm32f1xx.c.obj
 .debug_ranges  0x00000bb0       0x28 CMakeFiles/f1_demo.elf.dir/Src/tim.c.obj
 .debug_ranges  0x00000bd8       0x20 CMakeFiles/f1_demo.elf.dir/Src/usart.c.obj

.debug_line     0x00000000     0xa069
 .debug_line    0x00000000      0x562 CMakeFiles/f1_demo.elf.dir/Drivers/STM32F1xx_HAL_Driver/Src/stm32f1xx_hal.c.obj
 .debug_line    0x00000562      0x748 CMakeFiles/f1_demo.elf.dir/Drivers/STM32F1xx_HAL_Driver/Src/stm32f1xx_hal_cortex.c.obj
 .debug_line    0x00000caa      0x61a CMakeFiles/f1_demo.elf.dir/Drivers/STM32F1xx_HAL_Driver/Src/stm32f1xx_hal_gpio.c.obj
 .debug_line    0x000012c4      0x9ce CMakeFiles/f1_demo.elf.dir/Drivers/STM32F1xx_HAL_Driver/Src/stm32f1xx_hal_rcc.c.obj
 .debug_line    0x00001c92     0x23ef CMakeFiles/f1_demo.elf.dir/Drivers/STM32F1xx_HAL_Driver/Src/stm32f1xx_hal_tim.c.obj
 .debug_line    0x00004081      0xdb8 CMakeFiles/f1_demo.elf.dir/Drivers/STM32F1xx_HAL_Driver/Src/stm32f1xx_hal_tim_ex.c.obj
 .debug_line    0x00004e39     0x138a CMakeFiles/f1_demo.elf.dir/Drivers/STM32F1xx_HAL_Driver/Src/stm32f1xx_hal_uart.c.obj
 .debug_line    0x000061c3      0x3ec CMakeFiles/f1_demo.elf.dir/Src/Control.c.obj
 .debug_line    0x000065af      0x3c9 CMakeFiles/f1_demo.elf.dir/Src/KeyBoard.c.obj
 .debug_line    0x00006978      0x537 CMakeFiles/f1_demo.elf.dir/Src/Rx433Lin.c.obj
 .debug_line    0x00006eaf      0x5fa CMakeFiles/f1_demo.elf.dir/Src/Rx433Remote.c.obj
 .debug_line    0x000074a9      0x468 CMakeFiles/f1_demo.elf.dir/Src/Tx433Lin.c.obj
 .debug_line    0x00007911      0x5b6 CMakeFiles/f1_demo.elf.dir/Src/Tx433Remote.c.obj
 .debug_line    0x00007ec7      0x2d5 CMakeFiles/f1_demo.elf.dir/Src/gpio.c.obj
 .debug_line    0x0000819c      0x445 CMakeFiles/f1_demo.elf.dir/Src/keeloq_lock.c.obj
 .debug_line    0x000085e1      0x4cb CMakeFiles/f1_demo.elf.dir/Src/main.c.obj
 .debug_line    0x00008aac      0x298 CMakeFiles/f1_demo.elf.dir/Src/stm32f1xx_hal_msp.c.obj
 .debug_line    0x00008d44      0x39e CMakeFiles/f1_demo.elf.dir/Src/stm32f1xx_it.c.obj
 .debug_line    0x000090e2      0x49d CMakeFiles/f1_demo.elf.dir/Src/syscalls.c.obj
 .debug_line    0x0000957f      0x34b CMakeFiles/f1_demo.elf.dir/Src/system_stm32f1xx.c.obj
 .debug_line    0x000098ca      0x400 CMakeFiles/f1_demo.elf.dir/Src/tim.c.obj
 .debug_line    0x00009cca      0x39f CMakeFiles/f1_demo.elf.dir/Src/usart.c.obj

.debug_str      0x00000000     0x3f97
 .debug_str     0x00000000      0x812 CMakeFiles/f1_demo.elf.dir/Drivers/STM32F1xx_HAL_Driver/Src/stm32f1xx_hal.c.obj
                                0x87b (size before relaxing)
 .debug_str     0x00000812      0x440 CMakeFiles/f1_demo.elf.dir/Drivers/STM32F1xx_HAL_Driver/Src/stm32f1xx_hal_cortex.c.obj
                                0x9e2 (size before relaxing)
 .debug_str     0x00000c52      0x205 CMakeFiles/f1_demo.elf.dir/Drivers/STM32F1xx_HAL_Driver/Src/stm32f1xx_hal_gpio.c.obj
                                0x533 (size before relaxing)
 .debug_str     0x00000e57      0x360 CMakeFiles/f1_demo.elf.dir/Drivers/STM32F1xx_HAL_Driver/Src/stm32f1xx_hal_rcc.c.obj
                                0x6ee (size before relaxing)
 .debug_str     0x000011b7     0x11ac CMakeFiles/f1_demo.elf.dir/Drivers/STM32F1xx_HAL_Driver/Src/stm32f1xx_hal_tim.c.obj
                               0x1511 (size before relaxing)
 .debug_str     0x00002363      0x5af CMakeFiles/f1_demo.elf.dir/Drivers/STM32F1xx_HAL_Driver/Src/stm32f1xx_hal_tim_ex.c.obj
                                0xd11 (size before relaxing)
 .debug_str     0x00002912      0x713 CMakeFiles/f1_demo.elf.dir/Drivers/STM32F1xx_HAL_Driver/Src/stm32f1xx_hal_uart.c.obj
                                0xc35 (size before relaxing)
 .debug_str     0x00003025      0x4c0 CMakeFiles/f1_demo.elf.dir/Src/Control.c.obj
                                0x7e1 (size before relaxing)
 .debug_str     0x000034e5       0x77 CMakeFiles/f1_demo.elf.dir/Src/KeyBoard.c.obj
                                0x373 (size before relaxing)
 .debug_str     0x0000355c       0xc7 CMakeFiles/f1_demo.elf.dir/Src/Rx433Lin.c.obj
                                0x7a8 (size before relaxing)
 .debug_str     0x00003623       0xc0 CMakeFiles/f1_demo.elf.dir/Src/Rx433Remote.c.obj
                                0x7cd (size before relaxing)
 .debug_str     0x000036e3       0xe6 CMakeFiles/f1_demo.elf.dir/Src/Tx433Lin.c.obj
                                0x3e3 (size before relaxing)
 .debug_str     0x000037c9      0x15b CMakeFiles/f1_demo.elf.dir/Src/Tx433Remote.c.obj
                                0x852 (size before relaxing)
 .debug_str     0x00003924       0x61 CMakeFiles/f1_demo.elf.dir/Src/gpio.c.obj
                                0x38b (size before relaxing)
 .debug_str     0x00003985       0x93 CMakeFiles/f1_demo.elf.dir/Src/keeloq_lock.c.obj
                                0x32e (size before relaxing)
 .debug_str     0x00003a18       0x81 CMakeFiles/f1_demo.elf.dir/Src/main.c.obj
                                0xe37 (size before relaxing)
 .debug_str     0x00003a99       0x51 CMakeFiles/f1_demo.elf.dir/Src/stm32f1xx_hal_msp.c.obj
                                0x34d (size before relaxing)
 .debug_str     0x00003aea       0xec CMakeFiles/f1_demo.elf.dir/Src/stm32f1xx_it.c.obj
                                0x720 (size before relaxing)
 .debug_str     0x00003bd6      0x271 CMakeFiles/f1_demo.elf.dir/Src/syscalls.c.obj
                                0x890 (size before relaxing)
 .debug_str     0x00003e47       0x83 CMakeFiles/f1_demo.elf.dir/Src/system_stm32f1xx.c.obj
                                0x3a2 (size before relaxing)
 .debug_str     0x00003eca       0x69 CMakeFiles/f1_demo.elf.dir/Src/tim.c.obj
                                0xb5d (size before relaxing)
 .debug_str     0x00003f33       0x64 CMakeFiles/f1_demo.elf.dir/Src/usart.c.obj
                                0x755 (size before relaxing)

.comment        0x00000000       0x4c
 .comment       0x00000000       0x4c CMakeFiles/f1_demo.elf.dir/Drivers/STM32F1xx_HAL_Driver/Src/stm32f1xx_hal.c.obj
                                 0x4d (size before relaxing)
 .comment       0x0000004c       0x4d CMakeFiles/f1_demo.elf.dir/Drivers/STM32F1xx_HAL_Driver/Src/stm32f1xx_hal_cortex.c.obj
 .comment       0x0000004c       0x4d CMakeFiles/f1_demo.elf.dir/Drivers/STM32F1xx_HAL_Driver/Src/stm32f1xx_hal_gpio.c.obj
 .comment       0x0000004c       0x4d CMakeFiles/f1_demo.elf.dir/Drivers/STM32F1xx_HAL_Driver/Src/stm32f1xx_hal_rcc.c.obj
 .comment       0x0000004c       0x4d CMakeFiles/f1_demo.elf.dir/Drivers/STM32F1xx_HAL_Driver/Src/stm32f1xx_hal_tim.c.obj
 .comment       0x0000004c       0x4d CMakeFiles/f1_demo.elf.dir/Drivers/STM32F1xx_HAL_Driver/Src/stm32f1xx_hal_tim_ex.c.obj
 .comment       0x0000004c       0x4d CMakeFiles/f1_demo.elf.dir/Drivers/STM32F1xx_HAL_Driver/Src/stm32f1xx_hal_uart.c.obj
 .comment       0x0000004c       0x4d CMakeFiles/f1_demo.elf.dir/Src/Control.c.obj
 .comment       0x0000004c       0x4d CMakeFiles/f1_demo.elf.dir/Src/KeyBoard.c.obj
 .comment       0x0000004c       0x4d CMakeFiles/f1_demo.elf.dir/Src/Rx433Lin.c.obj
 .comment       0x0000004c       0x4d CMakeFiles/f1_demo.elf.dir/Src/Rx433Remote.c.obj
 .comment       0x0000004c       0x4d CMakeFiles/f1_demo.elf.dir/Src/Tx433Lin.c.obj
 .comment       0x0000004c       0x4d CMakeFiles/f1_demo.elf.dir/Src/Tx433Remote.c.obj
 .comment       0x0000004c       0x4d CMakeFiles/f1_demo.elf.dir/Src/gpio.c.obj
 .comment       0x0000004c       0x4d CMakeFiles/f1_demo.elf.dir/Src/keeloq_lock.c.obj
 .comment       0x0000004c       0x4d CMakeFiles/f1_demo.elf.dir/Src/main.c.obj
 .comment       0x0000004c       0x4d CMakeFiles/f1_demo.elf.dir/Src/stm32f1xx_hal_msp.c.obj
 .comment       0x0000004c       0x4d CMakeFiles/f1_demo.elf.dir/Src/stm32f1xx_it.c.obj
 .comment       0x0000004c       0x4d CMakeFiles/f1_demo.elf.dir/Src/syscalls.c.obj
 .comment       0x0000004c       0x4d CMakeFiles/f1_demo.elf.dir/Src/system_stm32f1xx.c.obj
 .comment       0x0000004c       0x4d CMakeFiles/f1_demo.elf.dir/Src/tim.c.obj
 .comment       0x0000004c       0x4d CMakeFiles/f1_demo.elf.dir/Src/usart.c.obj

.debug_frame    0x00000000     0x3d1c
 .debug_frame   0x00000000      0x334 CMakeFiles/f1_demo.elf.dir/Drivers/STM32F1xx_HAL_Driver/Src/stm32f1xx_hal.c.obj
 .debug_frame   0x00000334      0x428 CMakeFiles/f1_demo.elf.dir/Drivers/STM32F1xx_HAL_Driver/Src/stm32f1xx_hal_cortex.c.obj
 .debug_frame   0x0000075c      0x14c CMakeFiles/f1_demo.elf.dir/Drivers/STM32F1xx_HAL_Driver/Src/stm32f1xx_hal_gpio.c.obj
 .debug_frame   0x000008a8      0x21c CMakeFiles/f1_demo.elf.dir/Drivers/STM32F1xx_HAL_Driver/Src/stm32f1xx_hal_rcc.c.obj
 .debug_frame   0x00000ac4     0x10e8 CMakeFiles/f1_demo.elf.dir/Drivers/STM32F1xx_HAL_Driver/Src/stm32f1xx_hal_tim.c.obj
 .debug_frame   0x00001bac      0x5c0 CMakeFiles/f1_demo.elf.dir/Drivers/STM32F1xx_HAL_Driver/Src/stm32f1xx_hal_tim_ex.c.obj
 .debug_frame   0x0000216c      0x834 CMakeFiles/f1_demo.elf.dir/Drivers/STM32F1xx_HAL_Driver/Src/stm32f1xx_hal_uart.c.obj
 .debug_frame   0x000029a0       0x4c CMakeFiles/f1_demo.elf.dir/Src/Control.c.obj
 .debug_frame   0x000029ec       0x94 CMakeFiles/f1_demo.elf.dir/Src/KeyBoard.c.obj
 .debug_frame   0x00002a80       0x5c CMakeFiles/f1_demo.elf.dir/Src/Rx433Lin.c.obj
 .debug_frame   0x00002adc       0x94 CMakeFiles/f1_demo.elf.dir/Src/Rx433Remote.c.obj
 .debug_frame   0x00002b70       0xd8 CMakeFiles/f1_demo.elf.dir/Src/Tx433Lin.c.obj
 .debug_frame   0x00002c48      0x104 CMakeFiles/f1_demo.elf.dir/Src/Tx433Remote.c.obj
 .debug_frame   0x00002d4c       0x34 CMakeFiles/f1_demo.elf.dir/Src/gpio.c.obj
 .debug_frame   0x00002d80       0xfc CMakeFiles/f1_demo.elf.dir/Src/keeloq_lock.c.obj
 .debug_frame   0x00002e7c       0x94 CMakeFiles/f1_demo.elf.dir/Src/main.c.obj
 .debug_frame   0x00002f10       0x38 CMakeFiles/f1_demo.elf.dir/Src/stm32f1xx_hal_msp.c.obj
 .debug_frame   0x00002f48      0x128 CMakeFiles/f1_demo.elf.dir/Src/stm32f1xx_it.c.obj
 .debug_frame   0x00003070      0x2d0 CMakeFiles/f1_demo.elf.dir/Src/syscalls.c.obj
 .debug_frame   0x00003340       0x58 CMakeFiles/f1_demo.elf.dir/Src/system_stm32f1xx.c.obj
 .debug_frame   0x00003398       0xa0 CMakeFiles/f1_demo.elf.dir/Src/tim.c.obj
 .debug_frame   0x00003438       0x74 CMakeFiles/f1_demo.elf.dir/Src/usart.c.obj
 .debug_frame   0x000034ac       0x20 d:/progra~1/stmicr~1/stm32c~1/stm32c~1/gcc-ar~1/bin/../lib/gcc/arm-none-eabi/9.3.1/../../../../arm-none-eabi/lib/thumb/v7-m/nofp\libg_nano.a(lib_a-errno.o)
 .debug_frame   0x000034cc       0x2c d:/progra~1/stmicr~1/stm32c~1/stm32c~1/gcc-ar~1/bin/../lib/gcc/arm-none-eabi/9.3.1/../../../../arm-none-eabi/lib/thumb/v7-m/nofp\libg_nano.a(lib_a-init.o)
 .debug_frame   0x000034f8       0x20 d:/progra~1/stmicr~1/stm32c~1/stm32c~1/gcc-ar~1/bin/../lib/gcc/arm-none-eabi/9.3.1/../../../../arm-none-eabi/lib/thumb/v7-m/nofp\libg_nano.a(lib_a-memset.o)
 .debug_frame   0x00003518       0x74 d:/progra~1/stmicr~1/stm32c~1/stm32c~1/gcc-ar~1/bin/../lib/gcc/arm-none-eabi/9.3.1/../../../../arm-none-eabi/lib/thumb/v7-m/nofp\libg_nano.a(lib_a-printf.o)
 .debug_frame   0x0000358c       0x3c d:/progra~1/stmicr~1/stm32c~1/stm32c~1/gcc-ar~1/bin/../lib/gcc/arm-none-eabi/9.3.1/../../../../arm-none-eabi/lib/thumb/v7-m/nofp\libg_nano.a(lib_a-puts.o)
 .debug_frame   0x000035c8       0x40 d:/progra~1/stmicr~1/stm32c~1/stm32c~1/gcc-ar~1/bin/../lib/gcc/arm-none-eabi/9.3.1/../../../../arm-none-eabi/lib/thumb/v7-m/nofp\libg_nano.a(lib_a-wbuf.o)
 .debug_frame   0x00003608       0x2c d:/progra~1/stmicr~1/stm32c~1/stm32c~1/gcc-ar~1/bin/../lib/gcc/arm-none-eabi/9.3.1/../../../../arm-none-eabi/lib/thumb/v7-m/nofp\libg_nano.a(lib_a-wsetup.o)
 .debug_frame   0x00003634       0x5c d:/progra~1/stmicr~1/stm32c~1/stm32c~1/gcc-ar~1/bin/../lib/gcc/arm-none-eabi/9.3.1/../../../../arm-none-eabi/lib/thumb/v7-m/nofp\libg_nano.a(lib_a-fflush.o)
 .debug_frame   0x00003690      0x14c d:/progra~1/stmicr~1/stm32c~1/stm32c~1/gcc-ar~1/bin/../lib/gcc/arm-none-eabi/9.3.1/../../../../arm-none-eabi/lib/thumb/v7-m/nofp\libg_nano.a(lib_a-findfp.o)
 .debug_frame   0x000037dc       0x54 d:/progra~1/stmicr~1/stm32c~1/stm32c~1/gcc-ar~1/bin/../lib/gcc/arm-none-eabi/9.3.1/../../../../arm-none-eabi/lib/thumb/v7-m/nofp\libg_nano.a(lib_a-fwalk.o)
 .debug_frame   0x00003830       0xb0 d:/progra~1/stmicr~1/stm32c~1/stm32c~1/gcc-ar~1/bin/../lib/gcc/arm-none-eabi/9.3.1/../../../../arm-none-eabi/lib/thumb/v7-m/nofp\libg_nano.a(lib_a-lock.o)
 .debug_frame   0x000038e0       0x58 d:/progra~1/stmicr~1/stm32c~1/stm32c~1/gcc-ar~1/bin/../lib/gcc/arm-none-eabi/9.3.1/../../../../arm-none-eabi/lib/thumb/v7-m/nofp\libg_nano.a(lib_a-makebuf.o)
 .debug_frame   0x00003938       0x38 d:/progra~1/stmicr~1/stm32c~1/stm32c~1/gcc-ar~1/bin/../lib/gcc/arm-none-eabi/9.3.1/../../../../arm-none-eabi/lib/thumb/v7-m/nofp\libg_nano.a(lib_a-nano-freer.o)
 .debug_frame   0x00003970       0x30 d:/progra~1/stmicr~1/stm32c~1/stm32c~1/gcc-ar~1/bin/../lib/gcc/arm-none-eabi/9.3.1/../../../../arm-none-eabi/lib/thumb/v7-m/nofp\libg_nano.a(lib_a-nano-mallocr.o)
 .debug_frame   0x000039a0       0xac d:/progra~1/stmicr~1/stm32c~1/stm32c~1/gcc-ar~1/bin/../lib/gcc/arm-none-eabi/9.3.1/../../../../arm-none-eabi/lib/thumb/v7-m/nofp\libg_nano.a(lib_a-nano-vfprintf.o)
 .debug_frame   0x00003a4c       0x60 d:/progra~1/stmicr~1/stm32c~1/stm32c~1/gcc-ar~1/bin/../lib/gcc/arm-none-eabi/9.3.1/../../../../arm-none-eabi/lib/thumb/v7-m/nofp\libg_nano.a(lib_a-nano-vfprintf_i.o)
 .debug_frame   0x00003aac       0x2c d:/progra~1/stmicr~1/stm32c~1/stm32c~1/gcc-ar~1/bin/../lib/gcc/arm-none-eabi/9.3.1/../../../../arm-none-eabi/lib/thumb/v7-m/nofp\libg_nano.a(lib_a-sbrkr.o)
 .debug_frame   0x00003ad8       0x88 d:/progra~1/stmicr~1/stm32c~1/stm32c~1/gcc-ar~1/bin/../lib/gcc/arm-none-eabi/9.3.1/../../../../arm-none-eabi/lib/thumb/v7-m/nofp\libg_nano.a(lib_a-stdio.o)
 .debug_frame   0x00003b60       0x2c d:/progra~1/stmicr~1/stm32c~1/stm32c~1/gcc-ar~1/bin/../lib/gcc/arm-none-eabi/9.3.1/../../../../arm-none-eabi/lib/thumb/v7-m/nofp\libg_nano.a(lib_a-writer.o)
 .debug_frame   0x00003b8c       0x2c d:/progra~1/stmicr~1/stm32c~1/stm32c~1/gcc-ar~1/bin/../lib/gcc/arm-none-eabi/9.3.1/../../../../arm-none-eabi/lib/thumb/v7-m/nofp\libg_nano.a(lib_a-closer.o)
 .debug_frame   0x00003bb8       0x2c d:/progra~1/stmicr~1/stm32c~1/stm32c~1/gcc-ar~1/bin/../lib/gcc/arm-none-eabi/9.3.1/../../../../arm-none-eabi/lib/thumb/v7-m/nofp\libg_nano.a(lib_a-fstatr.o)
 .debug_frame   0x00003be4       0x2c d:/progra~1/stmicr~1/stm32c~1/stm32c~1/gcc-ar~1/bin/../lib/gcc/arm-none-eabi/9.3.1/../../../../arm-none-eabi/lib/thumb/v7-m/nofp\libg_nano.a(lib_a-isattyr.o)
 .debug_frame   0x00003c10       0x2c d:/progra~1/stmicr~1/stm32c~1/stm32c~1/gcc-ar~1/bin/../lib/gcc/arm-none-eabi/9.3.1/../../../../arm-none-eabi/lib/thumb/v7-m/nofp\libg_nano.a(lib_a-lseekr.o)
 .debug_frame   0x00003c3c       0x28 d:/progra~1/stmicr~1/stm32c~1/stm32c~1/gcc-ar~1/bin/../lib/gcc/arm-none-eabi/9.3.1/../../../../arm-none-eabi/lib/thumb/v7-m/nofp\libg_nano.a(lib_a-memchr-stub.o)
 .debug_frame   0x00003c64       0x30 d:/progra~1/stmicr~1/stm32c~1/stm32c~1/gcc-ar~1/bin/../lib/gcc/arm-none-eabi/9.3.1/../../../../arm-none-eabi/lib/thumb/v7-m/nofp\libg_nano.a(lib_a-mlock.o)
 .debug_frame   0x00003c94       0x2c d:/progra~1/stmicr~1/stm32c~1/stm32c~1/gcc-ar~1/bin/../lib/gcc/arm-none-eabi/9.3.1/../../../../arm-none-eabi/lib/thumb/v7-m/nofp\libg_nano.a(lib_a-readr.o)
 .debug_frame   0x00003cc0       0x5c d:/progra~1/stmicr~1/stm32c~1/stm32c~1/gcc-ar~1/bin/../lib/gcc/arm-none-eabi/9.3.1/../../../../arm-none-eabi/lib/thumb/v7-m/nofp\libg_nano.a(lib_a-reent.o)
